#
# There is insufficient memory for the Java Runtime Environment to continue.
# Native memory allocation (malloc) failed to allocate 1576656 bytes. Error detail: Chunk::new
# Possible reasons:
#   The system is out of physical RAM or swap space
#   This process is running with CompressedOops enabled, and the Java Heap may be blocking the growth of the native heap
# Possible solutions:
#   Reduce memory load on the system
#   Increase physical memory or swap space
#   Check if swap backing store is full
#   Decrease Java heap size (-Xmx/-Xms)
#   Decrease number of Java threads
#   Decrease Java thread stack sizes (-Xss)
#   Set larger code cache with -XX:ReservedCodeCacheSize=
#   JVM is running with Unscaled Compressed Oops mode in which the Java heap is
#     placed in the first 4GB address space. The Java Heap base address is the
#     maximum limit for the native heap growth. Please use -XX:HeapBaseMinAddress
#     to set the Java Heap base and to place the Java Heap above 4GB virtual address.
# This output file may be truncated or incomplete.
#
#  Out of Memory Error (arena.cpp:168), pid=17492, tid=40460
#
# JRE version: OpenJDK Runtime Environment (21.0.6) (build 21.0.6+-13368085-b895.109)
# Java VM: OpenJDK 64-Bit Server VM (21.0.6+-13368085-b895.109, mixed mode, tiered, compressed oops, compressed class ptrs, g1 gc, windows-amd64)
# No core dump will be written. Minidumps are not enabled by default on client versions of Windows
#

---------------  S U M M A R Y ------------

Command Line: --add-opens=java.base/java.lang=ALL-UNNAMED --add-opens=java.base/java.lang.invoke=ALL-UNNAMED --add-opens=java.base/java.util=ALL-UNNAMED --add-opens=java.prefs/java.util.prefs=ALL-UNNAMED --add-exports=jdk.compiler/com.sun.tools.javac.api=ALL-UNNAMED --add-exports=jdk.compiler/com.sun.tools.javac.util=ALL-UNNAMED --add-opens=java.base/java.util=ALL-UNNAMED --add-opens=java.prefs/java.util.prefs=ALL-UNNAMED --add-opens=java.base/java.nio.charset=ALL-UNNAMED --add-opens=java.base/java.net=ALL-UNNAMED --add-opens=java.base/java.util.concurrent.atomic=ALL-UNNAMED --add-opens=java.xml/javax.xml.namespace=ALL-UNNAMED -Xmx2048m -Dfile.encoding=UTF-8 -Duser.country=GB -Duser.language=en -Duser.variant -javaagent:C:\Users\natas\.gradle\wrapper\dists\gradle-8.11.1-bin\bpt9gzteqjrbo1mjrsomdt32c\gradle-8.11.1\lib\agents\gradle-instrumentation-agent-8.11.1.jar org.gradle.launcher.daemon.bootstrap.GradleDaemon 8.11.1

Host: AMD Ryzen 5 5625U with Radeon Graphics         , 12 cores, 7G,  Windows 11 , 64 bit Build 26100 (10.0.26100.4202)
Time: Fri Jul  4 20:32:25 2025 E. Africa Standard Time elapsed time: 733.584731 seconds (0d 0h 12m 13s)

---------------  T H R E A D  ---------------

Current thread (0x000001d9caba9680):  JavaThread "C2 CompilerThread0" daemon [_thread_in_native, id=40460, stack(0x000000ac53200000,0x000000ac53300000) (1024K)]


Current CompileTask:
C2:733586 7129   !   4       java.net.URLClassLoader::findClass (47 bytes)

Stack: [0x000000ac53200000,0x000000ac53300000]
Native frames: (J=compiled Java code, j=interpreted, Vv=VM code, C=native code)
V  [jvm.dll+0x6d0639]
V  [jvm.dll+0x85eb03]
V  [jvm.dll+0x86105e]
V  [jvm.dll+0x861743]
V  [jvm.dll+0x27e6e6]
V  [jvm.dll+0xbff6d]
V  [jvm.dll+0xc04a3]
V  [jvm.dll+0x3b6171]
V  [jvm.dll+0x3820c7]
V  [jvm.dll+0x38153a]
V  [jvm.dll+0x247c82]
V  [jvm.dll+0x247251]
V  [jvm.dll+0x1c5f04]
V  [jvm.dll+0x2569ac]
V  [jvm.dll+0x254ef6]
V  [jvm.dll+0x3f0e96]
V  [jvm.dll+0x806ed8]
V  [jvm.dll+0x6cef0d]
C  [ucrtbase.dll+0x37b0]
C  [KERNEL32.DLL+0x2e8d7]
C  [ntdll.dll+0x3c34c]


---------------  P R O C E S S  ---------------

Threads class SMR info:
_java_thread_list=0x000001d9d1e601f0, length=66, elements={
0x000001d9b2e90610, 0x000001d9cabc2110, 0x000001d9cabc6b80, 0x000001d9cabc81c0,
0x000001d9caba6a40, 0x000001d9caba7490, 0x000001d9caba8900, 0x000001d9caba9680,
0x000001d9cabaa9e0, 0x000001d9cad3ade0, 0x000001d9cf050ca0, 0x000001d9d03bf140,
0x000001d9d04808d0, 0x000001d9d08096a0, 0x000001d9cfdbd060, 0x000001d9cf0ef250,
0x000001d9cffd66f0, 0x000001d9cfabf540, 0x000001d9d06b7b00, 0x000001d9d06b53a0,
0x000001d9d06b4d10, 0x000001d9d06b5a30, 0x000001d9d06b60c0, 0x000001d9d1e40c70,
0x000001d9d1e3eba0, 0x000001d9d1e3f8c0, 0x000001d9d1e41990, 0x000001d9d1e3e510,
0x000001d9d1e41300, 0x000001d9d1e3ff50, 0x000001d9d1e42020, 0x000001d9d1e426b0,
0x000001d9d1e3f230, 0x000001d9d1e44780, 0x000001d9d1e44e10, 0x000001d9d1e42d40,
0x000001d9d1e440f0, 0x000001d9d1e454a0, 0x000001d9d1e45b30, 0x000001d9d1e433d0,
0x000001d9d1e43a60, 0x000001d9d1458bf0, 0x000001d9d1459fa0, 0x000001d9d145a630,
0x000001d9d145d420, 0x000001d9d145ee60, 0x000001d9d145c070, 0x000001d9d145cd90,
0x000001d9d145dab0, 0x000001d9d145e7d0, 0x000001d9d145f4f0, 0x000001d9d145fb80,
0x000001d9d145c700, 0x000001d9d06b6750, 0x000001d9d06b6de0, 0x000001d9d0df4c50,
0x000001d9d0df17d0, 0x000001d9d0df3210, 0x000001d9d0df52e0, 0x000001d9d0df3f30,
0x000001d9d0df1e60, 0x000001d9d0df38a0, 0x000001d9d0df5970, 0x000001d9d0df45c0,
0x000001d9d0df24f0, 0x000001d9d0df6690
}

Java Threads: ( => current thread )
  0x000001d9b2e90610 JavaThread "main"                              [_thread_blocked, id=33748, stack(0x000000ac52400000,0x000000ac52500000) (1024K)]
  0x000001d9cabc2110 JavaThread "Reference Handler"          daemon [_thread_blocked, id=36872, stack(0x000000ac52c00000,0x000000ac52d00000) (1024K)]
  0x000001d9cabc6b80 JavaThread "Finalizer"                  daemon [_thread_blocked, id=32636, stack(0x000000ac52d00000,0x000000ac52e00000) (1024K)]
  0x000001d9cabc81c0 JavaThread "Signal Dispatcher"          daemon [_thread_blocked, id=18968, stack(0x000000ac52e00000,0x000000ac52f00000) (1024K)]
  0x000001d9caba6a40 JavaThread "Attach Listener"            daemon [_thread_blocked, id=33040, stack(0x000000ac52f00000,0x000000ac53000000) (1024K)]
  0x000001d9caba7490 JavaThread "Service Thread"             daemon [_thread_blocked, id=21488, stack(0x000000ac53000000,0x000000ac53100000) (1024K)]
  0x000001d9caba8900 JavaThread "Monitor Deflation Thread"   daemon [_thread_blocked, id=18368, stack(0x000000ac53100000,0x000000ac53200000) (1024K)]
=>0x000001d9caba9680 JavaThread "C2 CompilerThread0"         daemon [_thread_in_native, id=40460, stack(0x000000ac53200000,0x000000ac53300000) (1024K)]
  0x000001d9cabaa9e0 JavaThread "C1 CompilerThread0"         daemon [_thread_blocked, id=38204, stack(0x000000ac53300000,0x000000ac53400000) (1024K)]
  0x000001d9cad3ade0 JavaThread "Common-Cleaner"             daemon [_thread_blocked, id=29892, stack(0x000000ac53400000,0x000000ac53500000) (1024K)]
  0x000001d9cf050ca0 JavaThread "Notification Thread"        daemon [_thread_blocked, id=12196, stack(0x000000ac53500000,0x000000ac53600000) (1024K)]
  0x000001d9d03bf140 JavaThread "Daemon health stats"               [_thread_blocked, id=32740, stack(0x000000ac53a00000,0x000000ac53b00000) (1024K)]
  0x000001d9d04808d0 JavaThread "Incoming local TCP Connector on port 48205"        [_thread_in_native, id=11660, stack(0x000000ac54000000,0x000000ac54100000) (1024K)]
  0x000001d9d08096a0 JavaThread "Daemon periodic checks"            [_thread_blocked, id=3816, stack(0x000000ac54100000,0x000000ac54200000) (1024K)]
  0x000001d9cfdbd060 JavaThread "Daemon"                            [_thread_blocked, id=39564, stack(0x000000ac52100000,0x000000ac52200000) (1024K)]
  0x000001d9cf0ef250 JavaThread "Handler for socket connection from /127.0.0.1:48205 to /127.0.0.1:48216"        [_thread_in_native, id=39416, stack(0x000000ac52200000,0x000000ac52300000) (1024K)]
  0x000001d9cffd66f0 JavaThread "Cancel handler"                    [_thread_blocked, id=33764, stack(0x000000ac54200000,0x000000ac54300000) (1024K)]
  0x000001d9cfabf540 JavaThread "Daemon worker"                     [_thread_in_vm, id=33824, stack(0x000000ac54300000,0x000000ac54400000) (1024K)]
  0x000001d9d06b7b00 JavaThread "Asynchronous log dispatcher for DefaultDaemonConnection: socket connection from /127.0.0.1:48205 to /127.0.0.1:48216"        [_thread_blocked, id=7800, stack(0x000000ac54400000,0x000000ac54500000) (1024K)]
  0x000001d9d06b53a0 JavaThread "Stdin handler"                     [_thread_blocked, id=35644, stack(0x000000ac54500000,0x000000ac54600000) (1024K)]
  0x000001d9d06b4d10 JavaThread "Daemon client event forwarder"        [_thread_blocked, id=35420, stack(0x000000ac54600000,0x000000ac54700000) (1024K)]
  0x000001d9d06b5a30 JavaThread "Cache worker for journal cache (C:\Users\natas\.gradle\caches\journal-1)"        [_thread_blocked, id=1892, stack(0x000000ac54900000,0x000000ac54a00000) (1024K)]
  0x000001d9d06b60c0 JavaThread "File lock request listener"        [_thread_in_native, id=40408, stack(0x000000ac54a00000,0x000000ac54b00000) (1024K)]
  0x000001d9d1e40c70 JavaThread "Cache worker for file hash cache (C:\Users\natas\.gradle\caches\8.11.1\fileHashes)"        [_thread_blocked, id=26648, stack(0x000000ac54c00000,0x000000ac54d00000) (1024K)]
  0x000001d9d1e3eba0 JavaThread "Cache worker for file content cache (C:\Users\natas\.gradle\caches\8.11.1\fileContent)"        [_thread_blocked, id=17616, stack(0x000000ac54d00000,0x000000ac54e00000) (1024K)]
  0x000001d9d1e3f8c0 JavaThread "Cache worker for file hash cache (C:\Users\natas\AndroidStudioProjects\MyApplication3\.gradle\8.11.1\fileHashes)"        [_thread_blocked, id=392, stack(0x000000ac52300000,0x000000ac52400000) (1024K)]
  0x000001d9d1e41990 JavaThread "Cache worker for Build Output Cleanup Cache (C:\Users\natas\AndroidStudioProjects\MyApplication3\.gradle\buildOutputCleanup)"        [_thread_blocked, id=27172, stack(0x000000ac54e00000,0x000000ac54f00000) (1024K)]
  0x000001d9d1e3e510 JavaThread "File watcher server"        daemon [_thread_in_native, id=39748, stack(0x000000ac54f00000,0x000000ac55000000) (1024K)]
  0x000001d9d1e41300 JavaThread "File watcher consumer"      daemon [_thread_blocked, id=18692, stack(0x000000ac55000000,0x000000ac55100000) (1024K)]
  0x000001d9d1e3ff50 JavaThread "jar transforms"                    [_thread_blocked, id=30692, stack(0x000000ac55100000,0x000000ac55200000) (1024K)]
  0x000001d9d1e42020 JavaThread "jar transforms Thread 2"           [_thread_blocked, id=936, stack(0x000000ac55200000,0x000000ac55300000) (1024K)]
  0x000001d9d1e426b0 JavaThread "jar transforms Thread 3"           [_thread_blocked, id=39116, stack(0x000000ac55300000,0x000000ac55400000) (1024K)]
  0x000001d9d1e3f230 JavaThread "jar transforms Thread 4"           [_thread_blocked, id=34188, stack(0x000000ac55400000,0x000000ac55500000) (1024K)]
  0x000001d9d1e44780 JavaThread "jar transforms Thread 5"           [_thread_blocked, id=5672, stack(0x000000ac55500000,0x000000ac55600000) (1024K)]
  0x000001d9d1e44e10 JavaThread "jar transforms Thread 6"           [_thread_blocked, id=24352, stack(0x000000ac55600000,0x000000ac55700000) (1024K)]
  0x000001d9d1e42d40 JavaThread "jar transforms Thread 7"           [_thread_blocked, id=1548, stack(0x000000ac55700000,0x000000ac55800000) (1024K)]
  0x000001d9d1e440f0 JavaThread "jar transforms Thread 8"           [_thread_blocked, id=24772, stack(0x000000ac55800000,0x000000ac55900000) (1024K)]
  0x000001d9d1e454a0 JavaThread "jar transforms Thread 9"           [_thread_blocked, id=20284, stack(0x000000ac55900000,0x000000ac55a00000) (1024K)]
  0x000001d9d1e45b30 JavaThread "jar transforms Thread 10"          [_thread_blocked, id=38696, stack(0x000000ac55a00000,0x000000ac55b00000) (1024K)]
  0x000001d9d1e433d0 JavaThread "jar transforms Thread 11"          [_thread_blocked, id=22956, stack(0x000000ac55b00000,0x000000ac55c00000) (1024K)]
  0x000001d9d1e43a60 JavaThread "jar transforms Thread 12"          [_thread_blocked, id=33528, stack(0x000000ac55c00000,0x000000ac55d00000) (1024K)]
  0x000001d9d1458bf0 JavaThread "Cache worker for checksums cache (C:\Users\natas\AndroidStudioProjects\MyApplication3\.gradle\8.11.1\checksums)"        [_thread_blocked, id=38336, stack(0x000000ac55d00000,0x000000ac55e00000) (1024K)]
  0x000001d9d1459fa0 JavaThread "Cache worker for cache directory md-rule (C:\Users\natas\.gradle\caches\8.11.1\md-rule)"        [_thread_blocked, id=31708, stack(0x000000ac55e00000,0x000000ac55f00000) (1024K)]
  0x000001d9d145a630 JavaThread "Cache worker for cache directory md-supplier (C:\Users\natas\.gradle\caches\8.11.1\md-supplier)"        [_thread_blocked, id=21940, stack(0x000000ac55f00000,0x000000ac56000000) (1024K)]
  0x000001d9d145d420 JavaThread "Unconstrained build operations"        [_thread_blocked, id=940, stack(0x000000ac54b00000,0x000000ac54c00000) (1024K)]
  0x000001d9d145ee60 JavaThread "Unconstrained build operations Thread 2"        [_thread_blocked, id=21248, stack(0x000000ac56000000,0x000000ac56100000) (1024K)]
  0x000001d9d145c070 JavaThread "Unconstrained build operations Thread 3"        [_thread_blocked, id=39060, stack(0x000000ac56200000,0x000000ac56300000) (1024K)]
  0x000001d9d145cd90 JavaThread "Unconstrained build operations Thread 4"        [_thread_blocked, id=27704, stack(0x000000ac56300000,0x000000ac56400000) (1024K)]
  0x000001d9d145dab0 JavaThread "Unconstrained build operations Thread 5"        [_thread_blocked, id=39476, stack(0x000000ac56400000,0x000000ac56500000) (1024K)]
  0x000001d9d145e7d0 JavaThread "Unconstrained build operations Thread 6"        [_thread_blocked, id=13544, stack(0x000000ac56500000,0x000000ac56600000) (1024K)]
  0x000001d9d145f4f0 JavaThread "Unconstrained build operations Thread 7"        [_thread_blocked, id=26764, stack(0x000000ac56600000,0x000000ac56700000) (1024K)]
  0x000001d9d145fb80 JavaThread "Unconstrained build operations Thread 8"        [_thread_blocked, id=25760, stack(0x000000ac56700000,0x000000ac56800000) (1024K)]
  0x000001d9d145c700 JavaThread "Unconstrained build operations Thread 9"        [_thread_blocked, id=26872, stack(0x000000ac56800000,0x000000ac56900000) (1024K)]
  0x000001d9d06b6750 JavaThread "Unconstrained build operations Thread 10"        [_thread_blocked, id=27652, stack(0x000000ac56900000,0x000000ac56a00000) (1024K)]
  0x000001d9d06b6de0 JavaThread "Unconstrained build operations Thread 11"        [_thread_blocked, id=28236, stack(0x000000ac56a00000,0x000000ac56b00000) (1024K)]
  0x000001d9d0df4c50 JavaThread "Unconstrained build operations Thread 12"        [_thread_blocked, id=33220, stack(0x000000ac56b00000,0x000000ac56c00000) (1024K)]
  0x000001d9d0df17d0 JavaThread "Unconstrained build operations Thread 13"        [_thread_blocked, id=18420, stack(0x000000ac56c00000,0x000000ac56d00000) (1024K)]
  0x000001d9d0df3210 JavaThread "Unconstrained build operations Thread 14"        [_thread_blocked, id=38604, stack(0x000000ac56d00000,0x000000ac56e00000) (1024K)]
  0x000001d9d0df52e0 JavaThread "Unconstrained build operations Thread 15"        [_thread_blocked, id=23456, stack(0x000000ac56e00000,0x000000ac56f00000) (1024K)]
  0x000001d9d0df3f30 JavaThread "Unconstrained build operations Thread 16"        [_thread_blocked, id=28532, stack(0x000000ac56f00000,0x000000ac57000000) (1024K)]
  0x000001d9d0df1e60 JavaThread "Unconstrained build operations Thread 17"        [_thread_blocked, id=32104, stack(0x000000ac57000000,0x000000ac57100000) (1024K)]
  0x000001d9d0df38a0 JavaThread "Unconstrained build operations Thread 18"        [_thread_blocked, id=40924, stack(0x000000ac57100000,0x000000ac57200000) (1024K)]
  0x000001d9d0df5970 JavaThread "Unconstrained build operations Thread 19"        [_thread_blocked, id=6148, stack(0x000000ac57200000,0x000000ac57300000) (1024K)]
  0x000001d9d0df45c0 JavaThread "Unconstrained build operations Thread 20"        [_thread_blocked, id=28528, stack(0x000000ac57300000,0x000000ac57400000) (1024K)]
  0x000001d9d0df24f0 JavaThread "Unconstrained build operations Thread 21"        [_thread_blocked, id=16316, stack(0x000000ac57400000,0x000000ac57500000) (1024K)]
  0x000001d9d0df6690 JavaThread "File lock release action executor Thread 3"        [_thread_blocked, id=40204, stack(0x000000ac56100000,0x000000ac56200000) (1024K)]
Total: 66

Other Threads:
  0x000001d9cab54bf0 VMThread "VM Thread"                           [id=16840, stack(0x000000ac52b00000,0x000000ac52c00000) (1024K)]
  0x000001d9ca87a9b0 WatcherThread "VM Periodic Task Thread"        [id=30796, stack(0x000000ac52a00000,0x000000ac52b00000) (1024K)]
  0x000001d9b0aadfa0 WorkerThread "GC Thread#0"                     [id=26356, stack(0x000000ac52500000,0x000000ac52600000) (1024K)]
  0x000001d9cf2803e0 WorkerThread "GC Thread#1"                     [id=25844, stack(0x000000ac53600000,0x000000ac53700000) (1024K)]
  0x000001d9cf5aa3b0 WorkerThread "GC Thread#2"                     [id=35592, stack(0x000000ac53700000,0x000000ac53800000) (1024K)]
  0x000001d9cfa19670 WorkerThread "GC Thread#3"                     [id=11096, stack(0x000000ac53800000,0x000000ac53900000) (1024K)]
  0x000001d9cad702b0 WorkerThread "GC Thread#4"                     [id=36420, stack(0x000000ac53900000,0x000000ac53a00000) (1024K)]
  0x000001d9cfe04010 WorkerThread "GC Thread#5"                     [id=23440, stack(0x000000ac53b00000,0x000000ac53c00000) (1024K)]
  0x000001d9cad71210 WorkerThread "GC Thread#6"                     [id=32332, stack(0x000000ac53c00000,0x000000ac53d00000) (1024K)]
  0x000001d9cfa40fc0 WorkerThread "GC Thread#7"                     [id=33416, stack(0x000000ac53d00000,0x000000ac53e00000) (1024K)]
  0x000001d9cfa41360 WorkerThread "GC Thread#8"                     [id=35576, stack(0x000000ac53e00000,0x000000ac53f00000) (1024K)]
  0x000001d9cfa41700 WorkerThread "GC Thread#9"                     [id=3780, stack(0x000000ac53f00000,0x000000ac54000000) (1024K)]
  0x000001d9b2ef5230 ConcurrentGCThread "G1 Main Marker"            [id=40468, stack(0x000000ac52600000,0x000000ac52700000) (1024K)]
  0x000001d9b2ef5b40 WorkerThread "G1 Conc#0"                       [id=37008, stack(0x000000ac52700000,0x000000ac52800000) (1024K)]
  0x000001d9d05f8e10 WorkerThread "G1 Conc#1"                       [id=6808, stack(0x000000ac54700000,0x000000ac54800000) (1024K)]
  0x000001d9d05f91b0 WorkerThread "G1 Conc#2"                       [id=22120, stack(0x000000ac54800000,0x000000ac54900000) (1024K)]
  0x000001d9b2f4e7d0 ConcurrentGCThread "G1 Refine#0"               [id=23428, stack(0x000000ac52800000,0x000000ac52900000) (1024K)]
  0x000001d9ca7474a0 ConcurrentGCThread "G1 Service"                [id=40136, stack(0x000000ac52900000,0x000000ac52a00000) (1024K)]
Total: 18

Threads with active compile tasks:
C2 CompilerThread0  734532 7129   !   4       java.net.URLClassLoader::findClass (47 bytes)
Total: 1

VM state: not at safepoint (normal execution)

VM Mutex/Monitor currently owned by a thread: None

Heap address: 0x0000000080000000, size: 2048 MB, Compressed Oops mode: 32-bit

CDS archive(s) not mapped
Compressed class space mapped at: 0x0000000100000000-0x0000000140000000, reserved size: 1073741824
Narrow klass base: 0x0000000000000000, Narrow klass shift: 3, Narrow klass range: 0x140000000

GC Precious Log:
 CardTable entry size: 512
 Card Set container configuration: InlinePtr #cards 5 size 8 Array Of Cards #cards 12 size 40 Howl #buckets 4 coarsen threshold 1843 Howl Bitmap #cards 512 size 80 coarsen threshold 460 Card regions per heap region 1 cards per card region 2048
 CPUs: 12 total, 12 available
 Memory: 7531M
 Large Page Support: Disabled
 NUMA Support: Disabled
 Compressed Oops: Enabled (32-bit)
 Heap Region Size: 1M
 Heap Min Capacity: 8M
 Heap Initial Capacity: 118M
 Heap Max Capacity: 2G
 Pre-touch: Disabled
 Parallel Workers: 10
 Concurrent Workers: 3
 Concurrent Refinement Workers: 10
 Periodic GC: Disabled

Heap:
 garbage-first heap   total 167936K, used 100036K [0x0000000080000000, 0x0000000100000000)
  region size 1024K, 28 young (28672K), 1 survivors (1024K)
 Metaspace       used 68763K, committed 70400K, reserved 1114112K
  class space    used 9277K, committed 10112K, reserved 1048576K

Heap Regions: E=young(eden), S=young(survivor), O=old, HS=humongous(starts), HC=humongous(continues), CS=collection set, F=free, TAMS=top-at-mark-start, PB=parsable bottom
|   0|0x0000000080000000, 0x0000000080100000, 0x0000000080100000|100%| O|  |TAMS 0x0000000080000000| PB 0x0000000080000000| Untracked 
|   1|0x0000000080100000, 0x0000000080200000, 0x0000000080200000|100%|HS|  |TAMS 0x0000000080100000| PB 0x0000000080100000| Complete 
|   2|0x0000000080200000, 0x0000000080300000, 0x0000000080300000|100%|HC|  |TAMS 0x0000000080200000| PB 0x0000000080200000| Complete 
|   3|0x0000000080300000, 0x0000000080400000, 0x0000000080400000|100%|HC|  |TAMS 0x0000000080300000| PB 0x0000000080300000| Complete 
|   4|0x0000000080400000, 0x0000000080500000, 0x0000000080500000|100%| O|  |TAMS 0x0000000080400000| PB 0x0000000080400000| Untracked 
|   5|0x0000000080500000, 0x0000000080600000, 0x0000000080600000|100%| O|  |TAMS 0x0000000080500000| PB 0x0000000080500000| Untracked 
|   6|0x0000000080600000, 0x0000000080700000, 0x0000000080700000|100%| O|  |TAMS 0x0000000080600000| PB 0x0000000080600000| Untracked 
|   7|0x0000000080700000, 0x0000000080800000, 0x0000000080800000|100%| O|  |TAMS 0x0000000080700000| PB 0x0000000080700000| Untracked 
|   8|0x0000000080800000, 0x0000000080900000, 0x0000000080900000|100%| O|  |TAMS 0x0000000080800000| PB 0x0000000080800000| Untracked 
|   9|0x0000000080900000, 0x0000000080a00000, 0x0000000080a00000|100%| O|  |TAMS 0x0000000080900000| PB 0x0000000080900000| Untracked 
|  10|0x0000000080a00000, 0x0000000080b00000, 0x0000000080b00000|100%|HS|  |TAMS 0x0000000080a00000| PB 0x0000000080a00000| Complete 
|  11|0x0000000080b00000, 0x0000000080c00000, 0x0000000080c00000|100%| O|  |TAMS 0x0000000080b00000| PB 0x0000000080b00000| Untracked 
|  12|0x0000000080c00000, 0x0000000080d00000, 0x0000000080d00000|100%| O|  |TAMS 0x0000000080c00000| PB 0x0000000080c00000| Untracked 
|  13|0x0000000080d00000, 0x0000000080e00000, 0x0000000080e00000|100%| O|  |TAMS 0x0000000080d00000| PB 0x0000000080d00000| Untracked 
|  14|0x0000000080e00000, 0x0000000080f00000, 0x0000000080f00000|100%| O|  |TAMS 0x0000000080e00000| PB 0x0000000080e00000| Untracked 
|  15|0x0000000080f00000, 0x0000000081000000, 0x0000000081000000|100%| O|  |TAMS 0x0000000080f00000| PB 0x0000000080f00000| Untracked 
|  16|0x0000000081000000, 0x0000000081100000, 0x0000000081100000|100%| O|  |TAMS 0x0000000081000000| PB 0x0000000081000000| Untracked 
|  17|0x0000000081100000, 0x0000000081200000, 0x0000000081200000|100%| O|  |TAMS 0x0000000081100000| PB 0x0000000081100000| Untracked 
|  18|0x0000000081200000, 0x0000000081300000, 0x0000000081300000|100%| O|  |TAMS 0x0000000081200000| PB 0x0000000081200000| Untracked 
|  19|0x0000000081300000, 0x0000000081400000, 0x0000000081400000|100%| O|  |TAMS 0x0000000081300000| PB 0x0000000081300000| Untracked 
|  20|0x0000000081400000, 0x0000000081500000, 0x0000000081500000|100%| O|  |TAMS 0x0000000081400000| PB 0x0000000081400000| Untracked 
|  21|0x0000000081500000, 0x0000000081600000, 0x0000000081600000|100%|HS|  |TAMS 0x0000000081500000| PB 0x0000000081500000| Complete 
|  22|0x0000000081600000, 0x0000000081700000, 0x0000000081700000|100%|HC|  |TAMS 0x0000000081600000| PB 0x0000000081600000| Complete 
|  23|0x0000000081700000, 0x0000000081800000, 0x0000000081800000|100%|HC|  |TAMS 0x0000000081700000| PB 0x0000000081700000| Complete 
|  24|0x0000000081800000, 0x0000000081900000, 0x0000000081900000|100%|HC|  |TAMS 0x0000000081800000| PB 0x0000000081800000| Complete 
|  25|0x0000000081900000, 0x0000000081a00000, 0x0000000081a00000|100%|HC|  |TAMS 0x0000000081900000| PB 0x0000000081900000| Complete 
|  26|0x0000000081a00000, 0x0000000081b00000, 0x0000000081b00000|100%|HC|  |TAMS 0x0000000081a00000| PB 0x0000000081a00000| Complete 
|  27|0x0000000081b00000, 0x0000000081c00000, 0x0000000081c00000|100%| O|  |TAMS 0x0000000081b00000| PB 0x0000000081b00000| Untracked 
|  28|0x0000000081c00000, 0x0000000081d00000, 0x0000000081d00000|100%|HS|  |TAMS 0x0000000081c00000| PB 0x0000000081c00000| Complete 
|  29|0x0000000081d00000, 0x0000000081e00000, 0x0000000081e00000|100%|HC|  |TAMS 0x0000000081d00000| PB 0x0000000081d00000| Complete 
|  30|0x0000000081e00000, 0x0000000081f00000, 0x0000000081f00000|100%|HC|  |TAMS 0x0000000081e00000| PB 0x0000000081e00000| Complete 
|  31|0x0000000081f00000, 0x0000000082000000, 0x0000000082000000|100%|HC|  |TAMS 0x0000000081f00000| PB 0x0000000081f00000| Complete 
|  32|0x0000000082000000, 0x0000000082100000, 0x0000000082100000|100%|HS|  |TAMS 0x0000000082000000| PB 0x0000000082000000| Complete 
|  33|0x0000000082100000, 0x0000000082200000, 0x0000000082200000|100%| O|  |TAMS 0x0000000082100000| PB 0x0000000082100000| Untracked 
|  34|0x0000000082200000, 0x0000000082300000, 0x0000000082300000|100%| O|  |TAMS 0x0000000082200000| PB 0x0000000082200000| Untracked 
|  35|0x0000000082300000, 0x0000000082400000, 0x0000000082400000|100%|HS|  |TAMS 0x0000000082300000| PB 0x0000000082300000| Complete 
|  36|0x0000000082400000, 0x0000000082500000, 0x0000000082500000|100%|HC|  |TAMS 0x0000000082400000| PB 0x0000000082400000| Complete 
|  37|0x0000000082500000, 0x0000000082600000, 0x0000000082600000|100%| O|  |TAMS 0x0000000082500000| PB 0x0000000082500000| Untracked 
|  38|0x0000000082600000, 0x0000000082700000, 0x0000000082700000|100%| O|  |TAMS 0x0000000082600000| PB 0x0000000082600000| Untracked 
|  39|0x0000000082700000, 0x0000000082800000, 0x0000000082800000|100%| O|  |TAMS 0x0000000082700000| PB 0x0000000082700000| Untracked 
|  40|0x0000000082800000, 0x0000000082900000, 0x0000000082900000|100%| O|  |TAMS 0x0000000082800000| PB 0x0000000082800000| Untracked 
|  41|0x0000000082900000, 0x0000000082a00000, 0x0000000082a00000|100%| O|  |TAMS 0x0000000082900000| PB 0x0000000082900000| Untracked 
|  42|0x0000000082a00000, 0x0000000082b00000, 0x0000000082b00000|100%| O|  |TAMS 0x0000000082a00000| PB 0x0000000082a00000| Untracked 
|  43|0x0000000082b00000, 0x0000000082c00000, 0x0000000082c00000|100%| O|  |TAMS 0x0000000082b00000| PB 0x0000000082b00000| Untracked 
|  44|0x0000000082c00000, 0x0000000082d00000, 0x0000000082d00000|100%| O|  |TAMS 0x0000000082c00000| PB 0x0000000082c00000| Untracked 
|  45|0x0000000082d00000, 0x0000000082e00000, 0x0000000082e00000|100%| O|  |TAMS 0x0000000082d00000| PB 0x0000000082d00000| Untracked 
|  46|0x0000000082e00000, 0x0000000082f00000, 0x0000000082f00000|100%| O|  |TAMS 0x0000000082e00000| PB 0x0000000082e00000| Untracked 
|  47|0x0000000082f00000, 0x0000000083000000, 0x0000000083000000|100%| O|  |TAMS 0x0000000082f00000| PB 0x0000000082f00000| Untracked 
|  48|0x0000000083000000, 0x0000000083100000, 0x0000000083100000|100%|HS|  |TAMS 0x0000000083000000| PB 0x0000000083000000| Complete 
|  49|0x0000000083100000, 0x0000000083200000, 0x0000000083200000|100%| O|  |TAMS 0x0000000083100000| PB 0x0000000083100000| Untracked 
|  50|0x0000000083200000, 0x0000000083300000, 0x0000000083300000|100%| O|  |TAMS 0x0000000083200000| PB 0x0000000083200000| Untracked 
|  51|0x0000000083300000, 0x0000000083400000, 0x0000000083400000|100%|HS|  |TAMS 0x0000000083300000| PB 0x0000000083300000| Complete 
|  52|0x0000000083400000, 0x0000000083500000, 0x0000000083500000|100%|HC|  |TAMS 0x0000000083400000| PB 0x0000000083400000| Complete 
|  53|0x0000000083500000, 0x0000000083600000, 0x0000000083600000|100%| O|  |TAMS 0x0000000083500000| PB 0x0000000083500000| Untracked 
|  54|0x0000000083600000, 0x0000000083700000, 0x0000000083700000|100%|HS|  |TAMS 0x0000000083600000| PB 0x0000000083600000| Complete 
|  55|0x0000000083700000, 0x0000000083800000, 0x0000000083800000|100%|HC|  |TAMS 0x0000000083700000| PB 0x0000000083700000| Complete 
|  56|0x0000000083800000, 0x0000000083900000, 0x0000000083900000|100%|HC|  |TAMS 0x0000000083800000| PB 0x0000000083800000| Complete 
|  57|0x0000000083900000, 0x0000000083a00000, 0x0000000083a00000|100%|HC|  |TAMS 0x0000000083900000| PB 0x0000000083900000| Complete 
|  58|0x0000000083a00000, 0x0000000083b00000, 0x0000000083b00000|100%|HC|  |TAMS 0x0000000083a00000| PB 0x0000000083a00000| Complete 
|  59|0x0000000083b00000, 0x0000000083c00000, 0x0000000083c00000|100%|HC|  |TAMS 0x0000000083b00000| PB 0x0000000083b00000| Complete 
|  60|0x0000000083c00000, 0x0000000083d00000, 0x0000000083d00000|100%| O|  |TAMS 0x0000000083c00000| PB 0x0000000083c00000| Untracked 
|  61|0x0000000083d00000, 0x0000000083e00000, 0x0000000083e00000|100%|HS|  |TAMS 0x0000000083d00000| PB 0x0000000083d00000| Complete 
|  62|0x0000000083e00000, 0x0000000083f00000, 0x0000000083f00000|100%|HC|  |TAMS 0x0000000083e00000| PB 0x0000000083e00000| Complete 
|  63|0x0000000083f00000, 0x0000000084000000, 0x0000000084000000|100%|HC|  |TAMS 0x0000000083f00000| PB 0x0000000083f00000| Complete 
|  64|0x0000000084000000, 0x0000000084100000, 0x0000000084100000|100%|HC|  |TAMS 0x0000000084000000| PB 0x0000000084000000| Complete 
|  65|0x0000000084100000, 0x0000000084200000, 0x0000000084200000|100%|HC|  |TAMS 0x0000000084100000| PB 0x0000000084100000| Complete 
|  66|0x0000000084200000, 0x0000000084300000, 0x0000000084300000|100%|HC|  |TAMS 0x0000000084200000| PB 0x0000000084200000| Complete 
|  67|0x0000000084300000, 0x0000000084400000, 0x0000000084400000|100%| O|  |TAMS 0x0000000084300000| PB 0x0000000084300000| Untracked 
|  68|0x0000000084400000, 0x0000000084500000, 0x0000000084500000|100%| O|  |TAMS 0x0000000084400000| PB 0x0000000084400000| Untracked 
|  69|0x0000000084500000, 0x0000000084600000, 0x0000000084600000|100%| O|  |TAMS 0x0000000084500000| PB 0x0000000084500000| Untracked 
|  70|0x0000000084600000, 0x0000000084700000, 0x0000000084700000|100%| O|  |TAMS 0x0000000084600000| PB 0x0000000084600000| Untracked 
|  71|0x0000000084700000, 0x0000000084800000, 0x0000000084800000|100%| O|  |TAMS 0x0000000084700000| PB 0x0000000084700000| Untracked 
|  72|0x0000000084800000, 0x000000008483c6a0, 0x0000000084900000| 23%| O|  |TAMS 0x0000000084800000| PB 0x0000000084800000| Untracked 
|  73|0x0000000084900000, 0x0000000084900000, 0x0000000084a00000|  0%| F|  |TAMS 0x0000000084900000| PB 0x0000000084900000| Untracked 
|  74|0x0000000084a00000, 0x0000000084a00000, 0x0000000084b00000|  0%| F|  |TAMS 0x0000000084a00000| PB 0x0000000084a00000| Untracked 
|  75|0x0000000084b00000, 0x0000000084b00000, 0x0000000084c00000|  0%| F|  |TAMS 0x0000000084b00000| PB 0x0000000084b00000| Untracked 
|  76|0x0000000084c00000, 0x0000000084c00000, 0x0000000084d00000|  0%| F|  |TAMS 0x0000000084c00000| PB 0x0000000084c00000| Untracked 
|  77|0x0000000084d00000, 0x0000000084d00000, 0x0000000084e00000|  0%| F|  |TAMS 0x0000000084d00000| PB 0x0000000084d00000| Untracked 
|  78|0x0000000084e00000, 0x0000000084e00000, 0x0000000084f00000|  0%| F|  |TAMS 0x0000000084e00000| PB 0x0000000084e00000| Untracked 
|  79|0x0000000084f00000, 0x0000000084f00000, 0x0000000085000000|  0%| F|  |TAMS 0x0000000084f00000| PB 0x0000000084f00000| Untracked 
|  80|0x0000000085000000, 0x0000000085000000, 0x0000000085100000|  0%| F|  |TAMS 0x0000000085000000| PB 0x0000000085000000| Untracked 
|  81|0x0000000085100000, 0x0000000085100000, 0x0000000085200000|  0%| F|  |TAMS 0x0000000085100000| PB 0x0000000085100000| Untracked 
|  82|0x0000000085200000, 0x0000000085200000, 0x0000000085300000|  0%| F|  |TAMS 0x0000000085200000| PB 0x0000000085200000| Untracked 
|  83|0x0000000085300000, 0x0000000085300000, 0x0000000085400000|  0%| F|  |TAMS 0x0000000085300000| PB 0x0000000085300000| Untracked 
|  84|0x0000000085400000, 0x0000000085400000, 0x0000000085500000|  0%| F|  |TAMS 0x0000000085400000| PB 0x0000000085400000| Untracked 
|  85|0x0000000085500000, 0x0000000085500000, 0x0000000085600000|  0%| F|  |TAMS 0x0000000085500000| PB 0x0000000085500000| Untracked 
|  86|0x0000000085600000, 0x0000000085600000, 0x0000000085700000|  0%| F|  |TAMS 0x0000000085600000| PB 0x0000000085600000| Untracked 
|  87|0x0000000085700000, 0x0000000085700000, 0x0000000085800000|  0%| F|  |TAMS 0x0000000085700000| PB 0x0000000085700000| Untracked 
|  88|0x0000000085800000, 0x0000000085800000, 0x0000000085900000|  0%| F|  |TAMS 0x0000000085800000| PB 0x0000000085800000| Untracked 
|  89|0x0000000085900000, 0x0000000085900000, 0x0000000085a00000|  0%| F|  |TAMS 0x0000000085900000| PB 0x0000000085900000| Untracked 
|  90|0x0000000085a00000, 0x0000000085a00000, 0x0000000085b00000|  0%| F|  |TAMS 0x0000000085a00000| PB 0x0000000085a00000| Untracked 
|  91|0x0000000085b00000, 0x0000000085b00000, 0x0000000085c00000|  0%| F|  |TAMS 0x0000000085b00000| PB 0x0000000085b00000| Untracked 
|  92|0x0000000085c00000, 0x0000000085c00000, 0x0000000085d00000|  0%| F|  |TAMS 0x0000000085c00000| PB 0x0000000085c00000| Untracked 
|  93|0x0000000085d00000, 0x0000000085d00000, 0x0000000085e00000|  0%| F|  |TAMS 0x0000000085d00000| PB 0x0000000085d00000| Untracked 
|  94|0x0000000085e00000, 0x0000000085e00000, 0x0000000085f00000|  0%| F|  |TAMS 0x0000000085e00000| PB 0x0000000085e00000| Untracked 
|  95|0x0000000085f00000, 0x0000000085f00000, 0x0000000086000000|  0%| F|  |TAMS 0x0000000085f00000| PB 0x0000000085f00000| Untracked 
|  96|0x0000000086000000, 0x0000000086000000, 0x0000000086100000|  0%| F|  |TAMS 0x0000000086000000| PB 0x0000000086000000| Untracked 
|  97|0x0000000086100000, 0x0000000086100000, 0x0000000086200000|  0%| F|  |TAMS 0x0000000086100000| PB 0x0000000086100000| Untracked 
|  98|0x0000000086200000, 0x0000000086200000, 0x0000000086300000|  0%| F|  |TAMS 0x0000000086200000| PB 0x0000000086200000| Untracked 
|  99|0x0000000086300000, 0x0000000086300000, 0x0000000086400000|  0%| F|  |TAMS 0x0000000086300000| PB 0x0000000086300000| Untracked 
| 100|0x0000000086400000, 0x0000000086400000, 0x0000000086500000|  0%| F|  |TAMS 0x0000000086400000| PB 0x0000000086400000| Untracked 
| 101|0x0000000086500000, 0x0000000086500000, 0x0000000086600000|  0%| F|  |TAMS 0x0000000086500000| PB 0x0000000086500000| Untracked 
| 102|0x0000000086600000, 0x0000000086600000, 0x0000000086700000|  0%| F|  |TAMS 0x0000000086600000| PB 0x0000000086600000| Untracked 
| 103|0x0000000086700000, 0x0000000086700000, 0x0000000086800000|  0%| F|  |TAMS 0x0000000086700000| PB 0x0000000086700000| Untracked 
| 104|0x0000000086800000, 0x0000000086800000, 0x0000000086900000|  0%| F|  |TAMS 0x0000000086800000| PB 0x0000000086800000| Untracked 
| 105|0x0000000086900000, 0x0000000086900000, 0x0000000086a00000|  0%| F|  |TAMS 0x0000000086900000| PB 0x0000000086900000| Untracked 
| 106|0x0000000086a00000, 0x0000000086a00000, 0x0000000086b00000|  0%| F|  |TAMS 0x0000000086a00000| PB 0x0000000086a00000| Untracked 
| 107|0x0000000086b00000, 0x0000000086b00000, 0x0000000086c00000|  0%| F|  |TAMS 0x0000000086b00000| PB 0x0000000086b00000| Untracked 
| 108|0x0000000086c00000, 0x0000000086c00000, 0x0000000086d00000|  0%| F|  |TAMS 0x0000000086c00000| PB 0x0000000086c00000| Untracked 
| 109|0x0000000086d00000, 0x0000000086d00000, 0x0000000086e00000|  0%| F|  |TAMS 0x0000000086d00000| PB 0x0000000086d00000| Untracked 
| 110|0x0000000086e00000, 0x0000000086e00000, 0x0000000086f00000|  0%| F|  |TAMS 0x0000000086e00000| PB 0x0000000086e00000| Untracked 
| 111|0x0000000086f00000, 0x0000000086f00000, 0x0000000087000000|  0%| F|  |TAMS 0x0000000086f00000| PB 0x0000000086f00000| Untracked 
| 112|0x0000000087000000, 0x0000000087000000, 0x0000000087100000|  0%| F|  |TAMS 0x0000000087000000| PB 0x0000000087000000| Untracked 
| 113|0x0000000087100000, 0x0000000087100000, 0x0000000087200000|  0%| F|  |TAMS 0x0000000087100000| PB 0x0000000087100000| Untracked 
| 114|0x0000000087200000, 0x0000000087200000, 0x0000000087300000|  0%| F|  |TAMS 0x0000000087200000| PB 0x0000000087200000| Untracked 
| 115|0x0000000087300000, 0x0000000087300000, 0x0000000087400000|  0%| F|  |TAMS 0x0000000087300000| PB 0x0000000087300000| Untracked 
| 116|0x0000000087400000, 0x0000000087400000, 0x0000000087500000|  0%| F|  |TAMS 0x0000000087400000| PB 0x0000000087400000| Untracked 
| 117|0x0000000087500000, 0x0000000087500000, 0x0000000087600000|  0%| F|  |TAMS 0x0000000087500000| PB 0x0000000087500000| Untracked 
| 118|0x0000000087600000, 0x0000000087600000, 0x0000000087700000|  0%| F|  |TAMS 0x0000000087600000| PB 0x0000000087600000| Untracked 
| 119|0x0000000087700000, 0x0000000087700000, 0x0000000087800000|  0%| F|  |TAMS 0x0000000087700000| PB 0x0000000087700000| Untracked 
| 120|0x0000000087800000, 0x0000000087800000, 0x0000000087900000|  0%| F|  |TAMS 0x0000000087800000| PB 0x0000000087800000| Untracked 
| 121|0x0000000087900000, 0x0000000087900000, 0x0000000087a00000|  0%| F|  |TAMS 0x0000000087900000| PB 0x0000000087900000| Untracked 
| 122|0x0000000087a00000, 0x0000000087a00000, 0x0000000087b00000|  0%| F|  |TAMS 0x0000000087a00000| PB 0x0000000087a00000| Untracked 
| 123|0x0000000087b00000, 0x0000000087b00000, 0x0000000087c00000|  0%| F|  |TAMS 0x0000000087b00000| PB 0x0000000087b00000| Untracked 
| 124|0x0000000087c00000, 0x0000000087c00000, 0x0000000087d00000|  0%| F|  |TAMS 0x0000000087c00000| PB 0x0000000087c00000| Untracked 
| 125|0x0000000087d00000, 0x0000000087d00000, 0x0000000087e00000|  0%| F|  |TAMS 0x0000000087d00000| PB 0x0000000087d00000| Untracked 
| 126|0x0000000087e00000, 0x0000000087e00000, 0x0000000087f00000|  0%| F|  |TAMS 0x0000000087e00000| PB 0x0000000087e00000| Untracked 
| 127|0x0000000087f00000, 0x0000000087f00000, 0x0000000088000000|  0%| F|  |TAMS 0x0000000087f00000| PB 0x0000000087f00000| Untracked 
| 128|0x0000000088000000, 0x0000000088000000, 0x0000000088100000|  0%| F|  |TAMS 0x0000000088000000| PB 0x0000000088000000| Untracked 
| 129|0x0000000088100000, 0x0000000088100000, 0x0000000088200000|  0%| F|  |TAMS 0x0000000088100000| PB 0x0000000088100000| Untracked 
| 130|0x0000000088200000, 0x0000000088200000, 0x0000000088300000|  0%| F|  |TAMS 0x0000000088200000| PB 0x0000000088200000| Untracked 
| 131|0x0000000088300000, 0x0000000088300000, 0x0000000088400000|  0%| F|  |TAMS 0x0000000088300000| PB 0x0000000088300000| Untracked 
| 132|0x0000000088400000, 0x0000000088400000, 0x0000000088500000|  0%| F|  |TAMS 0x0000000088400000| PB 0x0000000088400000| Untracked 
| 133|0x0000000088500000, 0x0000000088500000, 0x0000000088600000|  0%| F|  |TAMS 0x0000000088500000| PB 0x0000000088500000| Untracked 
| 134|0x0000000088600000, 0x0000000088600000, 0x0000000088700000|  0%| F|  |TAMS 0x0000000088600000| PB 0x0000000088600000| Untracked 
| 135|0x0000000088700000, 0x0000000088700000, 0x0000000088800000|  0%| F|  |TAMS 0x0000000088700000| PB 0x0000000088700000| Untracked 
| 136|0x0000000088800000, 0x0000000088885e80, 0x0000000088900000| 52%| E|  |TAMS 0x0000000088800000| PB 0x0000000088800000| Complete 
| 137|0x0000000088900000, 0x0000000088a00000, 0x0000000088a00000|100%| E|CS|TAMS 0x0000000088900000| PB 0x0000000088900000| Complete 
| 138|0x0000000088a00000, 0x0000000088b00000, 0x0000000088b00000|100%| E|CS|TAMS 0x0000000088a00000| PB 0x0000000088a00000| Complete 
| 139|0x0000000088b00000, 0x0000000088c00000, 0x0000000088c00000|100%| E|CS|TAMS 0x0000000088b00000| PB 0x0000000088b00000| Complete 
| 140|0x0000000088c00000, 0x0000000088d00000, 0x0000000088d00000|100%| E|CS|TAMS 0x0000000088c00000| PB 0x0000000088c00000| Complete 
| 141|0x0000000088d00000, 0x0000000088e00000, 0x0000000088e00000|100%| E|CS|TAMS 0x0000000088d00000| PB 0x0000000088d00000| Complete 
| 142|0x0000000088e00000, 0x0000000088f00000, 0x0000000088f00000|100%| E|CS|TAMS 0x0000000088e00000| PB 0x0000000088e00000| Complete 
| 143|0x0000000088f00000, 0x0000000089000000, 0x0000000089000000|100%| E|CS|TAMS 0x0000000088f00000| PB 0x0000000088f00000| Complete 
| 144|0x0000000089000000, 0x0000000089100000, 0x0000000089100000|100%| E|CS|TAMS 0x0000000089000000| PB 0x0000000089000000| Complete 
| 145|0x0000000089100000, 0x0000000089200000, 0x0000000089200000|100%| E|CS|TAMS 0x0000000089100000| PB 0x0000000089100000| Complete 
| 146|0x0000000089200000, 0x0000000089300000, 0x0000000089300000|100%| E|CS|TAMS 0x0000000089200000| PB 0x0000000089200000| Complete 
| 147|0x0000000089300000, 0x0000000089400000, 0x0000000089400000|100%| E|CS|TAMS 0x0000000089300000| PB 0x0000000089300000| Complete 
| 148|0x0000000089400000, 0x0000000089500000, 0x0000000089500000|100%| E|CS|TAMS 0x0000000089400000| PB 0x0000000089400000| Complete 
| 149|0x0000000089500000, 0x0000000089600000, 0x0000000089600000|100%| E|CS|TAMS 0x0000000089500000| PB 0x0000000089500000| Complete 
| 150|0x0000000089600000, 0x0000000089700000, 0x0000000089700000|100%| E|CS|TAMS 0x0000000089600000| PB 0x0000000089600000| Complete 
| 151|0x0000000089700000, 0x0000000089800000, 0x0000000089800000|100%| E|CS|TAMS 0x0000000089700000| PB 0x0000000089700000| Complete 
| 152|0x0000000089800000, 0x0000000089900000, 0x0000000089900000|100%| E|CS|TAMS 0x0000000089800000| PB 0x0000000089800000| Complete 
| 153|0x0000000089900000, 0x0000000089a00000, 0x0000000089a00000|100%| E|CS|TAMS 0x0000000089900000| PB 0x0000000089900000| Complete 
| 154|0x0000000089a00000, 0x0000000089b00000, 0x0000000089b00000|100%| E|CS|TAMS 0x0000000089a00000| PB 0x0000000089a00000| Complete 
| 155|0x0000000089b00000, 0x0000000089c00000, 0x0000000089c00000|100%| E|CS|TAMS 0x0000000089b00000| PB 0x0000000089b00000| Complete 
| 156|0x0000000089c00000, 0x0000000089c74d20, 0x0000000089d00000| 45%| S|CS|TAMS 0x0000000089c00000| PB 0x0000000089c00000| Complete 
| 157|0x0000000089d00000, 0x0000000089e00000, 0x0000000089e00000|100%| E|CS|TAMS 0x0000000089d00000| PB 0x0000000089d00000| Complete 
| 158|0x0000000089e00000, 0x0000000089f00000, 0x0000000089f00000|100%| E|CS|TAMS 0x0000000089e00000| PB 0x0000000089e00000| Complete 
| 159|0x0000000089f00000, 0x000000008a000000, 0x000000008a000000|100%| E|CS|TAMS 0x0000000089f00000| PB 0x0000000089f00000| Complete 
| 160|0x000000008a000000, 0x000000008a100000, 0x000000008a100000|100%| E|CS|TAMS 0x000000008a000000| PB 0x000000008a000000| Complete 
| 209|0x000000008d100000, 0x000000008d200000, 0x000000008d200000|100%| E|CS|TAMS 0x000000008d100000| PB 0x000000008d100000| Complete 
|2046|0x00000000ffe00000, 0x00000000fff00000, 0x00000000fff00000|100%| E|CS|TAMS 0x00000000ffe00000| PB 0x00000000ffe00000| Complete 
|2047|0x00000000fff00000, 0x0000000100000000, 0x0000000100000000|100%| E|  |TAMS 0x00000000fff00000| PB 0x00000000fff00000| Complete 

Card table byte_map: [0x000001d9c5930000,0x000001d9c5d30000] _byte_map_base: 0x000001d9c5530000

Marking Bits: (CMBitMap*) 0x000001d9b0aae5b0
 Bits: [0x000001d9c5d30000, 0x000001d9c7d30000)

Polling page: 0x000001d9b0c30000

Metaspace:

Usage:
  Non-class:     58.09 MB used.
      Class:      9.06 MB used.
       Both:     67.16 MB used.

Virtual space:
  Non-class space:       64.00 MB reserved,      58.94 MB ( 92%) committed,  1 nodes.
      Class space:        1.00 GB reserved,       9.88 MB ( <1%) committed,  1 nodes.
             Both:        1.06 GB reserved,      68.81 MB (  6%) committed. 

Chunk freelists:
   Non-Class:  4.67 MB
       Class:  6.12 MB
        Both:  10.80 MB

MaxMetaspaceSize: unlimited
CompressedClassSpaceSize: 1.00 GB
Initial GC threshold: 21.00 MB
Current GC threshold: 99.50 MB
CDS: off
 - commit_granule_bytes: 65536.
 - commit_granule_words: 8192.
 - virtual_space_node_default_size: 8388608.
 - enlarge_chunks_in_place: 1.
 - use_allocation_guard: 0.


Internal statistics:

num_allocs_failed_limit: 6.
num_arena_births: 3134.
num_arena_deaths: 0.
num_vsnodes_births: 2.
num_vsnodes_deaths: 0.
num_space_committed: 1101.
num_space_uncommitted: 0.
num_chunks_returned_to_freelist: 6.
num_chunks_taken_from_freelist: 5926.
num_chunk_merges: 6.
num_chunk_splits: 3850.
num_chunks_enlarged: 2374.
num_inconsistent_stats: 0.

CodeHeap 'non-profiled nmethods': size=120000Kb used=3395Kb max_used=3395Kb free=116604Kb
 bounds [0x000001d9bdab0000, 0x000001d9bde10000, 0x000001d9c4fe0000]
CodeHeap 'profiled nmethods': size=120000Kb used=11368Kb max_used=11368Kb free=108632Kb
 bounds [0x000001d9b5fe0000, 0x000001d9b6b00000, 0x000001d9bd510000]
CodeHeap 'non-nmethods': size=5760Kb used=2741Kb max_used=2773Kb free=3019Kb
 bounds [0x000001d9bd510000, 0x000001d9bd7d0000, 0x000001d9bdab0000]
 total_blobs=6950 nmethods=6065 adapters=789
 compilation: enabled
              stopped_count=0, restarted_count=0
 full_count=0

Compilation events (20 events):
Event: 714.646 Thread 0x000001d9cabaa9e0 nmethod 7119 0x000001d9b6af0390 code [0x000001d9b6af06c0, 0x000001d9b6af1ad0]
Event: 717.325 Thread 0x000001d9caba9680 7120       4       java.util.ComparableTimSort::reverseRange (32 bytes)
Event: 717.340 Thread 0x000001d9caba9680 nmethod 7120 0x000001d9bddfad90 code [0x000001d9bddfaf40, 0x000001d9bddfb750]
Event: 717.589 Thread 0x000001d9cabaa9e0 7121       3       org.gradle.internal.serialize.graph.codecs.Binding::encodingForType (17 bytes)
Event: 717.596 Thread 0x000001d9cabaa9e0 nmethod 7121 0x000001d9b6af2390 code [0x000001d9b6af25e0, 0x000001d9b6af2d58]
Event: 717.597 Thread 0x000001d9cabaa9e0 7122       3       org.gradle.internal.serialize.graph.codecs.BindingsBuilder$producerForSubtypesOf$1::encodingForType (9 bytes)
Event: 717.597 Thread 0x000001d9cabaa9e0 nmethod 7122 0x000001d9b6af3090 code [0x000001d9b6af3240, 0x000001d9b6af3470]
Event: 717.597 Thread 0x000001d9cabaa9e0 7123       3       org.gradle.internal.serialize.graph.codecs.BindingsBuilder$producerForSubtypesOf$1::encodingForType (36 bytes)
Event: 717.599 Thread 0x000001d9cabaa9e0 nmethod 7123 0x000001d9b6af3510 code [0x000001d9b6af3740, 0x000001d9b6af3d78]
Event: 718.881 Thread 0x000001d9caba9680 7124       4       sun.nio.fs.WindowsPathParser::normalize (138 bytes)
Event: 719.034 Thread 0x000001d9caba9680 nmethod 7124 0x000001d9bddfb890 code [0x000001d9bddfbba0, 0x000001d9bddfd500]
Event: 721.899 Thread 0x000001d9cabaa9e0 7125       3       org.gradle.internal.serialize.graph.codecs.Binding::encodingForType (17 bytes)
Event: 721.906 Thread 0x000001d9cabaa9e0 nmethod 7125 0x000001d9b6af4010 code [0x000001d9b6af4240, 0x000001d9b6af48a0]
Event: 723.221 Thread 0x000001d9cabaa9e0 7126       3       org.gradle.internal.serialize.graph.codecs.BindingsBuilder::bind (177 bytes)
Event: 723.238 Thread 0x000001d9cabaa9e0 nmethod 7126 0x000001d9b6af4b10 code [0x000001d9b6af5060, 0x000001d9b6af78e0]
Event: 723.955 Thread 0x000001d9caba9680 7127       4       org.gradle.internal.serialize.graph.codecs.BindingsBuilder$producerForSubtypesOf$1::encodingForType (9 bytes)
Event: 723.958 Thread 0x000001d9caba9680 nmethod 7127 0x000001d9bddfe610 code [0x000001d9bddfe7a0, 0x000001d9bddfe8f0]
Event: 724.359 Thread 0x000001d9caba9680 7128       4       java.net.URLClassLoader::isSealed (72 bytes)
Event: 724.520 Thread 0x000001d9caba9680 nmethod 7128 0x000001d9bddfea90 code [0x000001d9bddfeda0, 0x000001d9bddfff20]
Event: 725.312 Thread 0x000001d9caba9680 7129   !   4       java.net.URLClassLoader::findClass (47 bytes)

GC Heap History (20 events):
Event: 394.060 GC heap before
{Heap before GC invocations=30 (full 0):
 garbage-first heap   total 167936K, used 65465K [0x0000000080000000, 0x0000000100000000)
  region size 1024K, 14 young (14336K), 1 survivors (1024K)
 Metaspace       used 55594K, committed 57152K, reserved 1114112K
  class space    used 7485K, committed 8256K, reserved 1048576K
}
Event: 394.158 GC heap after
{Heap after GC invocations=31 (full 0):
 garbage-first heap   total 167936K, used 53332K [0x0000000080000000, 0x0000000100000000)
  region size 1024K, 2 young (2048K), 2 survivors (2048K)
 Metaspace       used 55594K, committed 57152K, reserved 1114112K
  class space    used 7485K, committed 8256K, reserved 1048576K
}
Event: 486.332 GC heap before
{Heap before GC invocations=31 (full 0):
 garbage-first heap   total 167936K, used 70740K [0x0000000080000000, 0x0000000100000000)
  region size 1024K, 21 young (21504K), 2 survivors (2048K)
 Metaspace       used 56687K, committed 58240K, reserved 1114112K
  class space    used 7671K, committed 8448K, reserved 1048576K
}
Event: 487.086 GC heap after
{Heap after GC invocations=32 (full 0):
 garbage-first heap   total 167936K, used 53910K [0x0000000080000000, 0x0000000100000000)
  region size 1024K, 2 young (2048K), 2 survivors (2048K)
 Metaspace       used 56687K, committed 58240K, reserved 1114112K
  class space    used 7671K, committed 8448K, reserved 1048576K
}
Event: 511.342 GC heap before
{Heap before GC invocations=33 (full 0):
 garbage-first heap   total 167936K, used 62102K [0x0000000080000000, 0x0000000100000000)
  region size 1024K, 8 young (8192K), 2 survivors (2048K)
 Metaspace       used 56849K, committed 58368K, reserved 1114112K
  class space    used 7687K, committed 8448K, reserved 1048576K
}
Event: 511.485 GC heap after
{Heap after GC invocations=34 (full 0):
 garbage-first heap   total 167936K, used 57148K [0x0000000080000000, 0x0000000100000000)
  region size 1024K, 1 young (1024K), 1 survivors (1024K)
 Metaspace       used 56849K, committed 58368K, reserved 1114112K
  class space    used 7687K, committed 8448K, reserved 1048576K
}
Event: 537.644 GC heap before
{Heap before GC invocations=34 (full 0):
 garbage-first heap   total 167936K, used 80700K [0x0000000080000000, 0x0000000100000000)
  region size 1024K, 19 young (19456K), 1 survivors (1024K)
 Metaspace       used 57209K, committed 58816K, reserved 1114112K
  class space    used 7719K, committed 8512K, reserved 1048576K
}
Event: 537.716 GC heap after
{Heap after GC invocations=35 (full 0):
 garbage-first heap   total 167936K, used 65019K [0x0000000080000000, 0x0000000100000000)
  region size 1024K, 3 young (3072K), 3 survivors (3072K)
 Metaspace       used 57209K, committed 58816K, reserved 1114112K
  class space    used 7719K, committed 8512K, reserved 1048576K
}
Event: 554.741 GC heap before
{Heap before GC invocations=35 (full 0):
 garbage-first heap   total 167936K, used 84475K [0x0000000080000000, 0x0000000100000000)
  region size 1024K, 14 young (14336K), 3 survivors (3072K)
 Metaspace       used 58866K, committed 60416K, reserved 1114112K
  class space    used 7807K, committed 8576K, reserved 1048576K
}
Event: 554.859 GC heap after
{Heap after GC invocations=36 (full 0):
 garbage-first heap   total 167936K, used 72557K [0x0000000080000000, 0x0000000100000000)
  region size 1024K, 1 young (1024K), 1 survivors (1024K)
 Metaspace       used 58866K, committed 60416K, reserved 1114112K
  class space    used 7807K, committed 8576K, reserved 1048576K
}
Event: 567.779 GC heap before
{Heap before GC invocations=36 (full 0):
 garbage-first heap   total 167936K, used 85869K [0x0000000080000000, 0x0000000100000000)
  region size 1024K, 14 young (14336K), 1 survivors (1024K)
 Metaspace       used 59477K, committed 61120K, reserved 1114112K
  class space    used 7904K, committed 8704K, reserved 1048576K
}
Event: 568.055 GC heap after
{Heap after GC invocations=37 (full 0):
 garbage-first heap   total 167936K, used 72896K [0x0000000080000000, 0x0000000100000000)
  region size 1024K, 2 young (2048K), 2 survivors (2048K)
 Metaspace       used 59477K, committed 61120K, reserved 1114112K
  class space    used 7904K, committed 8704K, reserved 1048576K
}
Event: 569.249 GC heap before
{Heap before GC invocations=37 (full 0):
 garbage-first heap   total 167936K, used 87232K [0x0000000080000000, 0x0000000100000000)
  region size 1024K, 16 young (16384K), 2 survivors (2048K)
 Metaspace       used 59493K, committed 61120K, reserved 1114112K
  class space    used 7908K, committed 8704K, reserved 1048576K
}
Event: 569.271 GC heap after
{Heap after GC invocations=38 (full 0):
 garbage-first heap   total 167936K, used 72943K [0x0000000080000000, 0x0000000100000000)
  region size 1024K, 1 young (1024K), 1 survivors (1024K)
 Metaspace       used 59493K, committed 61120K, reserved 1114112K
  class space    used 7908K, committed 8704K, reserved 1048576K
}
Event: 613.957 GC heap before
{Heap before GC invocations=39 (full 0):
 garbage-first heap   total 167936K, used 89327K [0x0000000080000000, 0x0000000100000000)
  region size 1024K, 18 young (18432K), 1 survivors (1024K)
 Metaspace       used 61280K, committed 62976K, reserved 1114112K
  class space    used 8170K, committed 9024K, reserved 1048576K
}
Event: 614.058 GC heap after
{Heap after GC invocations=40 (full 0):
 garbage-first heap   total 167936K, used 73647K [0x0000000080000000, 0x0000000100000000)
  region size 1024K, 2 young (2048K), 2 survivors (2048K)
 Metaspace       used 61280K, committed 62976K, reserved 1114112K
  class space    used 8170K, committed 9024K, reserved 1048576K
}
Event: 670.013 GC heap before
{Heap before GC invocations=40 (full 0):
 garbage-first heap   total 167936K, used 101295K [0x0000000080000000, 0x0000000100000000)
  region size 1024K, 30 young (30720K), 2 survivors (2048K)
 Metaspace       used 64851K, committed 66560K, reserved 1114112K
  class space    used 8677K, committed 9536K, reserved 1048576K
}
Event: 670.465 GC heap after
{Heap after GC invocations=41 (full 0):
 garbage-first heap   total 167936K, used 74272K [0x0000000080000000, 0x0000000100000000)
  region size 1024K, 2 young (2048K), 2 survivors (2048K)
 Metaspace       used 64851K, committed 66560K, reserved 1114112K
  class space    used 8677K, committed 9536K, reserved 1048576K
}
Event: 680.284 GC heap before
{Heap before GC invocations=41 (full 0):
 garbage-first heap   total 167936K, used 80416K [0x0000000080000000, 0x0000000100000000)
  region size 1024K, 8 young (8192K), 2 survivors (2048K)
 Metaspace       used 65727K, committed 67392K, reserved 1114112K
  class space    used 8808K, committed 9664K, reserved 1048576K
}
Event: 680.381 GC heap after
{Heap after GC invocations=42 (full 0):
 garbage-first heap   total 167936K, used 74436K [0x0000000080000000, 0x0000000100000000)
  region size 1024K, 1 young (1024K), 1 survivors (1024K)
 Metaspace       used 65727K, committed 67392K, reserved 1114112K
  class space    used 8808K, committed 9664K, reserved 1048576K
}

Dll operation events (3 events):
Event: 0.039 Loaded shared library C:\Program Files\Android\Android Studio1\jbr\bin\java.dll
Event: 0.258 Loaded shared library C:\Program Files\Android\Android Studio1\jbr\bin\zip.dll
Event: 5.822 Loaded shared library C:\Program Files\Android\Android Studio1\jbr\bin\verify.dll

Deoptimization events (20 events):
Event: 707.985 Thread 0x000001d9cfabf540 DEOPT PACKING pc=0x000001d9bdc6d5f0 sp=0x000000ac543f8040
Event: 707.985 Thread 0x000001d9cfabf540 DEOPT UNPACKING pc=0x000001d9bd5646a2 sp=0x000000ac543f7fc0 mode 2
Event: 718.326 Thread 0x000001d9d03bf140 Uncommon trap: trap_request=0xffffffd6 fr.pc=0x000001d9bddfb62c relative=0x00000000000006ec
Event: 718.326 Thread 0x000001d9d03bf140 Uncommon trap: reason=array_check action=maybe_recompile pc=0x000001d9bddfb62c method=java.util.ComparableTimSort.reverseRange([Ljava/lang/Object;II)V @ 20 c2
Event: 718.326 Thread 0x000001d9d03bf140 DEOPT PACKING pc=0x000001d9bddfb62c sp=0x000000ac53afe2f0
Event: 718.329 Thread 0x000001d9d03bf140 DEOPT UNPACKING pc=0x000001d9bd5646a2 sp=0x000000ac53afe2a0 mode 2
Event: 718.329 Thread 0x000001d9d03bf140 Uncommon trap: trap_request=0xffffffd6 fr.pc=0x000001d9bddfb62c relative=0x00000000000006ec
Event: 718.329 Thread 0x000001d9d03bf140 Uncommon trap: reason=array_check action=maybe_recompile pc=0x000001d9bddfb62c method=java.util.ComparableTimSort.reverseRange([Ljava/lang/Object;II)V @ 20 c2
Event: 718.329 Thread 0x000001d9d03bf140 DEOPT PACKING pc=0x000001d9bddfb62c sp=0x000000ac53afe2f0
Event: 718.329 Thread 0x000001d9d03bf140 DEOPT UNPACKING pc=0x000001d9bd5646a2 sp=0x000000ac53afe2a0 mode 2
Event: 718.329 Thread 0x000001d9d03bf140 Uncommon trap: trap_request=0xffffffd6 fr.pc=0x000001d9bddfb62c relative=0x00000000000006ec
Event: 718.329 Thread 0x000001d9d03bf140 Uncommon trap: reason=array_check action=maybe_recompile pc=0x000001d9bddfb62c method=java.util.ComparableTimSort.reverseRange([Ljava/lang/Object;II)V @ 20 c2
Event: 718.329 Thread 0x000001d9d03bf140 DEOPT PACKING pc=0x000001d9bddfb62c sp=0x000000ac53afe2f0
Event: 718.329 Thread 0x000001d9d03bf140 DEOPT UNPACKING pc=0x000001d9bd5646a2 sp=0x000000ac53afe2a0 mode 2
Event: 718.329 Thread 0x000001d9d03bf140 Uncommon trap: trap_request=0xffffffd6 fr.pc=0x000001d9bddfb62c relative=0x00000000000006ec
Event: 718.329 Thread 0x000001d9d03bf140 Uncommon trap: reason=array_check action=maybe_recompile pc=0x000001d9bddfb62c method=java.util.ComparableTimSort.reverseRange([Ljava/lang/Object;II)V @ 20 c2
Event: 718.329 Thread 0x000001d9d03bf140 DEOPT PACKING pc=0x000001d9bddfb62c sp=0x000000ac53afe2f0
Event: 718.329 Thread 0x000001d9d03bf140 DEOPT UNPACKING pc=0x000001d9bd5646a2 sp=0x000000ac53afe2a0 mode 2
Event: 718.886 Thread 0x000001d9cfabf540 DEOPT PACKING pc=0x000001d9b64dd996 sp=0x000000ac543f79c0
Event: 718.886 Thread 0x000001d9cfabf540 DEOPT UNPACKING pc=0x000001d9bd564e42 sp=0x000000ac543f6f08 mode 0

Classes loaded (20 events):
Event: 672.795 Loading class javax/naming/InvalidNameException
Event: 672.797 Loading class javax/naming/InvalidNameException done
Event: 672.798 Loading class javax/net/ssl/SSLPeerUnverifiedException
Event: 672.798 Loading class javax/net/ssl/SSLPeerUnverifiedException done
Event: 672.801 Loading class java/security/cert/CertificateParsingException
Event: 672.801 Loading class java/security/cert/CertificateException
Event: 672.803 Loading class java/security/cert/CertificateException done
Event: 672.803 Loading class java/security/cert/CertificateParsingException done
Event: 678.316 Loading class java/nio/channels/Channels$ReadableByteChannelImpl
Event: 678.328 Loading class java/nio/channels/Channels$ReadableByteChannelImpl done
Event: 679.631 Loading class java/util/EmptyStackException
Event: 679.632 Loading class java/util/EmptyStackException done
Event: 680.131 Loading class java/io/InvalidClassException
Event: 680.132 Loading class java/io/InvalidClassException done
Event: 686.628 Loading class java/util/Comparators$NaturalOrderComparator
Event: 686.651 Loading class java/util/Comparators$NaturalOrderComparator done
Event: 701.284 Loading class java/nio/file/AtomicMoveNotSupportedException
Event: 701.296 Loading class java/nio/file/AtomicMoveNotSupportedException done
Event: 704.981 Loading class java/io/FileWriter
Event: 705.004 Loading class java/io/FileWriter done

Classes unloaded (0 events):
No events

Classes redefined (0 events):
No events

Internal exceptions (20 events):
Event: 540.502 Thread 0x000001d9cfabf540 Exception <a 'java/lang/ClassNotFoundException'{0x000000008d1ad110}: com/intellij/gradle/toolingExtension/impl/modelBuilder/ExtraModelBuilderBeanInfo> (0x000000008d1ad110) 
thrown [s\src\hotspot\share\classfile\systemDictionary.cpp, line 312]
Event: 540.513 Thread 0x000001d9cfabf540 Exception <a 'java/lang/ClassNotFoundException'{0x000000008d1b8b90}: com/intellij/gradle/toolingExtension/impl/modelBuilder/ExtraModelBuilderCustomizer> (0x000000008d1b8b90) 
thrown [s\src\hotspot\share\classfile\systemDictionary.cpp, line 312]
Event: 558.889 Thread 0x000001d9cfabf540 Exception <a 'java/lang/IncompatibleClassChangeError'{0x000000008d17a4f0}: Found class java.lang.Object, but interface was expected> (0x000000008d17a4f0) 
thrown [s\src\hotspot\share\interpreter\linkResolver.cpp, line 851]
Event: 559.722 Thread 0x000001d9cfabf540 Exception <a 'sun/nio/fs/WindowsException'{0x000000008d1a2f90}> (0x000000008d1a2f90) 
thrown [s\src\hotspot\share\prims\jni.cpp, line 535]
Event: 559.725 Thread 0x000001d9cfabf540 Exception <a 'sun/nio/fs/WindowsException'{0x000000008d1a4750}> (0x000000008d1a4750) 
thrown [s\src\hotspot\share\prims\jni.cpp, line 535]
Event: 559.728 Thread 0x000001d9cfabf540 Exception <a 'sun/nio/fs/WindowsException'{0x000000008d1a5ed0}> (0x000000008d1a5ed0) 
thrown [s\src\hotspot\share\prims\jni.cpp, line 535]
Event: 559.729 Thread 0x000001d9cfabf540 Exception <a 'sun/nio/fs/WindowsException'{0x000000008d1a7278}> (0x000000008d1a7278) 
thrown [s\src\hotspot\share\prims\jni.cpp, line 535]
Event: 560.221 Thread 0x000001d9cfabf540 Exception <a 'java/lang/NoSuchMethodError'{0x000000008d1bbf80}: 'java.lang.Object java.lang.invoke.Invokers$Holder.invoker(java.lang.Object, java.lang.Object, java.lang.Object, java.lang.Object, java.lang.Object, java.lang.Object)'> (0x000000008d1bbf80) 
thrown [s\src\hotspot\share\interpreter\linkResolver.cpp, line 784]
Event: 562.833 Thread 0x000001d9cfabf540 Exception <a 'java/lang/NoSuchMethodError'{0x000000008a0c0538}: 'java.lang.Object java.lang.invoke.Invokers$Holder.invoker(java.lang.Object, java.lang.Object, java.lang.Object, java.lang.Object, java.lang.Object, java.lang.Object, java.lang.Object, java.lang.Object, java.lang.Object, java.lang.Object, java.lang.Object, java.lang.Object, java.lang.Object, java.lang.Object, java.lang.Object, java.lang.Object, java.lang.Object, java.lang.Object, java.lang.Object, java.lang.Object, java.lang.Object, java.lang.
Event: 562.836 Thread 0x000001d9cfabf540 Exception <a 'java/lang/NoSuchMethodError'{0x000000008a0c7100}: 'java.lang.Object java.lang.invoke.DelegatingMethodHandle$Holder.delegate(java.lang.Object, java.lang.Object, java.lang.Object, java.lang.Object, java.lang.Object, java.lang.Object, java.lang.Object, java.lang.Object, java.lang.Object, java.lang.Object, java.lang.Object, java.lang.Object, java.lang.Object, java.lang.Object, java.lang.Object, java.lang.Object, java.lang.Object, java.lang.Object, java.lang.Object, java.lang.Object, java.lang.Obj
Event: 593.558 Thread 0x000001d9cfabf540 Exception <a 'java/lang/IncompatibleClassChangeError'{0x000000008989c9e8}: Found class java.lang.Object, but interface was expected> (0x000000008989c9e8) 
thrown [s\src\hotspot\share\interpreter\linkResolver.cpp, line 851]
Event: 664.134 Thread 0x000001d9d06b4d10 Exception <a 'java/lang/NoSuchMethodError'{0x00000000887f4a08}: static Lorg/gradle/internal/build/event/types/DefaultOperationStartedProgressEvent;.<clinit>()V> (0x00000000887f4a08) 
thrown [s\src\hotspot\share\prims\jni.cpp, line 1139]
Event: 664.168 Thread 0x000001d9d06b4d10 Exception <a 'java/lang/NoSuchMethodError'{0x0000000088607758}: static Lorg/gradle/internal/build/event/types/AbstractProgressEvent;.<clinit>()V> (0x0000000088607758) 
thrown [s\src\hotspot\share\prims\jni.cpp, line 1139]
Event: 664.189 Thread 0x000001d9d06b4d10 Exception <a 'java/lang/NoSuchMethodError'{0x000000008861c690}: static Lorg/gradle/internal/build/event/types/DefaultBuildPhaseDescriptor;.<clinit>()V> (0x000000008861c690) 
thrown [s\src\hotspot\share\prims\jni.cpp, line 1139]
Event: 664.200 Thread 0x000001d9d06b4d10 Exception <a 'java/lang/NoSuchMethodError'{0x00000000886202e0}: static Lorg/gradle/internal/build/event/types/DefaultOperationDescriptor;.<clinit>()V> (0x00000000886202e0) 
thrown [s\src\hotspot\share\prims\jni.cpp, line 1139]
Event: 664.644 Thread 0x000001d9d06b4d10 Exception <a 'java/lang/NoSuchMethodError'{0x0000000088687918}: static Lorg/gradle/internal/operations/OperationIdentifier;.<clinit>()V> (0x0000000088687918) 
thrown [s\src\hotspot\share\prims\jni.cpp, line 1139]
Event: 675.218 Thread 0x000001d9cfabf540 Exception <a 'sun/nio/fs/WindowsException'{0x0000000089fdb0b0}> (0x0000000089fdb0b0) 
thrown [s\src\hotspot\share\prims\jni.cpp, line 535]
Event: 675.227 Thread 0x000001d9cfabf540 Exception <a 'sun/nio/fs/WindowsException'{0x0000000089fdc7b0}> (0x0000000089fdc7b0) 
thrown [s\src\hotspot\share\prims\jni.cpp, line 535]
Event: 676.089 Thread 0x000001d9cfabf540 Exception <a 'sun/nio/fs/WindowsException'{0x0000000089fe9aa8}> (0x0000000089fe9aa8) 
thrown [s\src\hotspot\share\prims\jni.cpp, line 535]
Event: 685.919 Thread 0x000001d9cfabf540 Exception <a 'java/lang/NoSuchMethodError'{0x0000000089e6ada0}: 'void java.lang.invoke.DirectMethodHandle$Holder.invokeStatic(java.lang.Object, java.lang.Object, java.lang.Object, java.lang.Object, java.lang.Object, java.lang.Object, java.lang.Object)'> (0x0000000089e6ada0) 
thrown [s\src\hotspot\share\interpreter\linkResolver.cpp, line 784]

ZGC Phase Switch (0 events):
No events

VM Operations (20 events):
Event: 708.902 Executing VM operation: Cleanup
Event: 708.979 Executing VM operation: Cleanup done
Event: 709.995 Executing VM operation: Cleanup
Event: 710.010 Executing VM operation: Cleanup done
Event: 711.023 Executing VM operation: Cleanup
Event: 711.055 Executing VM operation: Cleanup done
Event: 712.065 Executing VM operation: Cleanup
Event: 712.065 Executing VM operation: Cleanup done
Event: 713.078 Executing VM operation: Cleanup
Event: 713.093 Executing VM operation: Cleanup done
Event: 714.108 Executing VM operation: Cleanup
Event: 714.124 Executing VM operation: Cleanup done
Event: 719.167 Executing VM operation: Cleanup
Event: 719.198 Executing VM operation: Cleanup done
Event: 720.789 Executing VM operation: HandshakeAllThreads (Deoptimize)
Event: 720.844 Executing VM operation: HandshakeAllThreads (Deoptimize) done
Event: 722.874 Executing VM operation: Cleanup
Event: 722.889 Executing VM operation: Cleanup done
Event: 723.903 Executing VM operation: Cleanup
Event: 723.918 Executing VM operation: Cleanup done

Memory protections (0 events):
No events

Nmethod flushes (20 events):
Event: 569.126 Thread 0x000001d9cab54bf0 flushing  nmethod 0x000001d9b6619290
Event: 569.126 Thread 0x000001d9cab54bf0 flushing  nmethod 0x000001d9b661a310
Event: 569.127 Thread 0x000001d9cab54bf0 flushing  nmethod 0x000001d9b661e890
Event: 569.127 Thread 0x000001d9cab54bf0 flushing  nmethod 0x000001d9b661ec90
Event: 569.127 Thread 0x000001d9cab54bf0 flushing  nmethod 0x000001d9b661f790
Event: 569.127 Thread 0x000001d9cab54bf0 flushing  nmethod 0x000001d9b6622e90
Event: 569.127 Thread 0x000001d9cab54bf0 flushing  nmethod 0x000001d9bdbf5110
Event: 569.128 Thread 0x000001d9cab54bf0 flushing  nmethod 0x000001d9b614d290
Event: 569.128 Thread 0x000001d9cab54bf0 flushing  nmethod 0x000001d9b614e390
Event: 569.128 Thread 0x000001d9cab54bf0 flushing  nmethod 0x000001d9b6217290
Event: 569.128 Thread 0x000001d9cab54bf0 flushing  nmethod 0x000001d9b6352c10
Event: 569.128 Thread 0x000001d9cab54bf0 flushing  nmethod 0x000001d9b644d010
Event: 569.128 Thread 0x000001d9cab54bf0 flushing  nmethod 0x000001d9b647a590
Event: 569.128 Thread 0x000001d9cab54bf0 flushing  nmethod 0x000001d9b6625710
Event: 569.128 Thread 0x000001d9cab54bf0 flushing  nmethod 0x000001d9b6627b90
Event: 569.128 Thread 0x000001d9cab54bf0 flushing  nmethod 0x000001d9b6628610
Event: 569.128 Thread 0x000001d9cab54bf0 flushing  nmethod 0x000001d9b6654d10
Event: 569.129 Thread 0x000001d9cab54bf0 flushing  nmethod 0x000001d9b66aaf10
Event: 569.130 Thread 0x000001d9cab54bf0 flushing  nmethod 0x000001d9b6842f10
Event: 569.130 Thread 0x000001d9cab54bf0 flushing  nmethod 0x000001d9b6882010

Events (20 events):
Event: 436.400 Thread 0x000001d9cfabf540 Thread added: 0x000001d9d145cd90
Event: 504.479 Thread 0x000001d9cfabf540 Thread added: 0x000001d9d145dab0
Event: 504.484 Thread 0x000001d9cfabf540 Thread added: 0x000001d9d145e7d0
Event: 504.488 Thread 0x000001d9cfabf540 Thread added: 0x000001d9d145f4f0
Event: 504.496 Thread 0x000001d9cfabf540 Thread added: 0x000001d9d145fb80
Event: 504.506 Thread 0x000001d9cfabf540 Thread added: 0x000001d9d145c700
Event: 504.598 Thread 0x000001d9cfabf540 Thread added: 0x000001d9d06b6750
Event: 504.719 Thread 0x000001d9cfabf540 Thread added: 0x000001d9d06b6de0
Event: 504.721 Thread 0x000001d9cfabf540 Thread added: 0x000001d9d0df4c50
Event: 511.793 Thread 0x000001d9cfabf540 Thread added: 0x000001d9d0df17d0
Event: 511.798 Thread 0x000001d9cfabf540 Thread added: 0x000001d9d0df3210
Event: 511.802 Thread 0x000001d9cfabf540 Thread added: 0x000001d9d0df52e0
Event: 511.809 Thread 0x000001d9cfabf540 Thread added: 0x000001d9d0df3f30
Event: 511.815 Thread 0x000001d9cfabf540 Thread added: 0x000001d9d0df1e60
Event: 511.818 Thread 0x000001d9cfabf540 Thread added: 0x000001d9d0df38a0
Event: 511.835 Thread 0x000001d9cfabf540 Thread added: 0x000001d9d0df5970
Event: 511.837 Thread 0x000001d9cfabf540 Thread added: 0x000001d9d0df45c0
Event: 511.839 Thread 0x000001d9cfabf540 Thread added: 0x000001d9d0df24f0
Event: 647.413 Thread 0x000001d9d145b9e0 Thread exited: 0x000001d9d145b9e0
Event: 653.137 Thread 0x000001d9d06b60c0 Thread added: 0x000001d9d0df6690


Dynamic libraries:
0x00007ff6e5c40000 - 0x00007ff6e5c4a000 	C:\Program Files\Android\Android Studio1\jbr\bin\java.exe
0x00007ffe0e5c0000 - 0x00007ffe0e825000 	C:\WINDOWS\SYSTEM32\ntdll.dll
0x00007ffe0d9a0000 - 0x00007ffe0da69000 	C:\WINDOWS\System32\KERNEL32.DLL
0x00007ffe0bbf0000 - 0x00007ffe0bfd8000 	C:\WINDOWS\System32\KERNELBASE.dll
0x00007ffe0b7d0000 - 0x00007ffe0b91b000 	C:\WINDOWS\System32\ucrtbase.dll
0x00007ffdf2030000 - 0x00007ffdf2048000 	C:\Program Files\Android\Android Studio1\jbr\bin\jli.dll
0x00007ffd9da60000 - 0x00007ffd9da7b000 	C:\Program Files\Android\Android Studio1\jbr\bin\VCRUNTIME140.dll
0x00007ffe0dd70000 - 0x00007ffe0df3a000 	C:\WINDOWS\System32\USER32.dll
0x00007ffe0bfe0000 - 0x00007ffe0c007000 	C:\WINDOWS\System32\win32u.dll
0x00007ffdf0fb0000 - 0x00007ffdf124a000 	C:\WINDOWS\WinSxS\amd64_microsoft.windows.common-controls_6595b64144ccf1df_6.0.26100.4202_none_3e0698d4e335f517\COMCTL32.dll
0x00007ffe0e440000 - 0x00007ffe0e46b000 	C:\WINDOWS\System32\GDI32.dll
0x00007ffe0c590000 - 0x00007ffe0c639000 	C:\WINDOWS\System32\msvcrt.dll
0x00007ffe0c190000 - 0x00007ffe0c2c7000 	C:\WINDOWS\System32\gdi32full.dll
0x00007ffe0bb40000 - 0x00007ffe0bbe3000 	C:\WINDOWS\System32\msvcp_win.dll
0x00007ffe0df40000 - 0x00007ffe0df70000 	C:\WINDOWS\System32\IMM32.DLL
0x00007ffd9dd30000 - 0x00007ffd9dd3c000 	C:\Program Files\Android\Android Studio1\jbr\bin\vcruntime140_1.dll
0x00007ffdf01b0000 - 0x00007ffdf023d000 	C:\Program Files\Android\Android Studio1\jbr\bin\msvcp140.dll
0x00007ffd9b9f0000 - 0x00007ffd9c67b000 	C:\Program Files\Android\Android Studio1\jbr\bin\server\jvm.dll
0x00007ffe0cb40000 - 0x00007ffe0cbf3000 	C:\WINDOWS\System32\ADVAPI32.dll
0x00007ffe0e390000 - 0x00007ffe0e436000 	C:\WINDOWS\System32\sechost.dll
0x00007ffe0da70000 - 0x00007ffe0db85000 	C:\WINDOWS\System32\RPCRT4.dll
0x00007ffe0df80000 - 0x00007ffe0dff4000 	C:\WINDOWS\System32\WS2_32.dll
0x00007ffe0b560000 - 0x00007ffe0b5be000 	C:\WINDOWS\SYSTEM32\POWRPROF.dll
0x00007ffe04de0000 - 0x00007ffe04deb000 	C:\WINDOWS\SYSTEM32\VERSION.dll
0x00007ffe04d00000 - 0x00007ffe04d35000 	C:\WINDOWS\SYSTEM32\WINMM.dll
0x00007ffe0b540000 - 0x00007ffe0b554000 	C:\WINDOWS\SYSTEM32\UMPDC.dll
0x00007ffe0a430000 - 0x00007ffe0a44b000 	C:\WINDOWS\SYSTEM32\kernel.appcore.dll
0x00007ffd9da50000 - 0x00007ffd9da5a000 	C:\Program Files\Android\Android Studio1\jbr\bin\jimage.dll
0x00007ffe00700000 - 0x00007ffe00941000 	C:\WINDOWS\SYSTEM32\DBGHELP.DLL
0x00007ffe0e000000 - 0x00007ffe0e385000 	C:\WINDOWS\System32\combase.dll
0x00007ffe0c460000 - 0x00007ffe0c541000 	C:\WINDOWS\System32\OLEAUT32.dll
0x00007ffdec8c0000 - 0x00007ffdec8f9000 	C:\WINDOWS\SYSTEM32\dbgcore.DLL
0x00007ffe0baa0000 - 0x00007ffe0bb39000 	C:\WINDOWS\System32\bcryptPrimitives.dll
0x00007ffe06620000 - 0x00007ffe0662e000 	C:\Program Files\Android\Android Studio1\jbr\bin\instrument.dll
0x00007ffd9d380000 - 0x00007ffd9d3a0000 	C:\Program Files\Android\Android Studio1\jbr\bin\java.dll
0x00007ffd9d2c0000 - 0x00007ffd9d2d8000 	C:\Program Files\Android\Android Studio1\jbr\bin\zip.dll
0x00007ffe0d250000 - 0x00007ffe0d992000 	C:\WINDOWS\System32\SHELL32.dll
0x00007ffe0b920000 - 0x00007ffe0ba94000 	C:\WINDOWS\System32\wintypes.dll
0x00007ffe09360000 - 0x00007ffe09bb8000 	C:\WINDOWS\SYSTEM32\windows.storage.dll
0x00007ffe0c360000 - 0x00007ffe0c451000 	C:\WINDOWS\System32\SHCORE.dll
0x00007ffe0cad0000 - 0x00007ffe0cb3a000 	C:\WINDOWS\System32\shlwapi.dll
0x00007ffe0b620000 - 0x00007ffe0b64f000 	C:\WINDOWS\SYSTEM32\profapi.dll
0x00007ffd9d2b0000 - 0x00007ffd9d2c0000 	C:\Program Files\Android\Android Studio1\jbr\bin\net.dll
0x00007ffe01fd0000 - 0x00007ffe020ee000 	C:\WINDOWS\SYSTEM32\WINHTTP.dll
0x00007ffe0aa40000 - 0x00007ffe0aaaa000 	C:\WINDOWS\system32\mswsock.dll
0x00007ffd9d290000 - 0x00007ffd9d2a6000 	C:\Program Files\Android\Android Studio1\jbr\bin\nio.dll
0x00007ffe06790000 - 0x00007ffe067a0000 	C:\Program Files\Android\Android Studio1\jbr\bin\verify.dll
0x00007ffdc3d20000 - 0x00007ffdc3d47000 	C:\Users\natas\.gradle\native\c067742578af261105cb4f569cf0c3c89f3d7b1fecec35dd04571415982c5e48\windows-amd64\native-platform.dll
0x00007ffdcfc00000 - 0x00007ffdcfd44000 	C:\Users\natas\.gradle\native\100fb08df4bc3b14c8652ba06237920a3bd2aa13389f12d3474272988ae205f9\windows-amd64\native-platform-file-events.dll
0x00007ffdc9d20000 - 0x00007ffdc9d29000 	C:\Program Files\Android\Android Studio1\jbr\bin\management.dll
0x00007ffdc9d10000 - 0x00007ffdc9d1b000 	C:\Program Files\Android\Android Studio1\jbr\bin\management_ext.dll
0x00007ffe0e570000 - 0x00007ffe0e578000 	C:\WINDOWS\System32\PSAPI.DLL
0x00007ffe0acf0000 - 0x00007ffe0ad0b000 	C:\WINDOWS\SYSTEM32\CRYPTSP.dll
0x00007ffe0a450000 - 0x00007ffe0a48a000 	C:\WINDOWS\system32\rsaenh.dll
0x00007ffe0aae0000 - 0x00007ffe0ab0b000 	C:\WINDOWS\SYSTEM32\USERENV.dll
0x00007ffe0b5f0000 - 0x00007ffe0b616000 	C:\WINDOWS\SYSTEM32\bcrypt.dll
0x00007ffe0ad10000 - 0x00007ffe0ad1c000 	C:\WINDOWS\SYSTEM32\CRYPTBASE.dll
0x00007ffe09ec0000 - 0x00007ffe09ef3000 	C:\WINDOWS\SYSTEM32\IPHLPAPI.DLL
0x00007ffe0dd40000 - 0x00007ffe0dd4a000 	C:\WINDOWS\System32\NSI.dll
0x00007ffdc9d50000 - 0x00007ffdc9d59000 	C:\Program Files\Android\Android Studio1\jbr\bin\extnet.dll
0x00007ffdcad70000 - 0x00007ffdcad78000 	C:\WINDOWS\system32\wshunix.dll

dbghelp: loaded successfully - version: 4.0.5 - missing functions: none
symbol engine: initialized successfully - sym options: 0x614 - pdb path: .;C:\Program Files\Android\Android Studio1\jbr\bin;C:\WINDOWS\SYSTEM32;C:\WINDOWS\WinSxS\amd64_microsoft.windows.common-controls_6595b64144ccf1df_6.0.26100.4202_none_3e0698d4e335f517;C:\Program Files\Android\Android Studio1\jbr\bin\server;C:\Users\natas\.gradle\native\c067742578af261105cb4f569cf0c3c89f3d7b1fecec35dd04571415982c5e48\windows-amd64;C:\Users\natas\.gradle\native\100fb08df4bc3b14c8652ba06237920a3bd2aa13389f12d3474272988ae205f9\windows-amd64

VM Arguments:
jvm_args: --add-opens=java.base/java.lang=ALL-UNNAMED --add-opens=java.base/java.lang.invoke=ALL-UNNAMED --add-opens=java.base/java.util=ALL-UNNAMED --add-opens=java.prefs/java.util.prefs=ALL-UNNAMED --add-exports=jdk.compiler/com.sun.tools.javac.api=ALL-UNNAMED --add-exports=jdk.compiler/com.sun.tools.javac.util=ALL-UNNAMED --add-opens=java.base/java.util=ALL-UNNAMED --add-opens=java.prefs/java.util.prefs=ALL-UNNAMED --add-opens=java.base/java.nio.charset=ALL-UNNAMED --add-opens=java.base/java.net=ALL-UNNAMED --add-opens=java.base/java.util.concurrent.atomic=ALL-UNNAMED --add-opens=java.xml/javax.xml.namespace=ALL-UNNAMED -Xmx2048m -Dfile.encoding=UTF-8 -Duser.country=GB -Duser.language=en -Duser.variant -javaagent:C:\Users\natas\.gradle\wrapper\dists\gradle-8.11.1-bin\bpt9gzteqjrbo1mjrsomdt32c\gradle-8.11.1\lib\agents\gradle-instrumentation-agent-8.11.1.jar 
java_command: org.gradle.launcher.daemon.bootstrap.GradleDaemon 8.11.1
java_class_path (initial): C:\Users\natas\.gradle\wrapper\dists\gradle-8.11.1-bin\bpt9gzteqjrbo1mjrsomdt32c\gradle-8.11.1\lib\gradle-daemon-main-8.11.1.jar
Launcher Type: SUN_STANDARD

[Global flags]
     intx CICompilerCount                          = 4                                         {product} {ergonomic}
     uint ConcGCThreads                            = 3                                         {product} {ergonomic}
     uint G1ConcRefinementThreads                  = 10                                        {product} {ergonomic}
   size_t G1HeapRegionSize                         = 1048576                                   {product} {ergonomic}
    uintx GCDrainStackTargetSize                   = 64                                        {product} {ergonomic}
   size_t InitialHeapSize                          = 123731968                                 {product} {ergonomic}
   size_t MarkStackSize                            = 4194304                                   {product} {ergonomic}
   size_t MaxHeapSize                              = 2147483648                                {product} {command line}
   size_t MaxNewSize                               = 1287651328                                {product} {ergonomic}
   size_t MinHeapDeltaBytes                        = 1048576                                   {product} {ergonomic}
   size_t MinHeapSize                              = 8388608                                   {product} {ergonomic}
    uintx NonNMethodCodeHeapSize                   = 5839372                                {pd product} {ergonomic}
    uintx NonProfiledCodeHeapSize                  = 122909434                              {pd product} {ergonomic}
    uintx ProfiledCodeHeapSize                     = 122909434                              {pd product} {ergonomic}
    uintx ReservedCodeCacheSize                    = 251658240                              {pd product} {ergonomic}
     bool SegmentedCodeCache                       = true                                      {product} {ergonomic}
   size_t SoftMaxHeapSize                          = 2147483648                             {manageable} {ergonomic}
     bool UseCompressedOops                        = true                           {product lp64_product} {ergonomic}
     bool UseG1GC                                  = true                                      {product} {ergonomic}
     bool UseLargePagesIndividualAllocation        = false                                  {pd product} {ergonomic}

Logging:
Log output configuration:
 #0: stdout all=warning uptime,level,tags foldmultilines=false
 #1: stderr all=off uptime,level,tags foldmultilines=false

Environment Variables:
JAVA_HOME=C:\Program Files\Java\jdk-20
PATH=C:\Program Files\Eclipse Adoptium\jdk-17.0.8.101-hotspot\bin;C:\Program Files\Common Files\Oracle\Java\javapath;C:\Program Files (x86)\VMware\VMware Workstation\bin\;C:\windows\system32;C:\windows;C:\windows\System32\Wbem;C:\windows\System32\WindowsPowerShell\v1.0\;C:\windows\System32\OpenSSH\;C:\Program Files\HP\HP One Agent;C:\Program Files\PuTTY\;C:\Program Files\Git\cmd;C:\Program Files\nodejs\;C:\WINDOWS\system32;C:\WINDOWS;C:\WINDOWS\System32\Wbem;C:\WINDOWS\System32\WindowsPowerShell\v1.0\;C:\WINDOWS\System32\OpenSSH\;C:\Program Files (x86)\Windows Kits\10\Windows Performance Toolkit\;C:\Users\natas\AppData\Local\Programs\Python\Python311\Scripts\;C:\Users\natas\AppData\Local\Programs\Python\Python311\;C:\Users\natas\AppData\Local\Microsoft\WindowsApps;C:\Users\natas\OneDrive\Desktop\PyCharm Community Edition 2023.1.1\bin;;C:\Program Files\Java\jdk-20\bin;C:\Users\natas\AppData\Local\Programs\Microsoft VS Code\bin;N:\xampp2\php;C:\Users\natas\AppData\Roaming\npm;C:\Program Files (x86)\Nmap;C:\Users\natas\AppData\Local\Programs\Swift\Runtimes\6.0.3\usr\bin\;C:\Users\natas\AppData\Local\Programs\Swift\Toolchains\6.0.3+Asserts\usr\bin\;C:\Users\natas\AppData\Local\Programs\Swift\Tools\6.0.3\;C:\Swift\bin\Swift for Windows.exe;;C:\Program Files\JetBrains\IntelliJ IDEA 2024.3.5\bin;
USERNAME=penzi
OS=Windows_NT
PROCESSOR_IDENTIFIER=AMD64 Family 25 Model 80 Stepping 0, AuthenticAMD
TMP=C:\Users\natas\AppData\Local\Temp
TEMP=C:\Users\natas\AppData\Local\Temp




Periodic native trim disabled

JNI global refs:
JNI global refs: 26, weak refs: 0

JNI global refs memory usage: 835, weak refs: 833

Process memory usage:
Resident Set Size: 40924K (0% of 7711748K total physical memory with 14164K free physical memory)

OOME stack traces (most recent first):
Classloader memory used:
Loader org.gradle.internal.classloader.VisitableURLClassLoader                         : 34600K
Loader bootstrap                                                                       : 23028K
Loader org.gradle.initialization.MixInLegacyTypesClassLoader                           : 8601K
Loader org.gradle.internal.classloader.VisitableURLClassLoader                         : 847K
Loader org.gradle.internal.classloader.VisitableURLClassLoader$InstrumentingVisitableURLClassLoader: 627K
Loader jdk.internal.loader.ClassLoaders$PlatformClassLoader                            : 514K
Loader jdk.internal.loader.ClassLoaders$AppClassLoader                                 : 234K
Loader jdk.internal.reflect.DelegatingClassLoader                                      : 187K
Loader org.gradle.groovy.scripts.internal.DefaultScriptCompilationHandler$ScriptClassLoader: 88264B
Loader org.codehaus.groovy.runtime.callsite.CallSiteClassLoader                        : 49592B

Classes loaded by more than one classloader:
Class org.gradle.api.GradleException                                                  : loaded 3 times (x 78B)
Class org.gradle.internal.classloader.FilteringClassLoader                            : loaded 2 times (x 101B)
Class org.gradle.internal.classloader.ClassLoaderHierarchy                            : loaded 2 times (x 66B)
Class org.gradle.api.internal.classpath.ManifestUtil                                  : loaded 2 times (x 67B)
Class org.jetbrains.plugins.gradle.model.GradleExtensions                             : loaded 2 times (x 66B)
Class org.jetbrains.plugins.gradle.model.AnnotationProcessingModel                    : loaded 2 times (x 66B)
Class org.gradle.internal.operations.MultipleBuildOperationFailures                   : loaded 2 times (x 91B)
Class org.jetbrains.kotlin.idea.gradleTooling.model.noarg.NoArgModel                  : loaded 2 times (x 66B)
Class org.gradle.internal.classloader.DefaultClassLoaderFactory                       : loaded 2 times (x 78B)
Class kotlin.collections.AbstractList$Companion                                       : loaded 2 times (x 67B)
Class org.gradle.internal.classloader.ClassLoaderVisitor                              : loaded 2 times (x 72B)
Class org.gradle.api.internal.classpath.EffectiveClassPath                            : loaded 2 times (x 86B)
Class org.gradle.tooling.internal.gradle.DefaultProjectIdentifier                     : loaded 2 times (x 82B)
Class org.jetbrains.kotlin.idea.gradleTooling.model.allopen.AllOpenModel              : loaded 2 times (x 66B)
Class org.gradle.api.internal.DefaultClassPathProvider                                : loaded 2 times (x 72B)
Class [Lorg.gradle.api.internal.ClassPathProvider;                                    : loaded 2 times (x 65B)
Class org.gradle.api.internal.ClassPathProvider                                       : loaded 2 times (x 66B)
Class org.gradle.internal.service.UnknownServiceException                             : loaded 2 times (x 79B)
Class org.jetbrains.kotlin.idea.gradleTooling.KotlinDslScriptAdditionalTask           : loaded 2 times (x 66B)
Class org.gradle.internal.classpath.TransformedClassPath                              : loaded 2 times (x 92B)
Class org.gradle.internal.classloader.InstrumentingClassLoader                        : loaded 2 times (x 66B)
Class kotlin.enums.EnumEntriesList                                                    : loaded 2 times (x 219B)
Class org.jetbrains.kotlin.idea.gradleTooling.KotlinSourceSetContainer                : loaded 2 times (x 66B)
Class org.jetbrains.plugins.gradle.model.IntelliJSettings                             : loaded 2 times (x 66B)
Class ijInit2_75ii1zzq7xcvcfnpzrcvcniuu                                               : loaded 2 times (x 175B)
Class org.gradle.internal.service.ServiceLocator                                      : loaded 2 times (x 66B)
Class org.jetbrains.kotlin.android.synthetic.idea.AndroidExtensionsGradleModel        : loaded 2 times (x 66B)
Class org.gradle.tooling.model.UnsupportedMethodException                             : loaded 2 times (x 78B)
Class org.gradle.internal.InternalTransformer                                         : loaded 2 times (x 66B)
Class org.gradle.internal.time.DefaultTimer                                           : loaded 2 times (x 76B)
Class org.gradle.internal.classloader.ClasspathUtil$1                                 : loaded 2 times (x 72B)
Class org.gradle.api.internal.classpath.DefaultModuleRegistry$DefaultModule           : loaded 2 times (x 82B)
Class org.jetbrains.kotlin.idea.gradleTooling.model.lombok.LombokModel                : loaded 2 times (x 66B)
Class org.gradle.internal.time.DefaultCountdownTimer                                  : loaded 2 times (x 84B)
Class org.gradle.tooling.internal.gradle.DefaultBuildIdentifier                       : loaded 2 times (x 75B)
Class kotlin.Function                                                                 : loaded 2 times (x 66B)
Class org.gradle.api.internal.classpath.Module                                        : loaded 2 times (x 66B)
Class org.gradle.api.internal.classpath.UnknownModuleException                        : loaded 2 times (x 78B)
Class com.intellij.openapi.externalSystem.model.project.dependencies.ProjectDependencies: loaded 2 times (x 66B)
Class org.gradle.tooling.internal.gradle.GradleProjectIdentity                        : loaded 2 times (x 66B)
Class org.gradle.api.internal.DefaultClassPathRegistry                                : loaded 2 times (x 72B)
Class org.gradle.api.internal.ClassPathRegistry                                       : loaded 2 times (x 66B)
Class org.gradle.internal.classpath.DefaultClassPath$ImmutableUniqueList              : loaded 2 times (x 195B)
Class Settings_gradle$1                                                               : loaded 2 times (x 70B)
Class Program                                                                         : loaded 2 times (x 68B)
Class org.gradle.internal.classpath.ClassPath                                         : loaded 2 times (x 66B)
Class org.gradle.api.UncheckedIOException                                             : loaded 2 times (x 78B)
Class org.jetbrains.kotlin.idea.gradleTooling.KotlinGradleModel                       : loaded 2 times (x 66B)
Class org.gradle.tooling.model.Model                                                  : loaded 2 times (x 66B)
Class kotlin.UninitializedPropertyAccessException                                     : loaded 2 times (x 78B)
Class org.jetbrains.kotlin.idea.gradleTooling.model.annotation.AnnotationBasedPluginModel: loaded 2 times (x 66B)
Class org.jetbrains.plugins.gradle.model.IntelliJProjectSettings                      : loaded 2 times (x 66B)
Class org.gradle.internal.installation.GradleInstallation$1                           : loaded 2 times (x 71B)
Class org.gradle.api.internal.classpath.ModuleRegistry                                : loaded 2 times (x 66B)
Class org.jetbrains.plugins.gradle.model.VersionCatalogsModel                         : loaded 2 times (x 66B)
Class org.gradle.api.internal.classpath.DefaultModuleRegistry                         : loaded 2 times (x 82B)
Class org.gradle.internal.time.MonotonicClock                                         : loaded 2 times (x 73B)
Class org.gradle.internal.service.ServiceLookupException                              : loaded 2 times (x 78B)
Class org.gradle.internal.classloader.ClassLoaderFactory                              : loaded 2 times (x 66B)
Class org.gradle.internal.service.CachingServiceLocator                               : loaded 2 times (x 78B)
Class org.jetbrains.plugins.gradle.model.RepositoryModels                             : loaded 2 times (x 66B)
Class org.gradle.internal.time.TimeSource                                             : loaded 2 times (x 66B)
Class org.gradle.tooling.internal.gradle.GradleBuildIdentity                          : loaded 2 times (x 66B)
Class kotlin.enums.EnumEntries                                                        : loaded 2 times (x 66B)
Class org.gradle.internal.exceptions.ResolutionProvider                               : loaded 2 times (x 66B)
Class org.gradle.tooling.model.ProjectIdentifier                                      : loaded 2 times (x 66B)
Class org.gradle.internal.classloader.ClasspathUtil                                   : loaded 2 times (x 67B)
Class org.gradle.internal.time.TimeSource$1                                           : loaded 2 times (x 73B)
Class kotlin.jvm.internal.DefaultConstructorMarker                                    : loaded 2 times (x 67B)
Class org.gradle.api.specs.Spec                                                       : loaded 2 times (x 66B)
Class org.gradle.internal.time.Clock                                                  : loaded 2 times (x 66B)
Class kotlin.collections.AbstractList                                                 : loaded 2 times (x 193B)
Class kotlin.collections.AbstractCollection                                           : loaded 2 times (x 113B)
Class org.gradle.internal.classloader.VisitableURLClassLoader$InstrumentingVisitableURLClassLoader: loaded 2 times (x 119B)
Class org.gradle.internal.classloader.VisitableURLClassLoader$Spec                    : loaded 2 times (x 70B)
Class org.gradle.internal.classpath.DefaultClassPath                                  : loaded 2 times (x 86B)
Class org.gradle.internal.classloader.ClassLoaderSpec                                 : loaded 2 times (x 67B)
Class Settings_gradle$1$1                                                             : loaded 2 times (x 70B)
Class kotlin.Unit                                                                     : loaded 2 times (x 67B)
Class org.gradle.internal.classloader.VisitableURLClassLoader                         : loaded 2 times (x 113B)
Class Settings_gradle                                                                 : loaded 2 times (x 124B)
Class org.gradle.internal.Cast                                                        : loaded 2 times (x 67B)
Class org.gradle.api.Action                                                           : loaded 2 times (x 66B)
Class kotlin.jvm.functions.Function1                                                  : loaded 2 times (x 66B)
Class org.gradle.internal.classpath.DefaultClassPath$ImmutableUniqueList$Builder      : loaded 2 times (x 71B)
Class org.jetbrains.kotlin.idea.gradleTooling.model.samWithReceiver.SamWithReceiverModel: loaded 2 times (x 66B)
Class kotlin.NotImplementedError                                                      : loaded 2 times (x 78B)
Class org.gradle.internal.exceptions.NonGradleCauseExceptionsHolder                   : loaded 2 times (x 66B)
Class org.jetbrains.plugins.gradle.tooling.ModelBuilderService$Parameter              : loaded 2 times (x 66B)
Class org.jetbrains.kotlin.idea.gradleTooling.model.assignment.AssignmentModel        : loaded 2 times (x 66B)
Class kotlin.enums.EnumEntriesKt                                                      : loaded 2 times (x 67B)
Class org.gradle.internal.IoActions                                                   : loaded 2 times (x 67B)
Class org.gradle.internal.classloader.SystemClassLoaderSpec                           : loaded 2 times (x 67B)
Class org.gradle.internal.exceptions.MultiCauseException                              : loaded 2 times (x 66B)
Class org.gradle.internal.time.CountdownTimer                                         : loaded 2 times (x 66B)
Class kotlin.jvm.internal.Intrinsics                                                  : loaded 2 times (x 67B)
Class org.jetbrains.kotlin.idea.gradleTooling.model.parcelize.ParcelizeGradleModel    : loaded 2 times (x 66B)
Class sync_studio_tooling14256_bfzb72vq4qvcdz7aml6i1mv4b                              : loaded 2 times (x 175B)
Class org.gradle.tooling.model.ProjectModel                                           : loaded 2 times (x 66B)
Class kotlin.KotlinNullPointerException                                               : loaded 2 times (x 79B)
Class org.jetbrains.plugins.gradle.model.tests.ExternalTestsModel                     : loaded 2 times (x 66B)
Class org.gradle.internal.exceptions.DefaultMultiCauseException                       : loaded 2 times (x 91B)
Class org.gradle.internal.time.Time                                                   : loaded 2 times (x 67B)
Class org.jetbrains.plugins.gradle.model.DependencyAccessorsModel                     : loaded 2 times (x 66B)
Class org.gradle.api.internal.classpath.GlobalCacheRootsProvider                      : loaded 2 times (x 66B)
Class org.jetbrains.kotlin.idea.gradleTooling.KotlinMPPGradleModel                    : loaded 2 times (x 66B)
Class org.gradle.tooling.model.BuildIdentifier                                        : loaded 2 times (x 66B)
Class org.jetbrains.kotlin.idea.gradleTooling.PrepareKotlinIdeImportTaskModel         : loaded 2 times (x 66B)
Class org.gradle.internal.time.Timer                                                  : loaded 2 times (x 66B)
Class kotlin.jvm.internal.markers.KMappedMarker                                       : loaded 2 times (x 66B)
Class org.gradle.internal.installation.CurrentGradleInstallationLocator               : loaded 2 times (x 67B)
Class org.gradle.internal.service.DefaultServiceLocator                               : loaded 2 times (x 79B)
Class org.gradle.util.GradleVersion                                                   : loaded 2 times (x 79B)
Class org.gradle.internal.installation.CurrentGradleInstallation                      : loaded 2 times (x 69B)
Class org.jetbrains.plugins.gradle.javaModel.JavaGradleManifestModel                  : loaded 2 times (x 66B)
Class org.gradle.util.internal.GUtil                                                  : loaded 2 times (x 67B)
Class org.gradle.internal.installation.GradleInstallation                             : loaded 2 times (x 71B)

---------------  S Y S T E M  ---------------

OS:
 Windows 11 , 64 bit Build 26100 (10.0.26100.4202)
OS uptime: 4 days 1:57 hours
Hyper-V role detected

CPU: total 12 (initial active 12) (12 cores per cpu, 2 threads per core) family 25 model 80 stepping 0 microcode 0xa50000f, cx8, cmov, fxsr, ht, mmx, 3dnowpref, sse, sse2, sse3, ssse3, sse4a, sse4.1, sse4.2, popcnt, lzcnt, tsc, tscinvbit, avx, avx2, aes, erms, clmul, bmi1, bmi2, adx, sha, fma, vzeroupper, clflush, clflushopt, hv, rdtscp, rdpid, fsrm, f16c, cet_ss
Processor Information for the first 12 processors :
  Max Mhz: 2301, Current Mhz: 1851, Mhz Limit: 2301

Memory: 4k page, system-wide physical 7531M (9M free)
TotalPageFile size 31083M (AvailPageFile size 7M)
current process WorkingSet (physical memory assigned to process): 38M, peak: 111M
current process commit charge ("private bytes"): 394M, peak: 401M

vm_info: OpenJDK 64-Bit Server VM (21.0.6+-13368085-b895.109) for windows-amd64 JRE (21.0.6+-13368085-b895.109), built on 2025-04-16T17:01:31Z by "builder" with MS VC++ 16.10 / 16.11 (VS2019)

END.
