#
# There is insufficient memory for the Java Runtime Environment to continue.
# Native memory allocation (mmap) failed to map 4571136 bytes. Error detail: G1 virtual space
# Possible reasons:
#   The system is out of physical RAM or swap space
#   This process is running with CompressedOops enabled, and the Java Heap may be blocking the growth of the native heap
# Possible solutions:
#   Reduce memory load on the system
#   Increase physical memory or swap space
#   Check if swap backing store is full
#   Decrease Java heap size (-Xmx/-Xms)
#   Decrease number of Java threads
#   Decrease Java thread stack sizes (-Xss)
#   Set larger code cache with -XX:ReservedCodeCacheSize=
#   JVM is running with Unscaled Compressed Oops mode in which the Java heap is
#     placed in the first 4GB address space. The Java Heap base address is the
#     maximum limit for the native heap growth. Please use -XX:HeapBaseMinAddress
#     to set the Java Heap base and to place the Java Heap above 4GB virtual address.
# This output file may be truncated or incomplete.
#
#  Out of Memory Error (os_windows.cpp:3898), pid=11680, tid=18372
#
# JRE version: OpenJDK Runtime Environment (21.0.6) (build 21.0.6+-13368085-b895.109)
# Java VM: OpenJDK 64-Bit Server VM (21.0.6+-13368085-b895.109, mixed mode, tiered, compressed oops, compressed class ptrs, g1 gc, windows-amd64)
# No core dump will be written. Minidumps are not enabled by default on client versions of Windows
#

---------------  S U M M A R Y ------------

Command Line: --add-opens=java.base/java.lang=ALL-UNNAMED --add-opens=java.base/java.lang.invoke=ALL-UNNAMED --add-opens=java.base/java.util=ALL-UNNAMED --add-opens=java.prefs/java.util.prefs=ALL-UNNAMED --add-exports=jdk.compiler/com.sun.tools.javac.api=ALL-UNNAMED --add-exports=jdk.compiler/com.sun.tools.javac.util=ALL-UNNAMED --add-opens=java.base/java.util=ALL-UNNAMED --add-opens=java.prefs/java.util.prefs=ALL-UNNAMED --add-opens=java.base/java.nio.charset=ALL-UNNAMED --add-opens=java.base/java.net=ALL-UNNAMED --add-opens=java.base/java.util.concurrent.atomic=ALL-UNNAMED --add-opens=java.xml/javax.xml.namespace=ALL-UNNAMED -Xmx2048m -Dfile.encoding=UTF-8 -Duser.country=GB -Duser.language=en -Duser.variant -javaagent:C:\Users\natas\.gradle\wrapper\dists\gradle-8.11.1-bin\bpt9gzteqjrbo1mjrsomdt32c\gradle-8.11.1\lib\agents\gradle-instrumentation-agent-8.11.1.jar org.gradle.launcher.daemon.bootstrap.GradleDaemon 8.11.1

Host: AMD Ryzen 5 5625U with Radeon Graphics         , 12 cores, 7G,  Windows 11 , 64 bit Build 26100 (10.0.26100.4202)
Time: Fri Jul  4 20:28:59 2025 E. Africa Standard Time elapsed time: 526.650114 seconds (0d 0h 8m 46s)

---------------  T H R E A D  ---------------

Current thread (0x000001f87b6d2700):  VMThread "VM Thread"          [id=18372, stack(0x0000000215600000,0x0000000215700000) (1024K)]

Stack: [0x0000000215600000,0x0000000215700000]
Native frames: (J=compiled Java code, j=interpreted, Vv=VM code, C=native code)
V  [jvm.dll+0x6d0639]
V  [jvm.dll+0x85eb03]
V  [jvm.dll+0x86105e]
V  [jvm.dll+0x861743]
V  [jvm.dll+0x27e6e6]
V  [jvm.dll+0x6ccfd5]
V  [jvm.dll+0x6c0a8a]
V  [jvm.dll+0x35537b]
V  [jvm.dll+0x35cfd6]
V  [jvm.dll+0x3aef9b]
V  [jvm.dll+0x3af258]
V  [jvm.dll+0x327a2c]
V  [jvm.dll+0x327ab7]
V  [jvm.dll+0x36d93c]
V  [jvm.dll+0x36c0ee]
V  [jvm.dll+0x327181]
V  [jvm.dll+0x36b7f0]
V  [jvm.dll+0x8674c8]
V  [jvm.dll+0x868844]
V  [jvm.dll+0x868d80]
V  [jvm.dll+0x869013]
V  [jvm.dll+0x806ed8]
V  [jvm.dll+0x6cef0d]
C  [ucrtbase.dll+0x37b0]
C  [KERNEL32.DLL+0x2e8d7]
C  [ntdll.dll+0x3c34c]

VM_Operation (0x0000000216ff7700): G1CollectForAllocation, mode: safepoint, requested by thread 0x000001f805a25310


---------------  P R O C E S S  ---------------

Threads class SMR info:
_java_thread_list=0x000001f8061b0d80, length=65, elements={
0x000001f863bbc0b0, 0x000001f8040802a0, 0x000001f804081a60, 0x000001f8040864d0,
0x000001f804064bd0, 0x000001f804066190, 0x000001f8040682c0, 0x000001f804069040,
0x000001f80406a640, 0x000001f8041e5f60, 0x000001f8043b0ad0, 0x000001f8059b7cb0,
0x000001f805ee40c0, 0x000001f805a42200, 0x000001f804fb2f80, 0x000001f8059544b0,
0x000001f805868170, 0x000001f805a25310, 0x000001f80524b390, 0x000001f8041aeff0,
0x000001f8041ae960, 0x000001f8041af680, 0x000001f8041afd10, 0x000001f806992880,
0x000001f806992f10, 0x000001f806993c30, 0x000001f8069942c0, 0x000001f8069914d0,
0x000001f806990e40, 0x000001f806994950, 0x000001f8069935a0, 0x000001f806994fe0,
0x000001f806991b60, 0x000001f806996a20, 0x000001f806995d00, 0x000001f8069970b0,
0x000001f806997740, 0x000001f806996390, 0x000001f806997dd0, 0x000001f806995670,
0x000001f8074b5080, 0x000001f8074b6430, 0x000001f8074b3cd0, 0x000001f8074b2fb0,
0x000001f8074b5da0, 0x000001f8074b6ac0, 0x000001f8074b3640, 0x000001f8074b9220,
0x000001f8074b98b0, 0x000001f8074b8500, 0x000001f8074b77e0, 0x000001f8074ba5d0,
0x000001f8074b8b90, 0x000001f8074b7150, 0x000001f8074b7e70, 0x000001f8069921f0,
0x000001f8069907b0, 0x000001f806a3a1d0, 0x000001f806a38e20, 0x000001f806a3a860,
0x000001f806a373e0, 0x000001f806a394b0, 0x000001f806a37a70, 0x000001f806a3aef0,
0x000001f806a39b40
}

Java Threads: ( => current thread )
  0x000001f863bbc0b0 JavaThread "main"                              [_thread_blocked, id=31116, stack(0x0000000214f00000,0x0000000215000000) (1024K)]
  0x000001f8040802a0 JavaThread "Reference Handler"          daemon [_thread_blocked, id=27548, stack(0x0000000215700000,0x0000000215800000) (1024K)]
  0x000001f804081a60 JavaThread "Finalizer"                  daemon [_thread_blocked, id=40644, stack(0x0000000215800000,0x0000000215900000) (1024K)]
  0x000001f8040864d0 JavaThread "Signal Dispatcher"          daemon [_thread_blocked, id=38108, stack(0x0000000215900000,0x0000000215a00000) (1024K)]
  0x000001f804064bd0 JavaThread "Attach Listener"            daemon [_thread_blocked, id=10920, stack(0x0000000215a00000,0x0000000215b00000) (1024K)]
  0x000001f804066190 JavaThread "Service Thread"             daemon [_thread_blocked, id=29704, stack(0x0000000215b00000,0x0000000215c00000) (1024K)]
  0x000001f8040682c0 JavaThread "Monitor Deflation Thread"   daemon [_thread_blocked, id=20984, stack(0x0000000215c00000,0x0000000215d00000) (1024K)]
  0x000001f804069040 JavaThread "C2 CompilerThread0"         daemon [_thread_blocked, id=18380, stack(0x0000000215d00000,0x0000000215e00000) (1024K)]
  0x000001f80406a640 JavaThread "C1 CompilerThread0"         daemon [_thread_blocked, id=13596, stack(0x0000000215e00000,0x0000000215f00000) (1024K)]
  0x000001f8041e5f60 JavaThread "Common-Cleaner"             daemon [_thread_blocked, id=2960, stack(0x0000000215f00000,0x0000000216000000) (1024K)]
  0x000001f8043b0ad0 JavaThread "Notification Thread"        daemon [_thread_blocked, id=39444, stack(0x0000000216000000,0x0000000216100000) (1024K)]
  0x000001f8059b7cb0 JavaThread "Daemon health stats"               [_thread_blocked, id=30940, stack(0x0000000216500000,0x0000000216600000) (1024K)]
  0x000001f805ee40c0 JavaThread "Incoming local TCP Connector on port 48200"        [_thread_in_native, id=40152, stack(0x0000000216600000,0x0000000216700000) (1024K)]
  0x000001f805a42200 JavaThread "Daemon periodic checks"            [_thread_blocked, id=37680, stack(0x0000000216c00000,0x0000000216d00000) (1024K)]
  0x000001f804fb2f80 JavaThread "Daemon"                            [_thread_blocked, id=28852, stack(0x0000000214d00000,0x0000000214e00000) (1024K)]
  0x000001f8059544b0 JavaThread "Handler for socket connection from /127.0.0.1:48200 to /127.0.0.1:48214"        [_thread_in_native, id=23728, stack(0x0000000216d00000,0x0000000216e00000) (1024K)]
  0x000001f805868170 JavaThread "Cancel handler"                    [_thread_blocked, id=31628, stack(0x0000000216e00000,0x0000000216f00000) (1024K)]
  0x000001f805a25310 JavaThread "Daemon worker"                     [_thread_blocked, id=32220, stack(0x0000000216f00000,0x0000000217000000) (1024K)]
  0x000001f80524b390 JavaThread "Asynchronous log dispatcher for DefaultDaemonConnection: socket connection from /127.0.0.1:48200 to /127.0.0.1:48214"        [_thread_blocked, id=12704, stack(0x0000000217000000,0x0000000217100000) (1024K)]
  0x000001f8041aeff0 JavaThread "Stdin handler"                     [_thread_blocked, id=7480, stack(0x0000000217100000,0x0000000217200000) (1024K)]
  0x000001f8041ae960 JavaThread "Daemon client event forwarder"        [_thread_blocked, id=23040, stack(0x0000000217200000,0x0000000217300000) (1024K)]
  0x000001f8041af680 JavaThread "Cache worker for journal cache (C:\Users\natas\.gradle\caches\journal-1)"        [_thread_blocked, id=13992, stack(0x0000000217500000,0x0000000217600000) (1024K)]
  0x000001f8041afd10 JavaThread "File lock request listener"        [_thread_in_native, id=5976, stack(0x0000000217600000,0x0000000217700000) (1024K)]
  0x000001f806992880 JavaThread "Cache worker for file hash cache (C:\Users\natas\.gradle\caches\8.11.1\fileHashes)"        [_thread_blocked, id=29296, stack(0x0000000217700000,0x0000000217800000) (1024K)]
  0x000001f806992f10 JavaThread "Cache worker for file content cache (C:\Users\natas\.gradle\caches\8.11.1\fileContent)"        [_thread_blocked, id=39652, stack(0x0000000217900000,0x0000000217a00000) (1024K)]
  0x000001f806993c30 JavaThread "Cache worker for file hash cache (C:\Users\natas\AndroidStudioProjects\MyApplication3\.gradle\8.11.1\fileHashes)"        [_thread_blocked, id=24916, stack(0x0000000217a00000,0x0000000217b00000) (1024K)]
  0x000001f8069942c0 JavaThread "Cache worker for Build Output Cleanup Cache (C:\Users\natas\AndroidStudioProjects\MyApplication3\.gradle\buildOutputCleanup)"        [_thread_blocked, id=23096, stack(0x0000000217b00000,0x0000000217c00000) (1024K)]
  0x000001f8069914d0 JavaThread "File watcher server"        daemon [_thread_in_native, id=40944, stack(0x0000000217c00000,0x0000000217d00000) (1024K)]
  0x000001f806990e40 JavaThread "File watcher consumer"      daemon [_thread_blocked, id=34388, stack(0x0000000217d00000,0x0000000217e00000) (1024K)]
  0x000001f806994950 JavaThread "jar transforms"                    [_thread_blocked, id=36056, stack(0x0000000214e00000,0x0000000214f00000) (1024K)]
  0x000001f8069935a0 JavaThread "jar transforms Thread 2"           [_thread_blocked, id=38240, stack(0x0000000217e00000,0x0000000217f00000) (1024K)]
  0x000001f806994fe0 JavaThread "jar transforms Thread 3"           [_thread_blocked, id=23604, stack(0x0000000217f00000,0x0000000218000000) (1024K)]
  0x000001f806991b60 JavaThread "jar transforms Thread 4"           [_thread_blocked, id=39664, stack(0x0000000218000000,0x0000000218100000) (1024K)]
  0x000001f806996a20 JavaThread "jar transforms Thread 5"           [_thread_blocked, id=15620, stack(0x0000000218100000,0x0000000218200000) (1024K)]
  0x000001f806995d00 JavaThread "jar transforms Thread 6"           [_thread_blocked, id=29656, stack(0x0000000218200000,0x0000000218300000) (1024K)]
  0x000001f8069970b0 JavaThread "jar transforms Thread 7"           [_thread_blocked, id=14648, stack(0x0000000218300000,0x0000000218400000) (1024K)]
  0x000001f806997740 JavaThread "jar transforms Thread 8"           [_thread_blocked, id=38992, stack(0x0000000218400000,0x0000000218500000) (1024K)]
  0x000001f806996390 JavaThread "jar transforms Thread 9"           [_thread_blocked, id=28208, stack(0x0000000218500000,0x0000000218600000) (1024K)]
  0x000001f806997dd0 JavaThread "jar transforms Thread 10"          [_thread_blocked, id=28644, stack(0x0000000218600000,0x0000000218700000) (1024K)]
  0x000001f806995670 JavaThread "jar transforms Thread 11"          [_thread_blocked, id=5664, stack(0x0000000218700000,0x0000000218800000) (1024K)]
  0x000001f8074b5080 JavaThread "jar transforms Thread 12"          [_thread_blocked, id=38568, stack(0x0000000218800000,0x0000000218900000) (1024K)]
  0x000001f8074b6430 JavaThread "Cache worker for checksums cache (C:\Users\natas\AndroidStudioProjects\MyApplication3\.gradle\8.11.1\checksums)"        [_thread_blocked, id=31776, stack(0x0000000218900000,0x0000000218a00000) (1024K)]
  0x000001f8074b3cd0 JavaThread "Cache worker for cache directory md-rule (C:\Users\natas\.gradle\caches\8.11.1\md-rule)"        [_thread_blocked, id=37512, stack(0x0000000218a00000,0x0000000218b00000) (1024K)]
  0x000001f8074b2fb0 JavaThread "Cache worker for cache directory md-supplier (C:\Users\natas\.gradle\caches\8.11.1\md-supplier)"        [_thread_blocked, id=25232, stack(0x0000000218b00000,0x0000000218c00000) (1024K)]
  0x000001f8074b5da0 JavaThread "Unconstrained build operations"        [_thread_blocked, id=36904, stack(0x0000000218e00000,0x0000000218f00000) (1024K)]
  0x000001f8074b6ac0 JavaThread "Unconstrained build operations Thread 2"        [_thread_blocked, id=26152, stack(0x0000000218f00000,0x0000000219000000) (1024K)]
  0x000001f8074b3640 JavaThread "Unconstrained build operations Thread 3"        [_thread_blocked, id=34712, stack(0x0000000219000000,0x0000000219100000) (1024K)]
  0x000001f8074b9220 JavaThread "Unconstrained build operations Thread 4"        [_thread_blocked, id=31740, stack(0x0000000219100000,0x0000000219200000) (1024K)]
  0x000001f8074b98b0 JavaThread "Unconstrained build operations Thread 5"        [_thread_blocked, id=13156, stack(0x0000000219200000,0x0000000219300000) (1024K)]
  0x000001f8074b8500 JavaThread "Unconstrained build operations Thread 6"        [_thread_blocked, id=39672, stack(0x0000000219300000,0x0000000219400000) (1024K)]
  0x000001f8074b77e0 JavaThread "Unconstrained build operations Thread 7"        [_thread_blocked, id=32416, stack(0x0000000219400000,0x0000000219500000) (1024K)]
  0x000001f8074ba5d0 JavaThread "Unconstrained build operations Thread 8"        [_thread_blocked, id=9484, stack(0x0000000219500000,0x0000000219600000) (1024K)]
  0x000001f8074b8b90 JavaThread "Unconstrained build operations Thread 9"        [_thread_blocked, id=38364, stack(0x0000000219600000,0x0000000219700000) (1024K)]
  0x000001f8074b7150 JavaThread "Unconstrained build operations Thread 10"        [_thread_blocked, id=1804, stack(0x0000000219700000,0x0000000219800000) (1024K)]
  0x000001f8074b7e70 JavaThread "Unconstrained build operations Thread 11"        [_thread_blocked, id=4508, stack(0x0000000219800000,0x0000000219900000) (1024K)]
  0x000001f8069921f0 JavaThread "Unconstrained build operations Thread 12"        [_thread_blocked, id=3040, stack(0x0000000219900000,0x0000000219a00000) (1024K)]
  0x000001f8069907b0 JavaThread "Unconstrained build operations Thread 13"        [_thread_blocked, id=30612, stack(0x0000000219a00000,0x0000000219b00000) (1024K)]
  0x000001f806a3a1d0 JavaThread "Unconstrained build operations Thread 14"        [_thread_blocked, id=34228, stack(0x0000000219b00000,0x0000000219c00000) (1024K)]
  0x000001f806a38e20 JavaThread "Unconstrained build operations Thread 15"        [_thread_blocked, id=37768, stack(0x0000000219c00000,0x0000000219d00000) (1024K)]
  0x000001f806a3a860 JavaThread "Unconstrained build operations Thread 16"        [_thread_blocked, id=32016, stack(0x0000000219d00000,0x0000000219e00000) (1024K)]
  0x000001f806a373e0 JavaThread "Unconstrained build operations Thread 17"        [_thread_blocked, id=12216, stack(0x0000000219e00000,0x0000000219f00000) (1024K)]
  0x000001f806a394b0 JavaThread "Unconstrained build operations Thread 18"        [_thread_blocked, id=32620, stack(0x0000000219f00000,0x000000021a000000) (1024K)]
  0x000001f806a37a70 JavaThread "Unconstrained build operations Thread 19"        [_thread_blocked, id=24456, stack(0x000000021a000000,0x000000021a100000) (1024K)]
  0x000001f806a3aef0 JavaThread "Unconstrained build operations Thread 20"        [_thread_blocked, id=29556, stack(0x000000021a100000,0x000000021a200000) (1024K)]
  0x000001f806a39b40 JavaThread "Unconstrained build operations Thread 21"        [_thread_blocked, id=38536, stack(0x000000021a200000,0x000000021a300000) (1024K)]
Total: 65

Other Threads:
=>0x000001f87b6d2700 VMThread "VM Thread"                           [id=18372, stack(0x0000000215600000,0x0000000215700000) (1024K)]
  0x000001f87b677e90 WatcherThread "VM Periodic Task Thread"        [id=29664, stack(0x0000000215500000,0x0000000215600000) (1024K)]
  0x000001f863c14ca0 WorkerThread "GC Thread#0"                     [id=16260, stack(0x0000000215000000,0x0000000215100000) (1024K)]
  0x000001f8046eccd0 WorkerThread "GC Thread#1"                     [id=22944, stack(0x0000000216100000,0x0000000216200000) (1024K)]
  0x000001f804828ed0 WorkerThread "GC Thread#2"                     [id=33820, stack(0x0000000216200000,0x0000000216300000) (1024K)]
  0x000001f8042b40b0 WorkerThread "GC Thread#3"                     [id=22896, stack(0x0000000216300000,0x0000000216400000) (1024K)]
  0x000001f80459e4e0 WorkerThread "GC Thread#4"                     [id=30912, stack(0x0000000216400000,0x0000000216500000) (1024K)]
  0x000001f805354060 WorkerThread "GC Thread#5"                     [id=36916, stack(0x0000000216700000,0x0000000216800000) (1024K)]
  0x000001f80500fb80 WorkerThread "GC Thread#6"                     [id=37660, stack(0x0000000216800000,0x0000000216900000) (1024K)]
  0x000001f80500ff20 WorkerThread "GC Thread#7"                     [id=5108, stack(0x0000000216900000,0x0000000216a00000) (1024K)]
  0x000001f805b8e1d0 WorkerThread "GC Thread#8"                     [id=40032, stack(0x0000000216a00000,0x0000000216b00000) (1024K)]
  0x000001f805b8cc10 WorkerThread "GC Thread#9"                     [id=13524, stack(0x0000000216b00000,0x0000000216c00000) (1024K)]
  0x000001f863c25b90 ConcurrentGCThread "G1 Main Marker"            [id=17480, stack(0x0000000215100000,0x0000000215200000) (1024K)]
  0x000001f863c265a0 WorkerThread "G1 Conc#0"                       [id=29324, stack(0x0000000215200000,0x0000000215300000) (1024K)]
  0x000001f805b8cfb0 WorkerThread "G1 Conc#1"                       [id=11632, stack(0x0000000217300000,0x0000000217400000) (1024K)]
  0x000001f805b8d350 WorkerThread "G1 Conc#2"                       [id=37368, stack(0x0000000217400000,0x0000000217500000) (1024K)]
  0x000001f863c7e9b0 ConcurrentGCThread "G1 Refine#0"               [id=39272, stack(0x0000000215300000,0x0000000215400000) (1024K)]
  0x000001f87b54aa80 ConcurrentGCThread "G1 Service"                [id=23492, stack(0x0000000215400000,0x0000000215500000) (1024K)]
Total: 18

Threads with active compile tasks:
C2 CompilerThread0  527554 6616   !   4       java.util.regex.Pattern::closure (276 bytes)
Total: 1

VM state: at safepoint (normal execution)

VM Mutex/Monitor currently owned by a thread:  ([mutex/lock_event])
[0x00007ffd9c59e3a0] Threads_lock - owner thread: 0x000001f87b6d2700
[0x00007ffd9c59e4a0] Heap_lock - owner thread: 0x000001f805a25310

Heap address: 0x0000000080000000, size: 2048 MB, Compressed Oops mode: 32-bit

CDS archive(s) not mapped
Compressed class space mapped at: 0x0000000100000000-0x0000000140000000, reserved size: 1073741824
Narrow klass base: 0x0000000000000000, Narrow klass shift: 3, Narrow klass range: 0x140000000

GC Precious Log:
 CardTable entry size: 512
 Card Set container configuration: InlinePtr #cards 5 size 8 Array Of Cards #cards 12 size 40 Howl #buckets 4 coarsen threshold 1843 Howl Bitmap #cards 512 size 80 coarsen threshold 460 Card regions per heap region 1 cards per card region 2048
 CPUs: 12 total, 12 available
 Memory: 7531M
 Large Page Support: Disabled
 NUMA Support: Disabled
 Compressed Oops: Enabled (32-bit)
 Heap Region Size: 1M
 Heap Min Capacity: 8M
 Heap Initial Capacity: 118M
 Heap Max Capacity: 2G
 Pre-touch: Disabled
 Parallel Workers: 10
 Concurrent Workers: 3
 Concurrent Refinement Workers: 10
 Periodic GC: Disabled

Heap:
 garbage-first heap   total 180224K, used 73180K [0x0000000080000000, 0x0000000100000000)
  region size 1024K, 1 young (1024K), 1 survivors (1024K)
 Metaspace       used 59563K, committed 61120K, reserved 1114112K
  class space    used 7916K, committed 8704K, reserved 1048576K

Heap Regions: E=young(eden), S=young(survivor), O=old, HS=humongous(starts), HC=humongous(continues), CS=collection set, F=free, TAMS=top-at-mark-start, PB=parsable bottom
|   0|0x0000000080000000, 0x0000000080100000, 0x0000000080100000|100%| O|  |TAMS 0x0000000080000000| PB 0x0000000080000000| Untracked 
|   1|0x0000000080100000, 0x0000000080200000, 0x0000000080200000|100%|HS|  |TAMS 0x0000000080100000| PB 0x0000000080100000| Complete 
|   2|0x0000000080200000, 0x0000000080300000, 0x0000000080300000|100%|HC|  |TAMS 0x0000000080200000| PB 0x0000000080200000| Complete 
|   3|0x0000000080300000, 0x0000000080400000, 0x0000000080400000|100%|HC|  |TAMS 0x0000000080300000| PB 0x0000000080300000| Complete 
|   4|0x0000000080400000, 0x0000000080500000, 0x0000000080500000|100%| O|  |TAMS 0x0000000080400000| PB 0x0000000080400000| Untracked 
|   5|0x0000000080500000, 0x0000000080600000, 0x0000000080600000|100%| O|  |TAMS 0x0000000080500000| PB 0x0000000080500000| Untracked 
|   6|0x0000000080600000, 0x0000000080700000, 0x0000000080700000|100%| O|  |TAMS 0x0000000080600000| PB 0x0000000080600000| Untracked 
|   7|0x0000000080700000, 0x0000000080800000, 0x0000000080800000|100%|HS|  |TAMS 0x0000000080700000| PB 0x0000000080700000| Complete 
|   8|0x0000000080800000, 0x0000000080900000, 0x0000000080900000|100%| O|  |TAMS 0x0000000080800000| PB 0x0000000080800000| Untracked 
|   9|0x0000000080900000, 0x0000000080a00000, 0x0000000080a00000|100%| O|  |TAMS 0x0000000080900000| PB 0x0000000080900000| Untracked 
|  10|0x0000000080a00000, 0x0000000080b00000, 0x0000000080b00000|100%| O|  |TAMS 0x0000000080a00000| PB 0x0000000080a00000| Untracked 
|  11|0x0000000080b00000, 0x0000000080c00000, 0x0000000080c00000|100%| O|  |TAMS 0x0000000080b00000| PB 0x0000000080b00000| Untracked 
|  12|0x0000000080c00000, 0x0000000080d00000, 0x0000000080d00000|100%| O|  |TAMS 0x0000000080c00000| PB 0x0000000080c00000| Untracked 
|  13|0x0000000080d00000, 0x0000000080dffff8, 0x0000000080e00000| 99%| O|  |TAMS 0x0000000080d00000| PB 0x0000000080d00000| Untracked 
|  14|0x0000000080e00000, 0x0000000080f00000, 0x0000000080f00000|100%| O|  |TAMS 0x0000000080e00000| PB 0x0000000080e00000| Untracked 
|  15|0x0000000080f00000, 0x0000000081000000, 0x0000000081000000|100%| O|  |TAMS 0x0000000080f00000| PB 0x0000000080f00000| Untracked 
|  16|0x0000000081000000, 0x0000000081100000, 0x0000000081100000|100%| O|  |TAMS 0x0000000081000000| PB 0x0000000081000000| Untracked 
|  17|0x0000000081100000, 0x0000000081200000, 0x0000000081200000|100%| O|  |TAMS 0x0000000081100000| PB 0x0000000081100000| Untracked 
|  18|0x0000000081200000, 0x0000000081300000, 0x0000000081300000|100%| O|  |TAMS 0x0000000081200000| PB 0x0000000081200000| Untracked 
|  19|0x0000000081300000, 0x0000000081400000, 0x0000000081400000|100%| O|  |TAMS 0x0000000081300000| PB 0x0000000081300000| Untracked 
|  20|0x0000000081400000, 0x0000000081500000, 0x0000000081500000|100%| O|  |TAMS 0x0000000081400000| PB 0x0000000081400000| Untracked 
|  21|0x0000000081500000, 0x0000000081600000, 0x0000000081600000|100%| O|  |TAMS 0x0000000081500000| PB 0x0000000081500000| Untracked 
|  22|0x0000000081600000, 0x0000000081700000, 0x0000000081700000|100%|HS|  |TAMS 0x0000000081600000| PB 0x0000000081600000| Complete 
|  23|0x0000000081700000, 0x0000000081800000, 0x0000000081800000|100%|HC|  |TAMS 0x0000000081700000| PB 0x0000000081700000| Complete 
|  24|0x0000000081800000, 0x0000000081900000, 0x0000000081900000|100%|HC|  |TAMS 0x0000000081800000| PB 0x0000000081800000| Complete 
|  25|0x0000000081900000, 0x0000000081a00000, 0x0000000081a00000|100%|HC|  |TAMS 0x0000000081900000| PB 0x0000000081900000| Complete 
|  26|0x0000000081a00000, 0x0000000081b00000, 0x0000000081b00000|100%|HC|  |TAMS 0x0000000081a00000| PB 0x0000000081a00000| Complete 
|  27|0x0000000081b00000, 0x0000000081c00000, 0x0000000081c00000|100%|HC|  |TAMS 0x0000000081b00000| PB 0x0000000081b00000| Complete 
|  28|0x0000000081c00000, 0x0000000081d00000, 0x0000000081d00000|100%|HS|  |TAMS 0x0000000081c00000| PB 0x0000000081c00000| Complete 
|  29|0x0000000081d00000, 0x0000000081e00000, 0x0000000081e00000|100%|HC|  |TAMS 0x0000000081d00000| PB 0x0000000081d00000| Complete 
|  30|0x0000000081e00000, 0x0000000081f00000, 0x0000000081f00000|100%|HS|  |TAMS 0x0000000081e00000| PB 0x0000000081e00000| Complete 
|  31|0x0000000081f00000, 0x0000000082000000, 0x0000000082000000|100%| O|  |TAMS 0x0000000081f00000| PB 0x0000000081f00000| Untracked 
|  32|0x0000000082000000, 0x0000000082100000, 0x0000000082100000|100%| O|  |TAMS 0x0000000082000000| PB 0x0000000082000000| Untracked 
|  33|0x0000000082100000, 0x0000000082200000, 0x0000000082200000|100%| O|  |TAMS 0x0000000082100000| PB 0x0000000082100000| Untracked 
|  34|0x0000000082200000, 0x0000000082300000, 0x0000000082300000|100%| O|  |TAMS 0x0000000082200000| PB 0x0000000082200000| Untracked 
|  35|0x0000000082300000, 0x0000000082400000, 0x0000000082400000|100%|HS|  |TAMS 0x0000000082300000| PB 0x0000000082300000| Complete 
|  36|0x0000000082400000, 0x0000000082500000, 0x0000000082500000|100%|HC|  |TAMS 0x0000000082400000| PB 0x0000000082400000| Complete 
|  37|0x0000000082500000, 0x0000000082600000, 0x0000000082600000|100%|HC|  |TAMS 0x0000000082500000| PB 0x0000000082500000| Complete 
|  38|0x0000000082600000, 0x0000000082700000, 0x0000000082700000|100%|HC|  |TAMS 0x0000000082600000| PB 0x0000000082600000| Complete 
|  39|0x0000000082700000, 0x0000000082800000, 0x0000000082800000|100%| O|  |TAMS 0x0000000082700000| PB 0x0000000082700000| Untracked 
|  40|0x0000000082800000, 0x0000000082900000, 0x0000000082900000|100%| O|  |TAMS 0x0000000082800000| PB 0x0000000082800000| Untracked 
|  41|0x0000000082900000, 0x0000000082a00000, 0x0000000082a00000|100%| O|  |TAMS 0x0000000082900000| PB 0x0000000082900000| Untracked 
|  42|0x0000000082a00000, 0x0000000082b00000, 0x0000000082b00000|100%| O|  |TAMS 0x0000000082a00000| PB 0x0000000082a00000| Untracked 
|  43|0x0000000082b00000, 0x0000000082c00000, 0x0000000082c00000|100%| O|  |TAMS 0x0000000082b00000| PB 0x0000000082b00000| Untracked 
|  44|0x0000000082c00000, 0x0000000082d00000, 0x0000000082d00000|100%| O|  |TAMS 0x0000000082c00000| PB 0x0000000082c00000| Untracked 
|  45|0x0000000082d00000, 0x0000000082e00000, 0x0000000082e00000|100%| O|  |TAMS 0x0000000082d00000| PB 0x0000000082d00000| Untracked 
|  46|0x0000000082e00000, 0x0000000082f00000, 0x0000000082f00000|100%| O|  |TAMS 0x0000000082e00000| PB 0x0000000082e00000| Untracked 
|  47|0x0000000082f00000, 0x0000000083000000, 0x0000000083000000|100%| O|  |TAMS 0x0000000082f00000| PB 0x0000000082f00000| Untracked 
|  48|0x0000000083000000, 0x0000000083100000, 0x0000000083100000|100%| O|  |TAMS 0x0000000083000000| PB 0x0000000083000000| Untracked 
|  49|0x0000000083100000, 0x0000000083200000, 0x0000000083200000|100%| O|  |TAMS 0x0000000083100000| PB 0x0000000083100000| Untracked 
|  50|0x0000000083200000, 0x0000000083300000, 0x0000000083300000|100%| O|  |TAMS 0x0000000083200000| PB 0x0000000083200000| Untracked 
|  51|0x0000000083300000, 0x0000000083400000, 0x0000000083400000|100%|HS|  |TAMS 0x0000000083300000| PB 0x0000000083300000| Complete 
|  52|0x0000000083400000, 0x0000000083500000, 0x0000000083500000|100%|HC|  |TAMS 0x0000000083400000| PB 0x0000000083400000| Complete 
|  53|0x0000000083500000, 0x0000000083600000, 0x0000000083600000|100%| O|  |TAMS 0x0000000083500000| PB 0x0000000083500000| Untracked 
|  54|0x0000000083600000, 0x0000000083700000, 0x0000000083700000|100%| O|  |TAMS 0x0000000083600000| PB 0x0000000083600000| Untracked 
|  55|0x0000000083700000, 0x0000000083800000, 0x0000000083800000|100%| O|  |TAMS 0x0000000083700000| PB 0x0000000083700000| Untracked 
|  56|0x0000000083800000, 0x0000000083900000, 0x0000000083900000|100%|HS|  |TAMS 0x0000000083800000| PB 0x0000000083800000| Complete 
|  57|0x0000000083900000, 0x0000000083a00000, 0x0000000083a00000|100%|HC|  |TAMS 0x0000000083900000| PB 0x0000000083900000| Complete 
|  58|0x0000000083a00000, 0x0000000083b00000, 0x0000000083b00000|100%|HC|  |TAMS 0x0000000083a00000| PB 0x0000000083a00000| Complete 
|  59|0x0000000083b00000, 0x0000000083c00000, 0x0000000083c00000|100%|HC|  |TAMS 0x0000000083b00000| PB 0x0000000083b00000| Complete 
|  60|0x0000000083c00000, 0x0000000083d00000, 0x0000000083d00000|100%|HC|  |TAMS 0x0000000083c00000| PB 0x0000000083c00000| Complete 
|  61|0x0000000083d00000, 0x0000000083e00000, 0x0000000083e00000|100%|HC|  |TAMS 0x0000000083d00000| PB 0x0000000083d00000| Complete 
|  62|0x0000000083e00000, 0x0000000083f00000, 0x0000000083f00000|100%|HS|  |TAMS 0x0000000083e00000| PB 0x0000000083e00000| Complete 
|  63|0x0000000083f00000, 0x0000000084000000, 0x0000000084000000|100%|HC|  |TAMS 0x0000000083f00000| PB 0x0000000083f00000| Complete 
|  64|0x0000000084000000, 0x0000000084100000, 0x0000000084100000|100%|HC|  |TAMS 0x0000000084000000| PB 0x0000000084000000| Complete 
|  65|0x0000000084100000, 0x0000000084200000, 0x0000000084200000|100%|HC|  |TAMS 0x0000000084100000| PB 0x0000000084100000| Complete 
|  66|0x0000000084200000, 0x0000000084300000, 0x0000000084300000|100%|HC|  |TAMS 0x0000000084200000| PB 0x0000000084200000| Complete 
|  67|0x0000000084300000, 0x0000000084400000, 0x0000000084400000|100%|HC|  |TAMS 0x0000000084300000| PB 0x0000000084300000| Complete 
|  68|0x0000000084400000, 0x0000000084500000, 0x0000000084500000|100%|HS|  |TAMS 0x0000000084400000| PB 0x0000000084400000| Complete 
|  69|0x0000000084500000, 0x0000000084600000, 0x0000000084600000|100%| O|  |TAMS 0x0000000084500000| PB 0x0000000084500000| Untracked 
|  70|0x0000000084600000, 0x0000000084700000, 0x0000000084700000|100%| O|  |TAMS 0x0000000084600000| PB 0x0000000084600000| Untracked 
|  71|0x0000000084700000, 0x000000008475f9e0, 0x0000000084800000| 37%| O|  |TAMS 0x0000000084700000| PB 0x0000000084700000| Untracked 
|  72|0x0000000084800000, 0x0000000084800000, 0x0000000084900000|  0%| F|  |TAMS 0x0000000084800000| PB 0x0000000084800000| Untracked 
|  73|0x0000000084900000, 0x0000000084900000, 0x0000000084a00000|  0%| F|  |TAMS 0x0000000084900000| PB 0x0000000084900000| Untracked 
|  74|0x0000000084a00000, 0x0000000084a00000, 0x0000000084b00000|  0%| F|  |TAMS 0x0000000084a00000| PB 0x0000000084a00000| Untracked 
|  75|0x0000000084b00000, 0x0000000084b00000, 0x0000000084c00000|  0%| F|  |TAMS 0x0000000084b00000| PB 0x0000000084b00000| Untracked 
|  76|0x0000000084c00000, 0x0000000084c00000, 0x0000000084d00000|  0%| F|  |TAMS 0x0000000084c00000| PB 0x0000000084c00000| Untracked 
|  77|0x0000000084d00000, 0x0000000084d00000, 0x0000000084e00000|  0%| F|  |TAMS 0x0000000084d00000| PB 0x0000000084d00000| Untracked 
|  78|0x0000000084e00000, 0x0000000084e00000, 0x0000000084f00000|  0%| F|  |TAMS 0x0000000084e00000| PB 0x0000000084e00000| Untracked 
|  79|0x0000000084f00000, 0x0000000084f00000, 0x0000000085000000|  0%| F|  |TAMS 0x0000000084f00000| PB 0x0000000084f00000| Untracked 
|  80|0x0000000085000000, 0x0000000085000000, 0x0000000085100000|  0%| F|  |TAMS 0x0000000085000000| PB 0x0000000085000000| Untracked 
|  81|0x0000000085100000, 0x0000000085100000, 0x0000000085200000|  0%| F|  |TAMS 0x0000000085100000| PB 0x0000000085100000| Untracked 
|  82|0x0000000085200000, 0x0000000085200000, 0x0000000085300000|  0%| F|  |TAMS 0x0000000085200000| PB 0x0000000085200000| Untracked 
|  83|0x0000000085300000, 0x0000000085300000, 0x0000000085400000|  0%| F|  |TAMS 0x0000000085300000| PB 0x0000000085300000| Untracked 
|  84|0x0000000085400000, 0x0000000085400000, 0x0000000085500000|  0%| F|  |TAMS 0x0000000085400000| PB 0x0000000085400000| Untracked 
|  85|0x0000000085500000, 0x0000000085500000, 0x0000000085600000|  0%| F|  |TAMS 0x0000000085500000| PB 0x0000000085500000| Untracked 
|  86|0x0000000085600000, 0x0000000085600000, 0x0000000085700000|  0%| F|  |TAMS 0x0000000085600000| PB 0x0000000085600000| Untracked 
|  87|0x0000000085700000, 0x0000000085700000, 0x0000000085800000|  0%| F|  |TAMS 0x0000000085700000| PB 0x0000000085700000| Untracked 
|  88|0x0000000085800000, 0x0000000085800000, 0x0000000085900000|  0%| F|  |TAMS 0x0000000085800000| PB 0x0000000085800000| Untracked 
|  89|0x0000000085900000, 0x0000000085900000, 0x0000000085a00000|  0%| F|  |TAMS 0x0000000085900000| PB 0x0000000085900000| Untracked 
|  90|0x0000000085a00000, 0x0000000085a00000, 0x0000000085b00000|  0%| F|  |TAMS 0x0000000085a00000| PB 0x0000000085a00000| Untracked 
|  91|0x0000000085b00000, 0x0000000085b00000, 0x0000000085c00000|  0%| F|  |TAMS 0x0000000085b00000| PB 0x0000000085b00000| Untracked 
|  92|0x0000000085c00000, 0x0000000085c00000, 0x0000000085d00000|  0%| F|  |TAMS 0x0000000085c00000| PB 0x0000000085c00000| Untracked 
|  93|0x0000000085d00000, 0x0000000085d00000, 0x0000000085e00000|  0%| F|  |TAMS 0x0000000085d00000| PB 0x0000000085d00000| Untracked 
|  94|0x0000000085e00000, 0x0000000085e00000, 0x0000000085f00000|  0%| F|  |TAMS 0x0000000085e00000| PB 0x0000000085e00000| Untracked 
|  95|0x0000000085f00000, 0x0000000085f00000, 0x0000000086000000|  0%| F|  |TAMS 0x0000000085f00000| PB 0x0000000085f00000| Untracked 
|  96|0x0000000086000000, 0x0000000086000000, 0x0000000086100000|  0%| F|  |TAMS 0x0000000086000000| PB 0x0000000086000000| Untracked 
|  97|0x0000000086100000, 0x0000000086100000, 0x0000000086200000|  0%| F|  |TAMS 0x0000000086100000| PB 0x0000000086100000| Untracked 
|  98|0x0000000086200000, 0x0000000086200000, 0x0000000086300000|  0%| F|  |TAMS 0x0000000086200000| PB 0x0000000086200000| Untracked 
|  99|0x0000000086300000, 0x0000000086300000, 0x0000000086400000|  0%| F|  |TAMS 0x0000000086300000| PB 0x0000000086300000| Untracked 
| 100|0x0000000086400000, 0x0000000086400000, 0x0000000086500000|  0%| F|  |TAMS 0x0000000086400000| PB 0x0000000086400000| Untracked 
| 101|0x0000000086500000, 0x0000000086500000, 0x0000000086600000|  0%| F|  |TAMS 0x0000000086500000| PB 0x0000000086500000| Untracked 
| 102|0x0000000086600000, 0x0000000086600000, 0x0000000086700000|  0%| F|  |TAMS 0x0000000086600000| PB 0x0000000086600000| Untracked 
| 103|0x0000000086700000, 0x0000000086700000, 0x0000000086800000|  0%| F|  |TAMS 0x0000000086700000| PB 0x0000000086700000| Untracked 
| 104|0x0000000086800000, 0x0000000086800000, 0x0000000086900000|  0%| F|  |TAMS 0x0000000086800000| PB 0x0000000086800000| Untracked 
| 105|0x0000000086900000, 0x0000000086900000, 0x0000000086a00000|  0%| F|  |TAMS 0x0000000086900000| PB 0x0000000086900000| Untracked 
| 106|0x0000000086a00000, 0x0000000086a00000, 0x0000000086b00000|  0%| F|  |TAMS 0x0000000086a00000| PB 0x0000000086a00000| Untracked 
| 107|0x0000000086b00000, 0x0000000086b00000, 0x0000000086c00000|  0%| F|  |TAMS 0x0000000086b00000| PB 0x0000000086b00000| Untracked 
| 108|0x0000000086c00000, 0x0000000086c00000, 0x0000000086d00000|  0%| F|  |TAMS 0x0000000086c00000| PB 0x0000000086c00000| Untracked 
| 109|0x0000000086d00000, 0x0000000086d00000, 0x0000000086e00000|  0%| F|  |TAMS 0x0000000086d00000| PB 0x0000000086d00000| Untracked 
| 110|0x0000000086e00000, 0x0000000086e00000, 0x0000000086f00000|  0%| F|  |TAMS 0x0000000086e00000| PB 0x0000000086e00000| Untracked 
| 111|0x0000000086f00000, 0x0000000086f00000, 0x0000000087000000|  0%| F|  |TAMS 0x0000000086f00000| PB 0x0000000086f00000| Untracked 
| 112|0x0000000087000000, 0x0000000087000000, 0x0000000087100000|  0%| F|  |TAMS 0x0000000087000000| PB 0x0000000087000000| Untracked 
| 113|0x0000000087100000, 0x0000000087100000, 0x0000000087200000|  0%| F|  |TAMS 0x0000000087100000| PB 0x0000000087100000| Untracked 
| 114|0x0000000087200000, 0x0000000087200000, 0x0000000087300000|  0%| F|  |TAMS 0x0000000087200000| PB 0x0000000087200000| Untracked 
| 115|0x0000000087300000, 0x0000000087300000, 0x0000000087400000|  0%| F|  |TAMS 0x0000000087300000| PB 0x0000000087300000| Untracked 
| 116|0x0000000087400000, 0x0000000087400000, 0x0000000087500000|  0%| F|  |TAMS 0x0000000087400000| PB 0x0000000087400000| Untracked 
| 117|0x0000000087500000, 0x0000000087500000, 0x0000000087600000|  0%| F|  |TAMS 0x0000000087500000| PB 0x0000000087500000| Untracked 
| 118|0x0000000087600000, 0x0000000087600000, 0x0000000087700000|  0%| F|  |TAMS 0x0000000087600000| PB 0x0000000087600000| Untracked 
| 119|0x0000000087700000, 0x0000000087700000, 0x0000000087800000|  0%| F|  |TAMS 0x0000000087700000| PB 0x0000000087700000| Untracked 
| 120|0x0000000087800000, 0x0000000087800000, 0x0000000087900000|  0%| F|  |TAMS 0x0000000087800000| PB 0x0000000087800000| Untracked 
| 121|0x0000000087900000, 0x0000000087900000, 0x0000000087a00000|  0%| F|  |TAMS 0x0000000087900000| PB 0x0000000087900000| Untracked 
| 122|0x0000000087a00000, 0x0000000087a00000, 0x0000000087b00000|  0%| F|  |TAMS 0x0000000087a00000| PB 0x0000000087a00000| Untracked 
| 123|0x0000000087b00000, 0x0000000087b00000, 0x0000000087c00000|  0%| F|  |TAMS 0x0000000087b00000| PB 0x0000000087b00000| Untracked 
| 124|0x0000000087c00000, 0x0000000087c00000, 0x0000000087d00000|  0%| F|  |TAMS 0x0000000087c00000| PB 0x0000000087c00000| Untracked 
| 125|0x0000000087d00000, 0x0000000087d00000, 0x0000000087e00000|  0%| F|  |TAMS 0x0000000087d00000| PB 0x0000000087d00000| Untracked 
| 126|0x0000000087e00000, 0x0000000087e00000, 0x0000000087f00000|  0%| F|  |TAMS 0x0000000087e00000| PB 0x0000000087e00000| Untracked 
| 127|0x0000000087f00000, 0x0000000087f00000, 0x0000000088000000|  0%| F|  |TAMS 0x0000000087f00000| PB 0x0000000087f00000| Untracked 
| 128|0x0000000088000000, 0x0000000088000000, 0x0000000088100000|  0%| F|  |TAMS 0x0000000088000000| PB 0x0000000088000000| Untracked 
| 129|0x0000000088100000, 0x0000000088100000, 0x0000000088200000|  0%| F|  |TAMS 0x0000000088100000| PB 0x0000000088100000| Untracked 
| 130|0x0000000088200000, 0x0000000088200000, 0x0000000088300000|  0%| F|  |TAMS 0x0000000088200000| PB 0x0000000088200000| Untracked 
| 131|0x0000000088300000, 0x0000000088300000, 0x0000000088400000|  0%| F|  |TAMS 0x0000000088300000| PB 0x0000000088300000| Untracked 
| 132|0x0000000088400000, 0x0000000088400000, 0x0000000088500000|  0%| F|  |TAMS 0x0000000088400000| PB 0x0000000088400000| Untracked 
| 133|0x0000000088500000, 0x0000000088500000, 0x0000000088600000|  0%| F|  |TAMS 0x0000000088500000| PB 0x0000000088500000| Untracked 
| 134|0x0000000088600000, 0x0000000088600000, 0x0000000088700000|  0%| F|  |TAMS 0x0000000088600000| PB 0x0000000088600000| Untracked 
| 135|0x0000000088700000, 0x0000000088700000, 0x0000000088800000|  0%| F|  |TAMS 0x0000000088700000| PB 0x0000000088700000| Untracked 
| 136|0x0000000088800000, 0x0000000088800000, 0x0000000088900000|  0%| F|  |TAMS 0x0000000088800000| PB 0x0000000088800000| Untracked 
| 137|0x0000000088900000, 0x0000000088900000, 0x0000000088a00000|  0%| F|  |TAMS 0x0000000088900000| PB 0x0000000088900000| Untracked 
| 138|0x0000000088a00000, 0x0000000088a00000, 0x0000000088b00000|  0%| F|  |TAMS 0x0000000088a00000| PB 0x0000000088a00000| Untracked 
| 139|0x0000000088b00000, 0x0000000088b00000, 0x0000000088c00000|  0%| F|  |TAMS 0x0000000088b00000| PB 0x0000000088b00000| Untracked 
| 140|0x0000000088c00000, 0x0000000088c00000, 0x0000000088d00000|  0%| F|  |TAMS 0x0000000088c00000| PB 0x0000000088c00000| Untracked 
| 141|0x0000000088d00000, 0x0000000088d00000, 0x0000000088e00000|  0%| F|  |TAMS 0x0000000088d00000| PB 0x0000000088d00000| Untracked 
| 142|0x0000000088e00000, 0x0000000088e00000, 0x0000000088f00000|  0%| F|  |TAMS 0x0000000088e00000| PB 0x0000000088e00000| Untracked 
| 143|0x0000000088f00000, 0x0000000088f00000, 0x0000000089000000|  0%| F|  |TAMS 0x0000000088f00000| PB 0x0000000088f00000| Untracked 
| 144|0x0000000089000000, 0x0000000089000000, 0x0000000089100000|  0%| F|  |TAMS 0x0000000089000000| PB 0x0000000089000000| Untracked 
| 145|0x0000000089100000, 0x0000000089100000, 0x0000000089200000|  0%| F|  |TAMS 0x0000000089100000| PB 0x0000000089100000| Untracked 
| 146|0x0000000089200000, 0x0000000089200000, 0x0000000089300000|  0%| F|  |TAMS 0x0000000089200000| PB 0x0000000089200000| Untracked 
| 147|0x0000000089300000, 0x0000000089300000, 0x0000000089400000|  0%| F|  |TAMS 0x0000000089300000| PB 0x0000000089300000| Untracked 
| 148|0x0000000089400000, 0x0000000089400000, 0x0000000089500000|  0%| F|  |TAMS 0x0000000089400000| PB 0x0000000089400000| Untracked 
| 149|0x0000000089500000, 0x0000000089500000, 0x0000000089600000|  0%| F|  |TAMS 0x0000000089500000| PB 0x0000000089500000| Untracked 
| 150|0x0000000089600000, 0x0000000089600000, 0x0000000089700000|  0%| F|  |TAMS 0x0000000089600000| PB 0x0000000089600000| Untracked 
| 151|0x0000000089700000, 0x0000000089700000, 0x0000000089800000|  0%| F|  |TAMS 0x0000000089700000| PB 0x0000000089700000| Untracked 
| 152|0x0000000089800000, 0x0000000089800000, 0x0000000089900000|  0%| F|  |TAMS 0x0000000089800000| PB 0x0000000089800000| Untracked 
| 153|0x0000000089900000, 0x0000000089900000, 0x0000000089a00000|  0%| F|  |TAMS 0x0000000089900000| PB 0x0000000089900000| Untracked 
| 154|0x0000000089a00000, 0x0000000089a00000, 0x0000000089b00000|  0%| F|  |TAMS 0x0000000089a00000| PB 0x0000000089a00000| Untracked 
| 155|0x0000000089b00000, 0x0000000089b00000, 0x0000000089c00000|  0%| F|  |TAMS 0x0000000089b00000| PB 0x0000000089b00000| Untracked 
| 156|0x0000000089c00000, 0x0000000089c00000, 0x0000000089d00000|  0%| F|  |TAMS 0x0000000089c00000| PB 0x0000000089c00000| Untracked 
| 157|0x0000000089d00000, 0x0000000089d00000, 0x0000000089e00000|  0%| F|  |TAMS 0x0000000089d00000| PB 0x0000000089d00000| Untracked 
| 158|0x0000000089e00000, 0x0000000089e00000, 0x0000000089f00000|  0%| F|  |TAMS 0x0000000089e00000| PB 0x0000000089e00000| Untracked 
| 159|0x0000000089f00000, 0x0000000089f00000, 0x000000008a000000|  0%| F|  |TAMS 0x0000000089f00000| PB 0x0000000089f00000| Untracked 
| 160|0x000000008a000000, 0x000000008a000000, 0x000000008a100000|  0%| F|  |TAMS 0x000000008a000000| PB 0x000000008a000000| Untracked 
| 161|0x000000008a100000, 0x000000008a100000, 0x000000008a200000|  0%| F|  |TAMS 0x000000008a100000| PB 0x000000008a100000| Untracked 
| 162|0x000000008a200000, 0x000000008a200000, 0x000000008a300000|  0%| F|  |TAMS 0x000000008a200000| PB 0x000000008a200000| Untracked 
| 163|0x000000008a300000, 0x000000008a300000, 0x000000008a400000|  0%| F|  |TAMS 0x000000008a300000| PB 0x000000008a300000| Untracked 
| 164|0x000000008a400000, 0x000000008a400000, 0x000000008a500000|  0%| F|  |TAMS 0x000000008a400000| PB 0x000000008a400000| Untracked 
| 165|0x000000008a500000, 0x000000008a500000, 0x000000008a600000|  0%| F|  |TAMS 0x000000008a500000| PB 0x000000008a500000| Untracked 
| 166|0x000000008a600000, 0x000000008a600000, 0x000000008a700000|  0%| F|  |TAMS 0x000000008a600000| PB 0x000000008a600000| Untracked 
| 167|0x000000008a700000, 0x000000008a7176f8, 0x000000008a800000|  9%| S|CS|TAMS 0x000000008a700000| PB 0x000000008a700000| Complete 
| 168|0x000000008a800000, 0x000000008a800000, 0x000000008a900000|  0%| F|  |TAMS 0x000000008a800000| PB 0x000000008a800000| Untracked 
| 169|0x000000008a900000, 0x000000008a900000, 0x000000008aa00000|  0%| F|  |TAMS 0x000000008a900000| PB 0x000000008a900000| Untracked 
| 170|0x000000008aa00000, 0x000000008aa00000, 0x000000008ab00000|  0%| F|  |TAMS 0x000000008aa00000| PB 0x000000008aa00000| Untracked 
| 171|0x000000008ab00000, 0x000000008ab00000, 0x000000008ac00000|  0%| F|  |TAMS 0x000000008ab00000| PB 0x000000008ab00000| Untracked 
| 172|0x000000008ac00000, 0x000000008ac00000, 0x000000008ad00000|  0%| F|  |TAMS 0x000000008ac00000| PB 0x000000008ac00000| Untracked 
| 173|0x000000008ad00000, 0x000000008ad00000, 0x000000008ae00000|  0%| F|  |TAMS 0x000000008ad00000| PB 0x000000008ad00000| Untracked 
| 174|0x000000008ae00000, 0x000000008ae00000, 0x000000008af00000|  0%| F|  |TAMS 0x000000008ae00000| PB 0x000000008ae00000| Untracked 
| 175|0x000000008af00000, 0x000000008af00000, 0x000000008b000000|  0%| F|  |TAMS 0x000000008af00000| PB 0x000000008af00000| Untracked 

Card table byte_map: [0x000001f876660000,0x000001f876a60000] _byte_map_base: 0x000001f876260000

Marking Bits: (CMBitMap*) 0x000001f863c152b0
 Bits: [0x000001f876a60000, 0x000001f878a60000)

Polling page: 0x000001f8619c0000

Metaspace:

Usage:
  Non-class:     50.44 MB used.
      Class:      7.73 MB used.
       Both:     58.17 MB used.

Virtual space:
  Non-class space:       64.00 MB reserved,      51.19 MB ( 80%) committed,  1 nodes.
      Class space:        1.00 GB reserved,       8.50 MB ( <1%) committed,  1 nodes.
             Both:        1.06 GB reserved,      59.69 MB (  5%) committed. 

Chunk freelists:
   Non-Class:  12.25 MB
       Class:  7.36 MB
        Both:  19.61 MB

MaxMetaspaceSize: unlimited
CompressedClassSpaceSize: 1.00 GB
Initial GC threshold: 21.00 MB
Current GC threshold: 82.94 MB
CDS: off
 - commit_granule_bytes: 65536.
 - commit_granule_words: 8192.
 - virtual_space_node_default_size: 8388608.
 - enlarge_chunks_in_place: 1.
 - use_allocation_guard: 0.


Internal statistics:

num_allocs_failed_limit: 6.
num_arena_births: 2878.
num_arena_deaths: 0.
num_vsnodes_births: 2.
num_vsnodes_deaths: 0.
num_space_committed: 955.
num_space_uncommitted: 0.
num_chunks_returned_to_freelist: 6.
num_chunks_taken_from_freelist: 5297.
num_chunk_merges: 6.
num_chunk_splits: 3397.
num_chunks_enlarged: 2057.
num_inconsistent_stats: 0.

CodeHeap 'non-profiled nmethods': size=120000Kb used=3167Kb max_used=3167Kb free=116832Kb
 bounds [0x000001f86e7e0000, 0x000001f86eb00000, 0x000001f875d10000]
CodeHeap 'profiled nmethods': size=120000Kb used=11004Kb max_used=11004Kb free=108995Kb
 bounds [0x000001f866d10000, 0x000001f8677d0000, 0x000001f86e240000]
CodeHeap 'non-nmethods': size=5760Kb used=2701Kb max_used=2719Kb free=3058Kb
 bounds [0x000001f86e240000, 0x000001f86e4f0000, 0x000001f86e7e0000]
 total_blobs=6673 nmethods=5817 adapters=760
 compilation: enabled
              stopped_count=0, restarted_count=0
 full_count=0

Compilation events (20 events):
Event: 519.537 Thread 0x000001f80406a640 nmethod 6606 0x000001f8677ce190 code [0x000001f8677ce340, 0x000001f8677ce6f0]
Event: 519.644 Thread 0x000001f804069040 6607       4       org.gradle.internal.classpath.DefaultClassPath$ImmutableUniqueList::get (57 bytes)
Event: 519.645 Thread 0x000001f804069040 nmethod 6607 0x000001f86eaf3610 code [0x000001f86eaf37a0, 0x000001f86eaf3890]
Event: 519.664 Thread 0x000001f804069040 6608 %     4       java.util.LinkedHashMap::keysToArray @ 51 (80 bytes)
Event: 519.675 Thread 0x000001f804069040 nmethod 6608% 0x000001f86eaf3990 code [0x000001f86eaf3b20, 0x000001f86eaf3df0]
Event: 519.759 Thread 0x000001f804069040 6609       4       java.util.LinkedHashMap::keysToArray (80 bytes)
Event: 519.763 Thread 0x000001f804069040 nmethod 6609 0x000001f86eaf3f10 code [0x000001f86eaf40a0, 0x000001f86eaf42e0]
Event: 523.345 Thread 0x000001f804069040 6610       4       java.io.File::compareTo (9 bytes)
Event: 523.541 Thread 0x000001f804069040 nmethod 6610 0x000001f86eaf4410 code [0x000001f86eaf4600, 0x000001f86eaf4ce8]
Event: 523.591 Thread 0x000001f804069040 6611       4       org.gradle.internal.serialize.InputStreamBackedDecoder::readLong (8 bytes)
Event: 523.848 Thread 0x000001f804069040 nmethod 6611 0x000001f86eaf5190 code [0x000001f86eaf53c0, 0x000001f86eaf5df8]
Event: 524.181 Thread 0x000001f80406a640 6612       3       org.gradle.api.specs.NotSpec::isSatisfiedBy (19 bytes)
Event: 524.182 Thread 0x000001f80406a640 nmethod 6612 0x000001f8677ce810 code [0x000001f8677ce9c0, 0x000001f8677cebe0]
Event: 524.182 Thread 0x000001f80406a640 6613       3       org.gradle.api.internal.DependencyClassPathProvider$$Lambda/0x00000001008a1ee8::isSatisfiedBy (8 bytes)
Event: 524.183 Thread 0x000001f80406a640 nmethod 6613 0x000001f8677cec90 code [0x000001f8677cee60, 0x000001f8677cf1b8]
Event: 524.379 Thread 0x000001f804069040 6614       4       java.util.regex.Matcher::match (154 bytes)
Event: 524.432 Thread 0x000001f804069040 nmethod 6614 0x000001f86eaf6690 code [0x000001f86eaf6840, 0x000001f86eaf6b78]
Event: 524.432 Thread 0x000001f804069040 6615   !   4       java.util.regex.Pattern::matcher (44 bytes)
Event: 524.478 Thread 0x000001f804069040 nmethod 6615 0x000001f86eaf6d90 code [0x000001f86eaf6f80, 0x000001f86eaf7978]
Event: 524.503 Thread 0x000001f804069040 6616   !   4       java.util.regex.Pattern::closure (276 bytes)

GC Heap History (20 events):
Event: 261.270 GC heap after
{Heap after GC invocations=20 (full 0):
 garbage-first heap   total 180224K, used 49465K [0x0000000080000000, 0x0000000100000000)
  region size 1024K, 1 young (1024K), 1 survivors (1024K)
 Metaspace       used 49599K, committed 50944K, reserved 1114112K
  class space    used 6685K, committed 7360K, reserved 1048576K
}
Event: 291.593 GC heap before
{Heap before GC invocations=20 (full 0):
 garbage-first heap   total 180224K, used 75065K [0x0000000080000000, 0x0000000100000000)
  region size 1024K, 22 young (22528K), 1 survivors (1024K)
 Metaspace       used 51825K, committed 53184K, reserved 1114112K
  class space    used 6870K, committed 7552K, reserved 1048576K
}
Event: 291.996 GC heap after
{Heap after GC invocations=21 (full 0):
 garbage-first heap   total 180224K, used 51690K [0x0000000080000000, 0x0000000100000000)
  region size 1024K, 3 young (3072K), 3 survivors (3072K)
 Metaspace       used 51825K, committed 53184K, reserved 1114112K
  class space    used 6870K, committed 7552K, reserved 1048576K
}
Event: 301.411 GC heap before
{Heap before GC invocations=21 (full 0):
 garbage-first heap   total 180224K, used 56810K [0x0000000080000000, 0x0000000100000000)
  region size 1024K, 8 young (8192K), 3 survivors (3072K)
 Metaspace       used 52339K, committed 53760K, reserved 1114112K
  class space    used 6961K, committed 7680K, reserved 1048576K
}
Event: 301.884 GC heap after
{Heap after GC invocations=22 (full 0):
 garbage-first heap   total 180224K, used 52208K [0x0000000080000000, 0x0000000100000000)
  region size 1024K, 1 young (1024K), 1 survivors (1024K)
 Metaspace       used 52339K, committed 53760K, reserved 1114112K
  class space    used 6961K, committed 7680K, reserved 1048576K
}
Event: 312.998 GC heap before
{Heap before GC invocations=22 (full 0):
 garbage-first heap   total 180224K, used 60400K [0x0000000080000000, 0x0000000100000000)
  region size 1024K, 9 young (9216K), 1 survivors (1024K)
 Metaspace       used 53461K, committed 54912K, reserved 1114112K
  class space    used 7148K, committed 7872K, reserved 1048576K
}
Event: 313.023 GC heap after
{Heap after GC invocations=23 (full 0):
 garbage-first heap   total 180224K, used 52307K [0x0000000080000000, 0x0000000100000000)
  region size 1024K, 1 young (1024K), 1 survivors (1024K)
 Metaspace       used 53461K, committed 54912K, reserved 1114112K
  class space    used 7148K, committed 7872K, reserved 1048576K
}
Event: 323.580 GC heap before
{Heap before GC invocations=23 (full 0):
 garbage-first heap   total 180224K, used 63571K [0x0000000080000000, 0x0000000100000000)
  region size 1024K, 13 young (13312K), 1 survivors (1024K)
 Metaspace       used 54825K, committed 56320K, reserved 1114112K
  class space    used 7374K, committed 8128K, reserved 1048576K
}
Event: 324.089 GC heap after
{Heap after GC invocations=24 (full 0):
 garbage-first heap   total 180224K, used 53047K [0x0000000080000000, 0x0000000100000000)
  region size 1024K, 2 young (2048K), 2 survivors (2048K)
 Metaspace       used 54825K, committed 56320K, reserved 1114112K
  class space    used 7374K, committed 8128K, reserved 1048576K
}
Event: 338.040 GC heap before
{Heap before GC invocations=24 (full 0):
 garbage-first heap   total 180224K, used 65335K [0x0000000080000000, 0x0000000100000000)
  region size 1024K, 14 young (14336K), 2 survivors (2048K)
 Metaspace       used 56243K, committed 57728K, reserved 1114112K
  class space    used 7614K, committed 8320K, reserved 1048576K
}
Event: 338.075 GC heap after
{Heap after GC invocations=25 (full 0):
 garbage-first heap   total 180224K, used 53578K [0x0000000080000000, 0x0000000100000000)
  region size 1024K, 2 young (2048K), 2 survivors (2048K)
 Metaspace       used 56243K, committed 57728K, reserved 1114112K
  class space    used 7614K, committed 8320K, reserved 1048576K
}
Event: 392.184 GC heap before
{Heap before GC invocations=25 (full 0):
 garbage-first heap   total 180224K, used 79178K [0x0000000080000000, 0x0000000100000000)
  region size 1024K, 26 young (26624K), 2 survivors (2048K)
 Metaspace       used 57037K, committed 58560K, reserved 1114112K
  class space    used 7701K, committed 8448K, reserved 1048576K
}
Event: 392.520 GC heap after
{Heap after GC invocations=26 (full 0):
 garbage-first heap   total 180224K, used 57357K [0x0000000080000000, 0x0000000100000000)
  region size 1024K, 4 young (4096K), 4 survivors (4096K)
 Metaspace       used 57037K, committed 58560K, reserved 1114112K
  class space    used 7701K, committed 8448K, reserved 1048576K
}
Event: 409.720 GC heap before
{Heap before GC invocations=26 (full 0):
 garbage-first heap   total 180224K, used 61453K [0x0000000080000000, 0x0000000100000000)
  region size 1024K, 8 young (8192K), 4 survivors (4096K)
 Metaspace       used 57088K, committed 58624K, reserved 1114112K
  class space    used 7701K, committed 8448K, reserved 1048576K
}
Event: 409.896 GC heap after
{Heap after GC invocations=27 (full 0):
 garbage-first heap   total 180224K, used 57441K [0x0000000080000000, 0x0000000100000000)
  region size 1024K, 1 young (1024K), 1 survivors (1024K)
 Metaspace       used 57088K, committed 58624K, reserved 1114112K
  class space    used 7701K, committed 8448K, reserved 1048576K
}
Event: 520.089 GC heap before
{Heap before GC invocations=27 (full 0):
 garbage-first heap   total 180224K, used 106593K [0x0000000080000000, 0x0000000100000000)
  region size 1024K, 35 young (35840K), 1 survivors (1024K)
 Metaspace       used 59557K, committed 61120K, reserved 1114112K
  class space    used 7915K, committed 8704K, reserved 1048576K
}
Event: 521.506 GC heap after
{Heap after GC invocations=28 (full 0):
 garbage-first heap   total 180224K, used 72959K [0x0000000080000000, 0x0000000100000000)
  region size 1024K, 3 young (3072K), 3 survivors (3072K)
 Metaspace       used 59557K, committed 61120K, reserved 1114112K
  class space    used 7915K, committed 8704K, reserved 1048576K
}
Event: 522.697 GC heap before
{Heap before GC invocations=28 (full 0):
 garbage-first heap   total 180224K, used 78079K [0x0000000080000000, 0x0000000100000000)
  region size 1024K, 8 young (8192K), 3 survivors (3072K)
 Metaspace       used 59557K, committed 61120K, reserved 1114112K
  class space    used 7915K, committed 8704K, reserved 1048576K
}
Event: 522.864 GC heap after
{Heap after GC invocations=29 (full 0):
 garbage-first heap   total 180224K, used 73248K [0x0000000080000000, 0x0000000100000000)
  region size 1024K, 1 young (1024K), 1 survivors (1024K)
 Metaspace       used 59557K, committed 61120K, reserved 1114112K
  class space    used 7915K, committed 8704K, reserved 1048576K
}
Event: 524.525 GC heap before
{Heap before GC invocations=29 (full 0):
 garbage-first heap   total 180224K, used 80416K [0x0000000080000000, 0x0000000100000000)
  region size 1024K, 8 young (8192K), 1 survivors (1024K)
 Metaspace       used 59563K, committed 61120K, reserved 1114112K
  class space    used 7916K, committed 8704K, reserved 1048576K
}

Dll operation events (3 events):
Event: 0.059 Loaded shared library C:\Program Files\Android\Android Studio1\jbr\bin\java.dll
Event: 0.255 Loaded shared library C:\Program Files\Android\Android Studio1\jbr\bin\zip.dll
Event: 5.167 Loaded shared library C:\Program Files\Android\Android Studio1\jbr\bin\verify.dll

Deoptimization events (20 events):
Event: 506.857 Thread 0x000001f805a25310 DEOPT PACKING pc=0x000001f86eaea748 sp=0x0000000216ff58a0
Event: 506.857 Thread 0x000001f805a25310 DEOPT UNPACKING pc=0x000001f86e2946a2 sp=0x0000000216ff5770 mode 2
Event: 511.092 Thread 0x000001f805a25310 Uncommon trap: trap_request=0xffffff45 fr.pc=0x000001f86e850848 relative=0x0000000000000228
Event: 511.092 Thread 0x000001f805a25310 Uncommon trap: reason=unstable_if action=reinterpret pc=0x000001f86e850848 method=java.util.HashMap.putVal(ILjava/lang/Object;Ljava/lang/Object;ZZ)Ljava/lang/Object; @ 162 c2
Event: 511.093 Thread 0x000001f805a25310 DEOPT PACKING pc=0x000001f86e850848 sp=0x0000000216ff8f60
Event: 511.093 Thread 0x000001f805a25310 DEOPT UNPACKING pc=0x000001f86e2946a2 sp=0x0000000216ff8e70 mode 2
Event: 512.641 Thread 0x000001f805a25310 Uncommon trap: trap_request=0xffffffde fr.pc=0x000001f86e876e10 relative=0x0000000000000070
Event: 512.641 Thread 0x000001f805a25310 Uncommon trap: reason=class_check action=maybe_recompile pc=0x000001f86e876e10 method=java.util.stream.StreamOpFlag.fromCharacteristics(Ljava/util/Spliterator;)I @ 14 c2
Event: 512.641 Thread 0x000001f805a25310 DEOPT PACKING pc=0x000001f86e876e10 sp=0x0000000216ff8dc0
Event: 512.649 Thread 0x000001f805a25310 DEOPT UNPACKING pc=0x000001f86e2946a2 sp=0x0000000216ff8d58 mode 2
Event: 515.908 Thread 0x000001f805a25310 DEOPT PACKING pc=0x000001f8671c3316 sp=0x0000000216ff8ed0
Event: 515.909 Thread 0x000001f805a25310 DEOPT UNPACKING pc=0x000001f86e294e42 sp=0x0000000216ff8418 mode 0
Event: 517.686 Thread 0x000001f805a25310 DEOPT PACKING pc=0x000001f86704e05e sp=0x0000000216ff7b30
Event: 517.733 Thread 0x000001f805a25310 DEOPT UNPACKING pc=0x000001f86e294e42 sp=0x0000000216ff7018 mode 0
Event: 518.009 Thread 0x000001f805a25310 DEOPT PACKING pc=0x000001f86704e05e sp=0x0000000216ff7b30
Event: 518.009 Thread 0x000001f805a25310 DEOPT UNPACKING pc=0x000001f86e294e42 sp=0x0000000216ff7018 mode 0
Event: 519.759 Thread 0x000001f805a25310 DEOPT PACKING pc=0x000001f866fa36dd sp=0x0000000216ff7f40
Event: 519.828 Thread 0x000001f805a25310 DEOPT UNPACKING pc=0x000001f86e294e42 sp=0x0000000216ff73b8 mode 0
Event: 523.076 Thread 0x000001f805a25310 DEOPT PACKING pc=0x000001f86704e05e sp=0x0000000216ff7da0
Event: 523.077 Thread 0x000001f805a25310 DEOPT UNPACKING pc=0x000001f86e294e42 sp=0x0000000216ff7288 mode 0

Classes loaded (20 events):
Event: 466.266 Loading class java/lang/ClassBeanInfo
Event: 466.364 Loading class java/lang/ClassBeanInfo done
Event: 466.561 Loading class java/lang/ClassBeanInfo
Event: 466.561 Loading class java/lang/ClassBeanInfo done
Event: 466.572 Loading class java/lang/ClassCustomizer
Event: 466.605 Loading class java/lang/ClassCustomizer done
Event: 466.614 Loading class java/lang/ClassCustomizer
Event: 466.614 Loading class java/lang/ClassCustomizer done
Event: 466.706 Loading class sun/reflect/generics/tree/BooleanSignature
Event: 466.989 Loading class sun/reflect/generics/tree/BooleanSignature done
Event: 467.006 Loading class sun/reflect/generics/reflectiveObjects/GenericArrayTypeImpl
Event: 467.235 Loading class sun/reflect/generics/reflectiveObjects/GenericArrayTypeImpl done
Event: 468.584 Loading class jdk/internal/vm/annotation/ForceInline
Event: 468.669 Loading class jdk/internal/vm/annotation/ForceInline done
Event: 512.447 Loading class java/util/BitSet$1BitSetSpliterator
Event: 512.631 Loading class java/util/BitSet$1BitSetSpliterator done
Event: 514.415 Loading class java/util/Collections$SynchronizedRandomAccessList
Event: 514.444 Loading class java/util/Collections$SynchronizedList
Event: 514.497 Loading class java/util/Collections$SynchronizedList done
Event: 514.497 Loading class java/util/Collections$SynchronizedRandomAccessList done

Classes unloaded (0 events):
No events

Classes redefined (0 events):
No events

Internal exceptions (20 events):
Event: 466.561 Thread 0x000001f805a25310 Exception <a 'java/lang/ClassNotFoundException'{0x000000008a7d30c8}: java/lang/ClassBeanInfo> (0x000000008a7d30c8) 
thrown [s\src\hotspot\share\classfile\systemDictionary.cpp, line 312]
Event: 466.614 Thread 0x000001f805a25310 Exception <a 'java/lang/ClassNotFoundException'{0x000000008a7dba78}: java/lang/ClassCustomizer> (0x000000008a7dba78) 
thrown [s\src\hotspot\share\classfile\systemDictionary.cpp, line 312]
Event: 476.260 Thread 0x000001f805a25310 Exception <a 'java/lang/ClassNotFoundException'{0x000000008a6e0a80}: org/gradle/tooling/provider/model/internal/DefaultToolingModelBuilderRegistryBeanInfo> (0x000000008a6e0a80) 
thrown [s\src\hotspot\share\classfile\systemDictionary.cpp, line 312]
Event: 476.675 Thread 0x000001f805a25310 Exception <a 'java/lang/ClassNotFoundException'{0x000000008a6fbce0}: org/gradle/tooling/provider/model/internal/DefaultToolingModelBuilderRegistryCustomizer> (0x000000008a6fbce0) 
thrown [s\src\hotspot\share\classfile\systemDictionary.cpp, line 312]
Event: 481.380 Thread 0x000001f805a25310 Exception <a 'java/lang/ClassNotFoundException'{0x000000008a569f00}: org/gradle/internal/service/ScopedServiceRegistryBeanInfo> (0x000000008a569f00) 
thrown [s\src\hotspot\share\classfile\systemDictionary.cpp, line 312]
Event: 481.441 Thread 0x000001f805a25310 Exception <a 'java/lang/ClassNotFoundException'{0x000000008a581268}: org/gradle/internal/service/DefaultServiceRegistryBeanInfo> (0x000000008a581268) 
thrown [s\src\hotspot\share\classfile\systemDictionary.cpp, line 312]
Event: 481.567 Thread 0x000001f805a25310 Exception <a 'java/lang/ClassNotFoundException'{0x000000008a5958f0}: org/gradle/internal/service/DefaultServiceRegistryCustomizer> (0x000000008a5958f0) 
thrown [s\src\hotspot\share\classfile\systemDictionary.cpp, line 312]
Event: 482.092 Thread 0x000001f805a25310 Exception <a 'java/lang/ClassNotFoundException'{0x000000008a5b9230}: org/gradle/internal/service/ScopedServiceRegistryCustomizer> (0x000000008a5b9230) 
thrown [s\src\hotspot\share\classfile\systemDictionary.cpp, line 312]
Event: 484.573 Thread 0x000001f805a25310 Exception <a 'java/lang/ClassNotFoundException'{0x000000008a421ad8}: org/gradle/internal/extensibility/DefaultConventionBeanInfo> (0x000000008a421ad8) 
thrown [s\src\hotspot\share\classfile\systemDictionary.cpp, line 312]
Event: 484.598 Thread 0x000001f805a25310 Exception <a 'java/lang/ClassNotFoundException'{0x000000008a436168}: org/gradle/internal/extensibility/DefaultConventionCustomizer> (0x000000008a436168) 
thrown [s\src\hotspot\share\classfile\systemDictionary.cpp, line 312]
Event: 486.133 Thread 0x000001f805a25310 Exception <a 'java/lang/ClassNotFoundException'{0x000000008a4d2870}: com/intellij/gradle/toolingExtension/impl/modelBuilder/ExtraModelBuilderBeanInfo> (0x000000008a4d2870) 
thrown [s\src\hotspot\share\classfile\systemDictionary.cpp, line 312]
Event: 486.166 Thread 0x000001f805a25310 Exception <a 'java/lang/ClassNotFoundException'{0x000000008a4de5b0}: com/intellij/gradle/toolingExtension/impl/modelBuilder/ExtraModelBuilderCustomizer> (0x000000008a4de5b0) 
thrown [s\src\hotspot\share\classfile\systemDictionary.cpp, line 312]
Event: 513.546 Thread 0x000001f805a25310 Exception <a 'java/lang/IncompatibleClassChangeError'{0x00000000899e03d0}: Found class java.lang.Object, but interface was expected> (0x00000000899e03d0) 
thrown [s\src\hotspot\share\interpreter\linkResolver.cpp, line 851]
Event: 513.934 Thread 0x000001f805a25310 Exception <a 'sun/nio/fs/WindowsException'{0x000000008981def0}> (0x000000008981def0) 
thrown [s\src\hotspot\share\prims\jni.cpp, line 535]
Event: 513.939 Thread 0x000001f805a25310 Exception <a 'sun/nio/fs/WindowsException'{0x000000008981f6b0}> (0x000000008981f6b0) 
thrown [s\src\hotspot\share\prims\jni.cpp, line 535]
Event: 513.951 Thread 0x000001f805a25310 Exception <a 'sun/nio/fs/WindowsException'{0x0000000089820e30}> (0x0000000089820e30) 
thrown [s\src\hotspot\share\prims\jni.cpp, line 535]
Event: 513.953 Thread 0x000001f805a25310 Exception <a 'sun/nio/fs/WindowsException'{0x00000000898221d8}> (0x00000000898221d8) 
thrown [s\src\hotspot\share\prims\jni.cpp, line 535]
Event: 514.099 Thread 0x000001f805a25310 Exception <a 'java/lang/NoSuchMethodError'{0x00000000898332b0}: 'java.lang.Object java.lang.invoke.Invokers$Holder.invoker(java.lang.Object, java.lang.Object, java.lang.Object, java.lang.Object, java.lang.Object, java.lang.Object)'> (0x00000000898332b0) 
thrown [s\src\hotspot\share\interpreter\linkResolver.cpp, line 784]
Event: 515.377 Thread 0x000001f805a25310 Exception <a 'java/lang/NoSuchMethodError'{0x0000000089738128}: 'java.lang.Object java.lang.invoke.Invokers$Holder.invoker(java.lang.Object, java.lang.Object, java.lang.Object, java.lang.Object, java.lang.Object, java.lang.Object, java.lang.Object, java.lang.Object, java.lang.Object, java.lang.Object, java.lang.Object, java.lang.Object, java.lang.Object, java.lang.Object, java.lang.Object, java.lang.Object, java.lang.Object, java.lang.Object, java.lang.Object, java.lang.Object, java.lang.Object, java.lang.
Event: 515.418 Thread 0x000001f805a25310 Exception <a 'java/lang/NoSuchMethodError'{0x000000008973ecb8}: 'java.lang.Object java.lang.invoke.DelegatingMethodHandle$Holder.delegate(java.lang.Object, java.lang.Object, java.lang.Object, java.lang.Object, java.lang.Object, java.lang.Object, java.lang.Object, java.lang.Object, java.lang.Object, java.lang.Object, java.lang.Object, java.lang.Object, java.lang.Object, java.lang.Object, java.lang.Object, java.lang.Object, java.lang.Object, java.lang.Object, java.lang.Object, java.lang.Object, java.lang.Obj

ZGC Phase Switch (0 events):
No events

VM Operations (20 events):
Event: 508.993 Executing VM operation: Cleanup done
Event: 510.003 Executing VM operation: Cleanup
Event: 510.019 Executing VM operation: Cleanup done
Event: 511.027 Executing VM operation: Cleanup
Event: 511.058 Executing VM operation: Cleanup done
Event: 512.068 Executing VM operation: Cleanup
Event: 512.069 Executing VM operation: Cleanup done
Event: 513.081 Executing VM operation: Cleanup
Event: 513.097 Executing VM operation: Cleanup done
Event: 514.110 Executing VM operation: Cleanup
Event: 514.141 Executing VM operation: Cleanup done
Event: 516.155 Executing VM operation: Cleanup
Event: 516.217 Executing VM operation: Cleanup done
Event: 518.231 Executing VM operation: Cleanup
Event: 518.357 Executing VM operation: Cleanup done
Event: 519.980 Executing VM operation: G1CollectForAllocation (G1 Evacuation Pause)
Event: 521.507 Executing VM operation: G1CollectForAllocation (G1 Evacuation Pause) done
Event: 522.697 Executing VM operation: G1CollectForAllocation (G1 Evacuation Pause)
Event: 522.864 Executing VM operation: G1CollectForAllocation (G1 Evacuation Pause) done
Event: 524.525 Executing VM operation: G1CollectForAllocation (G1 Evacuation Pause)

Memory protections (0 events):
No events

Nmethod flushes (20 events):
Event: 259.270 Thread 0x000001f87b6d2700 flushing  nmethod 0x000001f866e1c610
Event: 259.270 Thread 0x000001f87b6d2700 flushing  nmethod 0x000001f866e1fe90
Event: 259.270 Thread 0x000001f87b6d2700 flushing  nmethod 0x000001f866e26190
Event: 259.270 Thread 0x000001f87b6d2700 flushing  nmethod 0x000001f866e27b90
Event: 259.270 Thread 0x000001f87b6d2700 flushing  nmethod 0x000001f866e95710
Event: 259.270 Thread 0x000001f87b6d2700 flushing  nmethod 0x000001f866e9cb10
Event: 259.270 Thread 0x000001f87b6d2700 flushing  nmethod 0x000001f866e9d490
Event: 259.270 Thread 0x000001f87b6d2700 flushing  nmethod 0x000001f866eb3110
Event: 259.270 Thread 0x000001f87b6d2700 flushing  nmethod 0x000001f866efb090
Event: 259.270 Thread 0x000001f87b6d2700 flushing  nmethod 0x000001f866efbf90
Event: 259.270 Thread 0x000001f87b6d2700 flushing  nmethod 0x000001f866efe710
Event: 259.270 Thread 0x000001f87b6d2700 flushing  nmethod 0x000001f866f5b090
Event: 259.270 Thread 0x000001f87b6d2700 flushing  nmethod 0x000001f866f5c990
Event: 259.270 Thread 0x000001f87b6d2700 flushing  nmethod 0x000001f866f5d090
Event: 259.270 Thread 0x000001f87b6d2700 flushing  nmethod 0x000001f866f66f90
Event: 259.270 Thread 0x000001f87b6d2700 flushing  nmethod 0x000001f86716c910
Event: 259.271 Thread 0x000001f87b6d2700 flushing  nmethod 0x000001f867291790
Event: 259.271 Thread 0x000001f87b6d2700 flushing  nmethod 0x000001f867293210
Event: 259.271 Thread 0x000001f87b6d2700 flushing  nmethod 0x000001f8672e1810
Event: 259.271 Thread 0x000001f87b6d2700 flushing  nmethod 0x000001f867413290

Events (20 events):
Event: 347.017 Thread 0x000001f805a25310 Thread added: 0x000001f8074b3640
Event: 347.569 Thread 0x000001f805a25310 Thread added: 0x000001f8074b9220
Event: 369.791 Thread 0x000001f805a25310 Thread added: 0x000001f8074b98b0
Event: 369.795 Thread 0x000001f805a25310 Thread added: 0x000001f8074b8500
Event: 369.796 Thread 0x000001f805a25310 Thread added: 0x000001f8074b77e0
Event: 369.798 Thread 0x000001f805a25310 Thread added: 0x000001f8074ba5d0
Event: 369.799 Thread 0x000001f805a25310 Thread added: 0x000001f8074b8b90
Event: 369.800 Thread 0x000001f805a25310 Thread added: 0x000001f8074b7150
Event: 369.806 Thread 0x000001f805a25310 Thread added: 0x000001f8074b7e70
Event: 369.808 Thread 0x000001f805a25310 Thread added: 0x000001f8069921f0
Event: 372.374 Thread 0x000001f805a25310 Thread added: 0x000001f8069907b0
Event: 372.682 Thread 0x000001f805a25310 Thread added: 0x000001f806a3a1d0
Event: 372.684 Thread 0x000001f805a25310 Thread added: 0x000001f806a38e20
Event: 372.686 Thread 0x000001f805a25310 Thread added: 0x000001f806a3a860
Event: 372.688 Thread 0x000001f805a25310 Thread added: 0x000001f806a373e0
Event: 372.690 Thread 0x000001f805a25310 Thread added: 0x000001f806a394b0
Event: 372.692 Thread 0x000001f805a25310 Thread added: 0x000001f806a37a70
Event: 372.700 Thread 0x000001f805a25310 Thread added: 0x000001f806a3aef0
Event: 372.708 Thread 0x000001f805a25310 Thread added: 0x000001f806a39b40
Event: 496.636 Thread 0x000001f8074b49f0 Thread exited: 0x000001f8074b49f0


Dynamic libraries:
0x00007ff6e5c40000 - 0x00007ff6e5c4a000 	C:\Program Files\Android\Android Studio1\jbr\bin\java.exe
0x00007ffe0e5c0000 - 0x00007ffe0e825000 	C:\WINDOWS\SYSTEM32\ntdll.dll
0x00007ffe0d9a0000 - 0x00007ffe0da69000 	C:\WINDOWS\System32\KERNEL32.DLL
0x00007ffe0bbf0000 - 0x00007ffe0bfd8000 	C:\WINDOWS\System32\KERNELBASE.dll
0x00007ffe0b7d0000 - 0x00007ffe0b91b000 	C:\WINDOWS\System32\ucrtbase.dll
0x00007ffdf2030000 - 0x00007ffdf2048000 	C:\Program Files\Android\Android Studio1\jbr\bin\jli.dll
0x00007ffe0dd70000 - 0x00007ffe0df3a000 	C:\WINDOWS\System32\USER32.dll
0x00007ffe0bfe0000 - 0x00007ffe0c007000 	C:\WINDOWS\System32\win32u.dll
0x00007ffe0e440000 - 0x00007ffe0e46b000 	C:\WINDOWS\System32\GDI32.dll
0x00007ffe0c190000 - 0x00007ffe0c2c7000 	C:\WINDOWS\System32\gdi32full.dll
0x00007ffe0bb40000 - 0x00007ffe0bbe3000 	C:\WINDOWS\System32\msvcp_win.dll
0x00007ffd9da60000 - 0x00007ffd9da7b000 	C:\Program Files\Android\Android Studio1\jbr\bin\VCRUNTIME140.dll
0x00007ffdf0fb0000 - 0x00007ffdf124a000 	C:\WINDOWS\WinSxS\amd64_microsoft.windows.common-controls_6595b64144ccf1df_6.0.26100.4202_none_3e0698d4e335f517\COMCTL32.dll
0x00007ffe0c590000 - 0x00007ffe0c639000 	C:\WINDOWS\System32\msvcrt.dll
0x00007ffe0df40000 - 0x00007ffe0df70000 	C:\WINDOWS\System32\IMM32.DLL
0x00007ffd9dd30000 - 0x00007ffd9dd3c000 	C:\Program Files\Android\Android Studio1\jbr\bin\vcruntime140_1.dll
0x00007ffdf01b0000 - 0x00007ffdf023d000 	C:\Program Files\Android\Android Studio1\jbr\bin\msvcp140.dll
0x00007ffd9b9f0000 - 0x00007ffd9c67b000 	C:\Program Files\Android\Android Studio1\jbr\bin\server\jvm.dll
0x00007ffe0cb40000 - 0x00007ffe0cbf3000 	C:\WINDOWS\System32\ADVAPI32.dll
0x00007ffe0e390000 - 0x00007ffe0e436000 	C:\WINDOWS\System32\sechost.dll
0x00007ffe0da70000 - 0x00007ffe0db85000 	C:\WINDOWS\System32\RPCRT4.dll
0x00007ffe0df80000 - 0x00007ffe0dff4000 	C:\WINDOWS\System32\WS2_32.dll
0x00007ffe0b560000 - 0x00007ffe0b5be000 	C:\WINDOWS\SYSTEM32\POWRPROF.dll
0x00007ffe04d00000 - 0x00007ffe04d35000 	C:\WINDOWS\SYSTEM32\WINMM.dll
0x00007ffe04de0000 - 0x00007ffe04deb000 	C:\WINDOWS\SYSTEM32\VERSION.dll
0x00007ffe0b540000 - 0x00007ffe0b554000 	C:\WINDOWS\SYSTEM32\UMPDC.dll
0x00007ffe0a430000 - 0x00007ffe0a44b000 	C:\WINDOWS\SYSTEM32\kernel.appcore.dll
0x00007ffd9da50000 - 0x00007ffd9da5a000 	C:\Program Files\Android\Android Studio1\jbr\bin\jimage.dll
0x00007ffe00700000 - 0x00007ffe00941000 	C:\WINDOWS\SYSTEM32\DBGHELP.DLL
0x00007ffe0e000000 - 0x00007ffe0e385000 	C:\WINDOWS\System32\combase.dll
0x00007ffe0c460000 - 0x00007ffe0c541000 	C:\WINDOWS\System32\OLEAUT32.dll
0x00007ffdec8c0000 - 0x00007ffdec8f9000 	C:\WINDOWS\SYSTEM32\dbgcore.DLL
0x00007ffe0baa0000 - 0x00007ffe0bb39000 	C:\WINDOWS\System32\bcryptPrimitives.dll
0x00007ffe06620000 - 0x00007ffe0662e000 	C:\Program Files\Android\Android Studio1\jbr\bin\instrument.dll
0x00007ffd9d380000 - 0x00007ffd9d3a0000 	C:\Program Files\Android\Android Studio1\jbr\bin\java.dll
0x00007ffd9d2c0000 - 0x00007ffd9d2d8000 	C:\Program Files\Android\Android Studio1\jbr\bin\zip.dll
0x00007ffe0d250000 - 0x00007ffe0d992000 	C:\WINDOWS\System32\SHELL32.dll
0x00007ffe0b920000 - 0x00007ffe0ba94000 	C:\WINDOWS\System32\wintypes.dll
0x00007ffe09360000 - 0x00007ffe09bb8000 	C:\WINDOWS\SYSTEM32\windows.storage.dll
0x00007ffe0c360000 - 0x00007ffe0c451000 	C:\WINDOWS\System32\SHCORE.dll
0x00007ffe0cad0000 - 0x00007ffe0cb3a000 	C:\WINDOWS\System32\shlwapi.dll
0x00007ffe0b620000 - 0x00007ffe0b64f000 	C:\WINDOWS\SYSTEM32\profapi.dll
0x00007ffd9d2b0000 - 0x00007ffd9d2c0000 	C:\Program Files\Android\Android Studio1\jbr\bin\net.dll
0x00007ffe01fd0000 - 0x00007ffe020ee000 	C:\WINDOWS\SYSTEM32\WINHTTP.dll
0x00007ffe0aa40000 - 0x00007ffe0aaaa000 	C:\WINDOWS\system32\mswsock.dll
0x00007ffd9d290000 - 0x00007ffd9d2a6000 	C:\Program Files\Android\Android Studio1\jbr\bin\nio.dll
0x00007ffe06790000 - 0x00007ffe067a0000 	C:\Program Files\Android\Android Studio1\jbr\bin\verify.dll
0x00007ffdc3d20000 - 0x00007ffdc3d47000 	C:\Users\natas\.gradle\native\c067742578af261105cb4f569cf0c3c89f3d7b1fecec35dd04571415982c5e48\windows-amd64\native-platform.dll
0x00007ffdcfc00000 - 0x00007ffdcfd44000 	C:\Users\natas\.gradle\native\100fb08df4bc3b14c8652ba06237920a3bd2aa13389f12d3474272988ae205f9\windows-amd64\native-platform-file-events.dll
0x00007ffdc9d20000 - 0x00007ffdc9d29000 	C:\Program Files\Android\Android Studio1\jbr\bin\management.dll
0x00007ffdc9d10000 - 0x00007ffdc9d1b000 	C:\Program Files\Android\Android Studio1\jbr\bin\management_ext.dll
0x00007ffe0e570000 - 0x00007ffe0e578000 	C:\WINDOWS\System32\PSAPI.DLL
0x00007ffe0acf0000 - 0x00007ffe0ad0b000 	C:\WINDOWS\SYSTEM32\CRYPTSP.dll
0x00007ffe0a450000 - 0x00007ffe0a48a000 	C:\WINDOWS\system32\rsaenh.dll
0x00007ffe0aae0000 - 0x00007ffe0ab0b000 	C:\WINDOWS\SYSTEM32\USERENV.dll
0x00007ffe0b5f0000 - 0x00007ffe0b616000 	C:\WINDOWS\SYSTEM32\bcrypt.dll
0x00007ffe0ad10000 - 0x00007ffe0ad1c000 	C:\WINDOWS\SYSTEM32\CRYPTBASE.dll
0x00007ffe09ec0000 - 0x00007ffe09ef3000 	C:\WINDOWS\SYSTEM32\IPHLPAPI.DLL
0x00007ffe0dd40000 - 0x00007ffe0dd4a000 	C:\WINDOWS\System32\NSI.dll
0x00007ffdc9d50000 - 0x00007ffdc9d59000 	C:\Program Files\Android\Android Studio1\jbr\bin\extnet.dll
0x00007ffdcad70000 - 0x00007ffdcad78000 	C:\WINDOWS\system32\wshunix.dll

dbghelp: loaded successfully - version: 4.0.5 - missing functions: none
symbol engine: initialized successfully - sym options: 0x614 - pdb path: .;C:\Program Files\Android\Android Studio1\jbr\bin;C:\WINDOWS\SYSTEM32;C:\WINDOWS\WinSxS\amd64_microsoft.windows.common-controls_6595b64144ccf1df_6.0.26100.4202_none_3e0698d4e335f517;C:\Program Files\Android\Android Studio1\jbr\bin\server;C:\Users\natas\.gradle\native\c067742578af261105cb4f569cf0c3c89f3d7b1fecec35dd04571415982c5e48\windows-amd64;C:\Users\natas\.gradle\native\100fb08df4bc3b14c8652ba06237920a3bd2aa13389f12d3474272988ae205f9\windows-amd64

VM Arguments:
jvm_args: --add-opens=java.base/java.lang=ALL-UNNAMED --add-opens=java.base/java.lang.invoke=ALL-UNNAMED --add-opens=java.base/java.util=ALL-UNNAMED --add-opens=java.prefs/java.util.prefs=ALL-UNNAMED --add-exports=jdk.compiler/com.sun.tools.javac.api=ALL-UNNAMED --add-exports=jdk.compiler/com.sun.tools.javac.util=ALL-UNNAMED --add-opens=java.base/java.util=ALL-UNNAMED --add-opens=java.prefs/java.util.prefs=ALL-UNNAMED --add-opens=java.base/java.nio.charset=ALL-UNNAMED --add-opens=java.base/java.net=ALL-UNNAMED --add-opens=java.base/java.util.concurrent.atomic=ALL-UNNAMED --add-opens=java.xml/javax.xml.namespace=ALL-UNNAMED -Xmx2048m -Dfile.encoding=UTF-8 -Duser.country=GB -Duser.language=en -Duser.variant -javaagent:C:\Users\natas\.gradle\wrapper\dists\gradle-8.11.1-bin\bpt9gzteqjrbo1mjrsomdt32c\gradle-8.11.1\lib\agents\gradle-instrumentation-agent-8.11.1.jar 
java_command: org.gradle.launcher.daemon.bootstrap.GradleDaemon 8.11.1
java_class_path (initial): C:\Users\natas\.gradle\wrapper\dists\gradle-8.11.1-bin\bpt9gzteqjrbo1mjrsomdt32c\gradle-8.11.1\lib\gradle-daemon-main-8.11.1.jar
Launcher Type: SUN_STANDARD

[Global flags]
     intx CICompilerCount                          = 4                                         {product} {ergonomic}
     uint ConcGCThreads                            = 3                                         {product} {ergonomic}
     uint G1ConcRefinementThreads                  = 10                                        {product} {ergonomic}
   size_t G1HeapRegionSize                         = 1048576                                   {product} {ergonomic}
    uintx GCDrainStackTargetSize                   = 64                                        {product} {ergonomic}
   size_t InitialHeapSize                          = 123731968                                 {product} {ergonomic}
   size_t MarkStackSize                            = 4194304                                   {product} {ergonomic}
   size_t MaxHeapSize                              = 2147483648                                {product} {command line}
   size_t MaxNewSize                               = 1287651328                                {product} {ergonomic}
   size_t MinHeapDeltaBytes                        = 1048576                                   {product} {ergonomic}
   size_t MinHeapSize                              = 8388608                                   {product} {ergonomic}
    uintx NonNMethodCodeHeapSize                   = 5839372                                {pd product} {ergonomic}
    uintx NonProfiledCodeHeapSize                  = 122909434                              {pd product} {ergonomic}
    uintx ProfiledCodeHeapSize                     = 122909434                              {pd product} {ergonomic}
    uintx ReservedCodeCacheSize                    = 251658240                              {pd product} {ergonomic}
     bool SegmentedCodeCache                       = true                                      {product} {ergonomic}
   size_t SoftMaxHeapSize                          = 2147483648                             {manageable} {ergonomic}
     bool UseCompressedOops                        = true                           {product lp64_product} {ergonomic}
     bool UseG1GC                                  = true                                      {product} {ergonomic}
     bool UseLargePagesIndividualAllocation        = false                                  {pd product} {ergonomic}

Logging:
Log output configuration:
 #0: stdout all=warning uptime,level,tags foldmultilines=false
 #1: stderr all=off uptime,level,tags foldmultilines=false

Environment Variables:
JAVA_HOME=C:\Program Files\Java\jdk-20
PATH=C:\Program Files\Eclipse Adoptium\jdk-17.0.8.101-hotspot\bin;C:\Program Files\Common Files\Oracle\Java\javapath;C:\Program Files (x86)\VMware\VMware Workstation\bin\;C:\windows\system32;C:\windows;C:\windows\System32\Wbem;C:\windows\System32\WindowsPowerShell\v1.0\;C:\windows\System32\OpenSSH\;C:\Program Files\HP\HP One Agent;C:\Program Files\PuTTY\;C:\Program Files\Git\cmd;C:\Program Files\nodejs\;C:\WINDOWS\system32;C:\WINDOWS;C:\WINDOWS\System32\Wbem;C:\WINDOWS\System32\WindowsPowerShell\v1.0\;C:\WINDOWS\System32\OpenSSH\;C:\Program Files (x86)\Windows Kits\10\Windows Performance Toolkit\;C:\Users\natas\AppData\Local\Programs\Python\Python311\Scripts\;C:\Users\natas\AppData\Local\Programs\Python\Python311\;C:\Users\natas\AppData\Local\Microsoft\WindowsApps;C:\Users\natas\OneDrive\Desktop\PyCharm Community Edition 2023.1.1\bin;;C:\Program Files\Java\jdk-20\bin;C:\Users\natas\AppData\Local\Programs\Microsoft VS Code\bin;N:\xampp2\php;C:\Users\natas\AppData\Roaming\npm;C:\Program Files (x86)\Nmap;C:\Users\natas\AppData\Local\Programs\Swift\Runtimes\6.0.3\usr\bin\;C:\Users\natas\AppData\Local\Programs\Swift\Toolchains\6.0.3+Asserts\usr\bin\;C:\Users\natas\AppData\Local\Programs\Swift\Tools\6.0.3\;C:\Swift\bin\Swift for Windows.exe;;C:\Program Files\JetBrains\IntelliJ IDEA 2024.3.5\bin;
USERNAME=penzi
OS=Windows_NT
PROCESSOR_IDENTIFIER=AMD64 Family 25 Model 80 Stepping 0, AuthenticAMD
TMP=C:\Users\natas\AppData\Local\Temp
TEMP=C:\Users\natas\AppData\Local\Temp




Periodic native trim disabled

JNI global refs:
JNI global refs: 26, weak refs: 0

JNI global refs memory usage: 835, weak refs: 833

Process memory usage:
Resident Set Size: 19620K (0% of 7711748K total physical memory with 8388K free physical memory)

OOME stack traces (most recent first):
Classloader memory used:
Loader org.gradle.internal.classloader.VisitableURLClassLoader                         : 28122K
Loader bootstrap                                                                       : 22635K
Loader org.gradle.initialization.MixInLegacyTypesClassLoader                           : 6440K
Loader org.gradle.internal.classloader.VisitableURLClassLoader                         : 737K
Loader org.gradle.internal.classloader.VisitableURLClassLoader$InstrumentingVisitableURLClassLoader: 571K
Loader jdk.internal.loader.ClassLoaders$PlatformClassLoader                            : 516K
Loader jdk.internal.loader.ClassLoaders$AppClassLoader                                 : 234K
Loader jdk.internal.reflect.DelegatingClassLoader                                      : 167K
Loader org.gradle.groovy.scripts.internal.DefaultScriptCompilationHandler$ScriptClassLoader: 91328B
Loader org.codehaus.groovy.runtime.callsite.CallSiteClassLoader                        : 49600B

Classes loaded by more than one classloader:
Class org.gradle.api.GradleException                                                  : loaded 3 times (x 78B)
Class org.gradle.internal.classloader.FilteringClassLoader                            : loaded 2 times (x 101B)
Class org.gradle.internal.classloader.ClassLoaderHierarchy                            : loaded 2 times (x 66B)
Class org.gradle.api.internal.classpath.ManifestUtil                                  : loaded 2 times (x 67B)
Class org.gradle.internal.operations.MultipleBuildOperationFailures                   : loaded 2 times (x 91B)
Class org.gradle.internal.classloader.DefaultClassLoaderFactory                       : loaded 2 times (x 78B)
Class kotlin.collections.AbstractList$Companion                                       : loaded 2 times (x 67B)
Class org.gradle.internal.classloader.ClassLoaderVisitor                              : loaded 2 times (x 72B)
Class org.gradle.api.internal.classpath.EffectiveClassPath                            : loaded 2 times (x 86B)
Class org.gradle.api.internal.DefaultClassPathProvider                                : loaded 2 times (x 72B)
Class [Lorg.gradle.api.internal.ClassPathProvider;                                    : loaded 2 times (x 65B)
Class org.gradle.api.internal.ClassPathProvider                                       : loaded 2 times (x 66B)
Class org.gradle.internal.service.UnknownServiceException                             : loaded 2 times (x 79B)
Class org.gradle.internal.classpath.TransformedClassPath                              : loaded 2 times (x 92B)
Class org.gradle.internal.classloader.InstrumentingClassLoader                        : loaded 2 times (x 66B)
Class kotlin.enums.EnumEntriesList                                                    : loaded 2 times (x 219B)
Class ijInit2_75ii1zzq7xcvcfnpzrcvcniuu                                               : loaded 2 times (x 175B)
Class org.gradle.internal.service.ServiceLocator                                      : loaded 2 times (x 66B)
Class org.gradle.internal.InternalTransformer                                         : loaded 2 times (x 66B)
Class org.gradle.internal.time.DefaultTimer                                           : loaded 2 times (x 76B)
Class org.gradle.internal.classloader.ClasspathUtil$1                                 : loaded 2 times (x 72B)
Class org.gradle.api.internal.classpath.DefaultModuleRegistry$DefaultModule           : loaded 2 times (x 82B)
Class org.gradle.internal.time.DefaultCountdownTimer                                  : loaded 2 times (x 84B)
Class kotlin.Function                                                                 : loaded 2 times (x 66B)
Class org.gradle.api.internal.classpath.Module                                        : loaded 2 times (x 66B)
Class org.gradle.api.internal.classpath.UnknownModuleException                        : loaded 2 times (x 78B)
Class org.gradle.api.internal.DefaultClassPathRegistry                                : loaded 2 times (x 72B)
Class org.gradle.api.internal.ClassPathRegistry                                       : loaded 2 times (x 66B)
Class org.gradle.internal.classpath.DefaultClassPath$ImmutableUniqueList              : loaded 2 times (x 195B)
Class org.gradle.internal.classpath.ClassPath                                         : loaded 2 times (x 66B)
Class org.gradle.api.UncheckedIOException                                             : loaded 2 times (x 78B)
Class kotlin.UninitializedPropertyAccessException                                     : loaded 2 times (x 78B)
Class org.gradle.internal.installation.GradleInstallation$1                           : loaded 2 times (x 71B)
Class org.gradle.api.internal.classpath.ModuleRegistry                                : loaded 2 times (x 66B)
Class org.gradle.api.internal.classpath.DefaultModuleRegistry                         : loaded 2 times (x 82B)
Class org.gradle.internal.time.MonotonicClock                                         : loaded 2 times (x 73B)
Class org.gradle.internal.service.ServiceLookupException                              : loaded 2 times (x 78B)
Class org.gradle.internal.classloader.ClassLoaderFactory                              : loaded 2 times (x 66B)
Class org.gradle.internal.service.CachingServiceLocator                               : loaded 2 times (x 78B)
Class org.gradle.internal.time.TimeSource                                             : loaded 2 times (x 66B)
Class kotlin.enums.EnumEntries                                                        : loaded 2 times (x 66B)
Class org.gradle.internal.exceptions.ResolutionProvider                               : loaded 2 times (x 66B)
Class org.gradle.internal.classloader.ClasspathUtil                                   : loaded 2 times (x 67B)
Class org.gradle.internal.time.TimeSource$1                                           : loaded 2 times (x 73B)
Class org.gradle.api.specs.Spec                                                       : loaded 2 times (x 66B)
Class org.gradle.internal.time.Clock                                                  : loaded 2 times (x 66B)
Class kotlin.collections.AbstractList                                                 : loaded 2 times (x 193B)
Class kotlin.collections.AbstractCollection                                           : loaded 2 times (x 113B)
Class org.gradle.internal.classloader.VisitableURLClassLoader$InstrumentingVisitableURLClassLoader: loaded 2 times (x 119B)
Class org.gradle.internal.classloader.VisitableURLClassLoader$Spec                    : loaded 2 times (x 70B)
Class org.gradle.internal.classpath.DefaultClassPath                                  : loaded 2 times (x 86B)
Class org.gradle.internal.classloader.ClassLoaderSpec                                 : loaded 2 times (x 67B)
Class org.gradle.internal.classloader.VisitableURLClassLoader                         : loaded 2 times (x 113B)
Class org.gradle.internal.Cast                                                        : loaded 2 times (x 67B)
Class org.gradle.api.Action                                                           : loaded 2 times (x 66B)
Class kotlin.jvm.functions.Function1                                                  : loaded 2 times (x 66B)
Class org.gradle.internal.classpath.DefaultClassPath$ImmutableUniqueList$Builder      : loaded 2 times (x 71B)
Class kotlin.NotImplementedError                                                      : loaded 2 times (x 78B)
Class org.gradle.internal.exceptions.NonGradleCauseExceptionsHolder                   : loaded 2 times (x 66B)
Class org.jetbrains.plugins.gradle.tooling.ModelBuilderService$Parameter              : loaded 2 times (x 66B)
Class kotlin.enums.EnumEntriesKt                                                      : loaded 2 times (x 67B)
Class org.gradle.internal.IoActions                                                   : loaded 2 times (x 67B)
Class org.gradle.internal.classloader.SystemClassLoaderSpec                           : loaded 2 times (x 67B)
Class org.gradle.internal.exceptions.MultiCauseException                              : loaded 2 times (x 66B)
Class org.gradle.internal.time.CountdownTimer                                         : loaded 2 times (x 66B)
Class kotlin.jvm.internal.Intrinsics                                                  : loaded 2 times (x 67B)
Class org.gradle.tooling.model.ProjectModel                                           : loaded 2 times (x 66B)
Class kotlin.KotlinNullPointerException                                               : loaded 2 times (x 79B)
Class org.gradle.internal.exceptions.DefaultMultiCauseException                       : loaded 2 times (x 91B)
Class org.gradle.internal.time.Time                                                   : loaded 2 times (x 67B)
Class org.gradle.api.internal.classpath.GlobalCacheRootsProvider                      : loaded 2 times (x 66B)
Class org.gradle.internal.time.Timer                                                  : loaded 2 times (x 66B)
Class kotlin.jvm.internal.markers.KMappedMarker                                       : loaded 2 times (x 66B)
Class org.gradle.internal.installation.CurrentGradleInstallationLocator               : loaded 2 times (x 67B)
Class org.gradle.internal.service.DefaultServiceLocator                               : loaded 2 times (x 79B)
Class org.gradle.util.GradleVersion                                                   : loaded 2 times (x 79B)
Class org.gradle.internal.installation.CurrentGradleInstallation                      : loaded 2 times (x 69B)
Class org.gradle.util.internal.GUtil                                                  : loaded 2 times (x 67B)
Class sync_studio_tooling14120_eete4yf1hwc3c9mtzm87saxjt                              : loaded 2 times (x 175B)
Class org.gradle.internal.installation.GradleInstallation                             : loaded 2 times (x 71B)

---------------  S Y S T E M  ---------------

OS:
 Windows 11 , 64 bit Build 26100 (10.0.26100.4202)
OS uptime: 4 days 1:53 hours
Hyper-V role detected

CPU: total 12 (initial active 12) (12 cores per cpu, 2 threads per core) family 25 model 80 stepping 0 microcode 0xa50000f, cx8, cmov, fxsr, ht, mmx, 3dnowpref, sse, sse2, sse3, ssse3, sse4a, sse4.1, sse4.2, popcnt, lzcnt, tsc, tscinvbit, avx, avx2, aes, erms, clmul, bmi1, bmi2, adx, sha, fma, vzeroupper, clflush, clflushopt, hv, rdtscp, rdpid, fsrm, f16c, cet_ss
Processor Information for the first 12 processors :
  Max Mhz: 2301, Current Mhz: 1851, Mhz Limit: 2301

Memory: 4k page, system-wide physical 7531M (9M free)
TotalPageFile size 31083M (AvailPageFile size 64M)
current process WorkingSet (physical memory assigned to process): 30M, peak: 139M
current process commit charge ("private bytes"): 659M, peak: 665M

vm_info: OpenJDK 64-Bit Server VM (21.0.6+-13368085-b895.109) for windows-amd64 JRE (21.0.6+-13368085-b895.109), built on 2025-04-16T17:01:31Z by "builder" with MS VC++ 16.10 / 16.11 (VS2019)

END.
