#
# There is insufficient memory for the Java Runtime Environment to continue.
# Native memory allocation (malloc) failed to allocate 599056 bytes. Error detail: Chunk::new
# Possible reasons:
#   The system is out of physical RAM or swap space
#   This process is running with CompressedOops enabled, and the Java Heap may be blocking the growth of the native heap
# Possible solutions:
#   Reduce memory load on the system
#   Increase physical memory or swap space
#   Check if swap backing store is full
#   Decrease Java heap size (-Xmx/-Xms)
#   Decrease number of Java threads
#   Decrease Java thread stack sizes (-Xss)
#   Set larger code cache with -XX:ReservedCodeCacheSize=
#   JVM is running with Unscaled Compressed Oops mode in which the Java heap is
#     placed in the first 4GB address space. The Java Heap base address is the
#     maximum limit for the native heap growth. Please use -XX:HeapBaseMinAddress
#     to set the Java Heap base and to place the Java Heap above 4GB virtual address.
# This output file may be truncated or incomplete.
#
#  Out of Memory Error (arena.cpp:168), pid=34136, tid=39660
#
# JRE version: OpenJDK Runtime Environment (21.0.6) (build 21.0.6+-13368085-b895.109)
# Java VM: OpenJDK 64-Bit Server VM (21.0.6+-13368085-b895.109, mixed mode, tiered, compressed oops, compressed class ptrs, g1 gc, windows-amd64)
# No core dump will be written. Minidumps are not enabled by default on client versions of Windows
#

---------------  S U M M A R Y ------------

Command Line: --add-opens=java.base/java.lang=ALL-UNNAMED --add-opens=java.base/java.lang.invoke=ALL-UNNAMED --add-opens=java.base/java.util=ALL-UNNAMED --add-opens=java.prefs/java.util.prefs=ALL-UNNAMED --add-exports=jdk.compiler/com.sun.tools.javac.api=ALL-UNNAMED --add-exports=jdk.compiler/com.sun.tools.javac.util=ALL-UNNAMED --add-opens=java.base/java.util=ALL-UNNAMED --add-opens=java.prefs/java.util.prefs=ALL-UNNAMED --add-opens=java.base/java.nio.charset=ALL-UNNAMED --add-opens=java.base/java.net=ALL-UNNAMED --add-opens=java.base/java.util.concurrent.atomic=ALL-UNNAMED --add-opens=java.xml/javax.xml.namespace=ALL-UNNAMED -Xmx2048m -Dfile.encoding=UTF-8 -Duser.country=GB -Duser.language=en -Duser.variant -javaagent:C:\Users\natas\.gradle\wrapper\dists\gradle-8.11.1-bin\bpt9gzteqjrbo1mjrsomdt32c\gradle-8.11.1\lib\agents\gradle-instrumentation-agent-8.11.1.jar org.gradle.launcher.daemon.bootstrap.GradleDaemon 8.11.1

Host: AMD Ryzen 5 5625U with Radeon Graphics         , 12 cores, 7G,  Windows 11 , 64 bit Build 26100 (10.0.26100.4202)
Time: Fri Jul  4 20:32:20 2025 E. Africa Standard Time elapsed time: 728.669224 seconds (0d 0h 12m 8s)

---------------  T H R E A D  ---------------

Current thread (0x000001df3bbadeb0):  JavaThread "C2 CompilerThread0" daemon [_thread_in_native, id=39660, stack(0x0000007d43b00000,0x0000007d43c00000) (1024K)]


Current CompileTask:
C2:728669 7152       4       java.lang.invoke.InvokerBytecodeGenerator::addMethod (725 bytes)

Stack: [0x0000007d43b00000,0x0000007d43c00000]
Native frames: (J=compiled Java code, j=interpreted, Vv=VM code, C=native code)
V  [jvm.dll+0x6d0639]
V  [jvm.dll+0x85eb03]
V  [jvm.dll+0x86105e]
V  [jvm.dll+0x861743]
V  [jvm.dll+0x27e6e6]
V  [jvm.dll+0xbff6d]
V  [jvm.dll+0xc04a3]
V  [jvm.dll+0x2f2780]
V  [jvm.dll+0x5fa409]
V  [jvm.dll+0x250d92]
V  [jvm.dll+0x24958d]
V  [jvm.dll+0x24714e]
V  [jvm.dll+0x1c5f04]
V  [jvm.dll+0x2569ac]
V  [jvm.dll+0x254ef6]
V  [jvm.dll+0x3f0e96]
V  [jvm.dll+0x806ed8]
V  [jvm.dll+0x6cef0d]
C  [ucrtbase.dll+0x37b0]
C  [KERNEL32.DLL+0x2e8d7]
C  [ntdll.dll+0x3c34c]


---------------  P R O C E S S  ---------------

Threads class SMR info:
_java_thread_list=0x000001df43150a30, length=66, elements={
0x000001df23ed16c0, 0x000001df3bbc5110, 0x000001df3bbc66d0, 0x000001df3bbca060,
0x000001df3bbcaab0, 0x000001df3bbcb500, 0x000001df3bbad130, 0x000001df3bbadeb0,
0x000001df3bbb24b0, 0x000001df3bd21120, 0x000001df4001afe0, 0x000001df415b02b0,
0x000001df41444380, 0x000001df400fd710, 0x000001df417bbe00, 0x000001df417bc460,
0x000001df417ec060, 0x000001df418077f0, 0x000001df4132ed00, 0x000001df418527d0,
0x000001df41851420, 0x000001df41851ab0, 0x000001df41850070, 0x000001df41852140,
0x000001df41850d90, 0x000001df418534f0, 0x000001df40e267d0, 0x000001df40e26140,
0x000001df40e25420, 0x000001df40e24d90, 0x000001df40e25ab0, 0x000001df40e288a0,
0x000001df40e28210, 0x000001df40e29c50, 0x000001df40e2a2e0, 0x000001df40e27b80,
0x000001df40e26e60, 0x000001df40e2a970, 0x000001df40e28f30, 0x000001df40e274f0,
0x000001df40e2bd20, 0x000001df40e295c0, 0x000001df40e2c3b0, 0x000001df40e2b000,
0x000001df4482ba20, 0x000001df4482c740, 0x000001df4482b390, 0x000001df4482c0b0,
0x000001df44829fe0, 0x000001df4482d460, 0x000001df4482daf0, 0x000001df4482a670,
0x000001df4482e810, 0x000001df4482eea0, 0x000001df4482f530, 0x000001df4482fbc0,
0x000001df44830250, 0x000001df448308e0, 0x000001df44830f70, 0x000001df4482e180,
0x000001df44831600, 0x000001df41852e60, 0x000001df437b5fd0, 0x000001df437b6660,
0x000001df437b3f00, 0x000001df437b31e0
}

Java Threads: ( => current thread )
  0x000001df23ed16c0 JavaThread "main"                              [_thread_blocked, id=14736, stack(0x0000007d42d00000,0x0000007d42e00000) (1024K)]
  0x000001df3bbc5110 JavaThread "Reference Handler"          daemon [_thread_blocked, id=24396, stack(0x0000007d43500000,0x0000007d43600000) (1024K)]
  0x000001df3bbc66d0 JavaThread "Finalizer"                  daemon [_thread_blocked, id=40040, stack(0x0000007d43600000,0x0000007d43700000) (1024K)]
  0x000001df3bbca060 JavaThread "Signal Dispatcher"          daemon [_thread_blocked, id=25468, stack(0x0000007d43700000,0x0000007d43800000) (1024K)]
  0x000001df3bbcaab0 JavaThread "Attach Listener"            daemon [_thread_blocked, id=27880, stack(0x0000007d43800000,0x0000007d43900000) (1024K)]
  0x000001df3bbcb500 JavaThread "Service Thread"             daemon [_thread_blocked, id=32468, stack(0x0000007d43900000,0x0000007d43a00000) (1024K)]
  0x000001df3bbad130 JavaThread "Monitor Deflation Thread"   daemon [_thread_blocked, id=39016, stack(0x0000007d43a00000,0x0000007d43b00000) (1024K)]
=>0x000001df3bbadeb0 JavaThread "C2 CompilerThread0"         daemon [_thread_in_native, id=39660, stack(0x0000007d43b00000,0x0000007d43c00000) (1024K)]
  0x000001df3bbb24b0 JavaThread "C1 CompilerThread0"         daemon [_thread_blocked, id=38164, stack(0x0000007d43c00000,0x0000007d43d00000) (1024K)]
  0x000001df3bd21120 JavaThread "Common-Cleaner"             daemon [_thread_blocked, id=25136, stack(0x0000007d43d00000,0x0000007d43e00000) (1024K)]
  0x000001df4001afe0 JavaThread "Notification Thread"        daemon [_thread_blocked, id=35104, stack(0x0000007d43e00000,0x0000007d43f00000) (1024K)]
  0x000001df415b02b0 JavaThread "Daemon health stats"               [_thread_blocked, id=20108, stack(0x0000007d44300000,0x0000007d44400000) (1024K)]
  0x000001df41444380 JavaThread "Incoming local TCP Connector on port 48201"        [_thread_in_native, id=38920, stack(0x0000007d44800000,0x0000007d44900000) (1024K)]
  0x000001df400fd710 JavaThread "Daemon periodic checks"            [_thread_blocked, id=36064, stack(0x0000007d44900000,0x0000007d44a00000) (1024K)]
  0x000001df417bbe00 JavaThread "Daemon"                            [_thread_blocked, id=22136, stack(0x0000007d42c00000,0x0000007d42d00000) (1024K)]
  0x000001df417bc460 JavaThread "Handler for socket connection from /127.0.0.1:48201 to /127.0.0.1:48222"        [_thread_in_native, id=8652, stack(0x0000007d44a00000,0x0000007d44b00000) (1024K)]
  0x000001df417ec060 JavaThread "Cancel handler"                    [_thread_blocked, id=23460, stack(0x0000007d44b00000,0x0000007d44c00000) (1024K)]
  0x000001df418077f0 JavaThread "Daemon worker"                     [_thread_in_vm, id=21704, stack(0x0000007d44c00000,0x0000007d44d00000) (1024K)]
  0x000001df4132ed00 JavaThread "Asynchronous log dispatcher for DefaultDaemonConnection: socket connection from /127.0.0.1:48201 to /127.0.0.1:48222"        [_thread_blocked, id=27404, stack(0x0000007d44d00000,0x0000007d44e00000) (1024K)]
  0x000001df418527d0 JavaThread "Stdin handler"                     [_thread_blocked, id=19620, stack(0x0000007d44e00000,0x0000007d44f00000) (1024K)]
  0x000001df41851420 JavaThread "Daemon client event forwarder"        [_thread_blocked, id=33912, stack(0x0000007d44f00000,0x0000007d45000000) (1024K)]
  0x000001df41851ab0 JavaThread "Cache worker for journal cache (C:\Users\natas\.gradle\caches\journal-1)"        [_thread_blocked, id=40256, stack(0x0000007d45200000,0x0000007d45300000) (1024K)]
  0x000001df41850070 JavaThread "File lock request listener"        [_thread_in_native, id=34180, stack(0x0000007d45300000,0x0000007d45400000) (1024K)]
  0x000001df41852140 JavaThread "Cache worker for file hash cache (C:\Users\natas\.gradle\caches\8.11.1\fileHashes)"        [_thread_blocked, id=38300, stack(0x0000007d45500000,0x0000007d45600000) (1024K)]
  0x000001df41850d90 JavaThread "Cache worker for file content cache (C:\Users\natas\.gradle\caches\8.11.1\fileContent)"        [_thread_blocked, id=38500, stack(0x0000007d45600000,0x0000007d45700000) (1024K)]
  0x000001df418534f0 JavaThread "Cache worker for file hash cache (C:\Users\natas\AndroidStudioProjects\MyApplication3\.gradle\8.11.1\fileHashes)"        [_thread_blocked, id=36952, stack(0x0000007d45700000,0x0000007d45800000) (1024K)]
  0x000001df40e267d0 JavaThread "Cache worker for Build Output Cleanup Cache (C:\Users\natas\AndroidStudioProjects\MyApplication3\.gradle\buildOutputCleanup)"        [_thread_blocked, id=35180, stack(0x0000007d45800000,0x0000007d45900000) (1024K)]
  0x000001df40e26140 JavaThread "File watcher server"        daemon [_thread_in_native, id=40008, stack(0x0000007d45900000,0x0000007d45a00000) (1024K)]
  0x000001df40e25420 JavaThread "File watcher consumer"      daemon [_thread_blocked, id=31464, stack(0x0000007d42a00000,0x0000007d42b00000) (1024K)]
  0x000001df40e24d90 JavaThread "jar transforms"                    [_thread_blocked, id=31704, stack(0x0000007d45a00000,0x0000007d45b00000) (1024K)]
  0x000001df40e25ab0 JavaThread "jar transforms Thread 2"           [_thread_blocked, id=12112, stack(0x0000007d45b00000,0x0000007d45c00000) (1024K)]
  0x000001df40e288a0 JavaThread "jar transforms Thread 3"           [_thread_blocked, id=22664, stack(0x0000007d45c00000,0x0000007d45d00000) (1024K)]
  0x000001df40e28210 JavaThread "jar transforms Thread 4"           [_thread_blocked, id=33272, stack(0x0000007d45d00000,0x0000007d45e00000) (1024K)]
  0x000001df40e29c50 JavaThread "jar transforms Thread 5"           [_thread_blocked, id=14760, stack(0x0000007d45e00000,0x0000007d45f00000) (1024K)]
  0x000001df40e2a2e0 JavaThread "jar transforms Thread 6"           [_thread_blocked, id=29928, stack(0x0000007d45f00000,0x0000007d46000000) (1024K)]
  0x000001df40e27b80 JavaThread "jar transforms Thread 7"           [_thread_blocked, id=28268, stack(0x0000007d46000000,0x0000007d46100000) (1024K)]
  0x000001df40e26e60 JavaThread "jar transforms Thread 8"           [_thread_blocked, id=32656, stack(0x0000007d46100000,0x0000007d46200000) (1024K)]
  0x000001df40e2a970 JavaThread "jar transforms Thread 9"           [_thread_blocked, id=24548, stack(0x0000007d46200000,0x0000007d46300000) (1024K)]
  0x000001df40e28f30 JavaThread "jar transforms Thread 10"          [_thread_blocked, id=13908, stack(0x0000007d46300000,0x0000007d46400000) (1024K)]
  0x000001df40e274f0 JavaThread "jar transforms Thread 11"          [_thread_blocked, id=34200, stack(0x0000007d46400000,0x0000007d46500000) (1024K)]
  0x000001df40e2bd20 JavaThread "jar transforms Thread 12"          [_thread_blocked, id=26640, stack(0x0000007d46500000,0x0000007d46600000) (1024K)]
  0x000001df40e295c0 JavaThread "Cache worker for checksums cache (C:\Users\natas\AndroidStudioProjects\MyApplication3\.gradle\8.11.1\checksums)"        [_thread_blocked, id=17068, stack(0x0000007d46600000,0x0000007d46700000) (1024K)]
  0x000001df40e2c3b0 JavaThread "Cache worker for cache directory md-rule (C:\Users\natas\.gradle\caches\8.11.1\md-rule)"        [_thread_blocked, id=9496, stack(0x0000007d46700000,0x0000007d46800000) (1024K)]
  0x000001df40e2b000 JavaThread "Cache worker for cache directory md-supplier (C:\Users\natas\.gradle\caches\8.11.1\md-supplier)"        [_thread_blocked, id=24200, stack(0x0000007d46800000,0x0000007d46900000) (1024K)]
  0x000001df4482ba20 JavaThread "Unconstrained build operations"        [_thread_blocked, id=26816, stack(0x0000007d45400000,0x0000007d45500000) (1024K)]
  0x000001df4482c740 JavaThread "Unconstrained build operations Thread 2"        [_thread_blocked, id=37976, stack(0x0000007d46b00000,0x0000007d46c00000) (1024K)]
  0x000001df4482b390 JavaThread "Unconstrained build operations Thread 3"        [_thread_blocked, id=31044, stack(0x0000007d46d00000,0x0000007d46e00000) (1024K)]
  0x000001df4482c0b0 JavaThread "Unconstrained build operations Thread 4"        [_thread_blocked, id=12564, stack(0x0000007d46e00000,0x0000007d46f00000) (1024K)]
  0x000001df44829fe0 JavaThread "Unconstrained build operations Thread 5"        [_thread_blocked, id=28156, stack(0x0000007d46900000,0x0000007d46a00000) (1024K)]
  0x000001df4482d460 JavaThread "Unconstrained build operations Thread 6"        [_thread_blocked, id=33380, stack(0x0000007d46a00000,0x0000007d46b00000) (1024K)]
  0x000001df4482daf0 JavaThread "Unconstrained build operations Thread 7"        [_thread_blocked, id=24820, stack(0x0000007d46f00000,0x0000007d47000000) (1024K)]
  0x000001df4482a670 JavaThread "Unconstrained build operations Thread 8"        [_thread_blocked, id=37656, stack(0x0000007d47000000,0x0000007d47100000) (1024K)]
  0x000001df4482e810 JavaThread "Unconstrained build operations Thread 9"        [_thread_blocked, id=31376, stack(0x0000007d47100000,0x0000007d47200000) (1024K)]
  0x000001df4482eea0 JavaThread "Unconstrained build operations Thread 10"        [_thread_blocked, id=38308, stack(0x0000007d47200000,0x0000007d47300000) (1024K)]
  0x000001df4482f530 JavaThread "Unconstrained build operations Thread 11"        [_thread_blocked, id=38972, stack(0x0000007d47300000,0x0000007d47400000) (1024K)]
  0x000001df4482fbc0 JavaThread "Unconstrained build operations Thread 12"        [_thread_blocked, id=25628, stack(0x0000007d47400000,0x0000007d47500000) (1024K)]
  0x000001df44830250 JavaThread "Unconstrained build operations Thread 13"        [_thread_blocked, id=26192, stack(0x0000007d47500000,0x0000007d47600000) (1024K)]
  0x000001df448308e0 JavaThread "Unconstrained build operations Thread 14"        [_thread_blocked, id=39264, stack(0x0000007d47600000,0x0000007d47700000) (1024K)]
  0x000001df44830f70 JavaThread "Unconstrained build operations Thread 15"        [_thread_blocked, id=20168, stack(0x0000007d47700000,0x0000007d47800000) (1024K)]
  0x000001df4482e180 JavaThread "Unconstrained build operations Thread 16"        [_thread_blocked, id=28308, stack(0x0000007d47800000,0x0000007d47900000) (1024K)]
  0x000001df44831600 JavaThread "Unconstrained build operations Thread 17"        [_thread_blocked, id=38020, stack(0x0000007d47900000,0x0000007d47a00000) (1024K)]
  0x000001df41852e60 JavaThread "Unconstrained build operations Thread 18"        [_thread_blocked, id=25672, stack(0x0000007d47a00000,0x0000007d47b00000) (1024K)]
  0x000001df437b5fd0 JavaThread "Unconstrained build operations Thread 19"        [_thread_blocked, id=18080, stack(0x0000007d47b00000,0x0000007d47c00000) (1024K)]
  0x000001df437b6660 JavaThread "Unconstrained build operations Thread 20"        [_thread_blocked, id=13584, stack(0x0000007d47c00000,0x0000007d47d00000) (1024K)]
  0x000001df437b3f00 JavaThread "Unconstrained build operations Thread 21"        [_thread_blocked, id=39988, stack(0x0000007d47d00000,0x0000007d47e00000) (1024K)]
  0x000001df437b31e0 JavaThread "File lock release action executor Thread 4"        [_thread_blocked, id=40104, stack(0x0000007d46c00000,0x0000007d46d00000) (1024K)]
Total: 66

Other Threads:
  0x000001df3ba1d880 VMThread "VM Thread"                           [id=928, stack(0x0000007d43400000,0x0000007d43500000) (1024K)]
  0x000001df3b998fe0 WatcherThread "VM Periodic Task Thread"        [id=35432, stack(0x0000007d43300000,0x0000007d43400000) (1024K)]
  0x000001df21b8dff0 WorkerThread "GC Thread#0"                     [id=5192, stack(0x0000007d42e00000,0x0000007d42f00000) (1024K)]
  0x000001df400cb7b0 WorkerThread "GC Thread#1"                     [id=37580, stack(0x0000007d43f00000,0x0000007d44000000) (1024K)]
  0x000001df40410560 WorkerThread "GC Thread#2"                     [id=37820, stack(0x0000007d44000000,0x0000007d44100000) (1024K)]
  0x000001df40c24f00 WorkerThread "GC Thread#3"                     [id=30396, stack(0x0000007d44100000,0x0000007d44200000) (1024K)]
  0x000001df4022d950 WorkerThread "GC Thread#4"                     [id=32880, stack(0x0000007d44200000,0x0000007d44300000) (1024K)]
  0x000001df41777670 WorkerThread "GC Thread#5"                     [id=14824, stack(0x0000007d44400000,0x0000007d44500000) (1024K)]
  0x000001df41778890 WorkerThread "GC Thread#6"                     [id=34692, stack(0x0000007d44500000,0x0000007d44600000) (1024K)]
  0x000001df417772d0 WorkerThread "GC Thread#7"                     [id=7880, stack(0x0000007d44600000,0x0000007d44700000) (1024K)]
  0x000001df41778c30 WorkerThread "GC Thread#8"                     [id=23004, stack(0x0000007d44700000,0x0000007d44800000) (1024K)]
  0x000001df41778150 WorkerThread "GC Thread#9"                     [id=38776, stack(0x0000007d42b00000,0x0000007d42c00000) (1024K)]
  0x000001df23f36150 ConcurrentGCThread "G1 Main Marker"            [id=20824, stack(0x0000007d42f00000,0x0000007d43000000) (1024K)]
  0x000001df23f36a60 WorkerThread "G1 Conc#0"                       [id=30276, stack(0x0000007d43000000,0x0000007d43100000) (1024K)]
  0x000001df417784f0 WorkerThread "G1 Conc#1"                       [id=13648, stack(0x0000007d45000000,0x0000007d45100000) (1024K)]
  0x000001df41777a10 WorkerThread "G1 Conc#2"                       [id=25428, stack(0x0000007d45100000,0x0000007d45200000) (1024K)]
  0x000001df3b86b540 ConcurrentGCThread "G1 Refine#0"               [id=14172, stack(0x0000007d43100000,0x0000007d43200000) (1024K)]
  0x000001df3b86bbd0 ConcurrentGCThread "G1 Service"                [id=13436, stack(0x0000007d43200000,0x0000007d43300000) (1024K)]
Total: 18

Threads with active compile tasks:
C2 CompilerThread0  729105 7152       4       java.lang.invoke.InvokerBytecodeGenerator::addMethod (725 bytes)
Total: 1

VM state: not at safepoint (normal execution)

VM Mutex/Monitor currently owned by a thread: None

Heap address: 0x0000000080000000, size: 2048 MB, Compressed Oops mode: 32-bit

CDS archive(s) not mapped
Compressed class space mapped at: 0x0000000100000000-0x0000000140000000, reserved size: 1073741824
Narrow klass base: 0x0000000000000000, Narrow klass shift: 3, Narrow klass range: 0x140000000

GC Precious Log:
 CardTable entry size: 512
 Card Set container configuration: InlinePtr #cards 5 size 8 Array Of Cards #cards 12 size 40 Howl #buckets 4 coarsen threshold 1843 Howl Bitmap #cards 512 size 80 coarsen threshold 460 Card regions per heap region 1 cards per card region 2048
 CPUs: 12 total, 12 available
 Memory: 7531M
 Large Page Support: Disabled
 NUMA Support: Disabled
 Compressed Oops: Enabled (32-bit)
 Heap Region Size: 1M
 Heap Min Capacity: 8M
 Heap Initial Capacity: 118M
 Heap Max Capacity: 2G
 Pre-touch: Disabled
 Parallel Workers: 10
 Concurrent Workers: 3
 Concurrent Refinement Workers: 10
 Periodic GC: Disabled

Heap:
 garbage-first heap   total 150528K, used 74983K [0x0000000080000000, 0x0000000100000000)
  region size 1024K, 2 young (2048K), 1 survivors (1024K)
 Metaspace       used 67556K, committed 69312K, reserved 1114112K
  class space    used 9111K, committed 9984K, reserved 1048576K

Heap Regions: E=young(eden), S=young(survivor), O=old, HS=humongous(starts), HC=humongous(continues), CS=collection set, F=free, TAMS=top-at-mark-start, PB=parsable bottom
|   0|0x0000000080000000, 0x0000000080100000, 0x0000000080100000|100%| O|  |TAMS 0x0000000080000000| PB 0x0000000080000000| Untracked 
|   1|0x0000000080100000, 0x0000000080200000, 0x0000000080200000|100%|HS|  |TAMS 0x0000000080100000| PB 0x0000000080100000| Complete 
|   2|0x0000000080200000, 0x0000000080300000, 0x0000000080300000|100%|HC|  |TAMS 0x0000000080200000| PB 0x0000000080200000| Complete 
|   3|0x0000000080300000, 0x0000000080400000, 0x0000000080400000|100%|HC|  |TAMS 0x0000000080300000| PB 0x0000000080300000| Complete 
|   4|0x0000000080400000, 0x0000000080500000, 0x0000000080500000|100%| O|  |TAMS 0x0000000080400000| PB 0x0000000080400000| Untracked 
|   5|0x0000000080500000, 0x0000000080600000, 0x0000000080600000|100%| O|  |TAMS 0x0000000080500000| PB 0x0000000080500000| Untracked 
|   6|0x0000000080600000, 0x0000000080700000, 0x0000000080700000|100%| O|  |TAMS 0x0000000080600000| PB 0x0000000080600000| Untracked 
|   7|0x0000000080700000, 0x0000000080800000, 0x0000000080800000|100%| O|  |TAMS 0x0000000080700000| PB 0x0000000080700000| Untracked 
|   8|0x0000000080800000, 0x0000000080900000, 0x0000000080900000|100%| O|  |TAMS 0x0000000080800000| PB 0x0000000080800000| Untracked 
|   9|0x0000000080900000, 0x0000000080a00000, 0x0000000080a00000|100%| O|  |TAMS 0x0000000080900000| PB 0x0000000080900000| Untracked 
|  10|0x0000000080a00000, 0x0000000080b00000, 0x0000000080b00000|100%|HS|  |TAMS 0x0000000080a00000| PB 0x0000000080a00000| Complete 
|  11|0x0000000080b00000, 0x0000000080c00000, 0x0000000080c00000|100%|HS|  |TAMS 0x0000000080b00000| PB 0x0000000080b00000| Complete 
|  12|0x0000000080c00000, 0x0000000080d00000, 0x0000000080d00000|100%| O|  |TAMS 0x0000000080c00000| PB 0x0000000080c00000| Untracked 
|  13|0x0000000080d00000, 0x0000000080e00000, 0x0000000080e00000|100%| O|  |TAMS 0x0000000080d00000| PB 0x0000000080d00000| Untracked 
|  14|0x0000000080e00000, 0x0000000080f00000, 0x0000000080f00000|100%| O|  |TAMS 0x0000000080e00000| PB 0x0000000080e00000| Untracked 
|  15|0x0000000080f00000, 0x0000000081000000, 0x0000000081000000|100%| O|  |TAMS 0x0000000080f00000| PB 0x0000000080f00000| Untracked 
|  16|0x0000000081000000, 0x0000000081100000, 0x0000000081100000|100%| O|  |TAMS 0x0000000081000000| PB 0x0000000081000000| Untracked 
|  17|0x0000000081100000, 0x0000000081200000, 0x0000000081200000|100%| O|  |TAMS 0x0000000081100000| PB 0x0000000081100000| Untracked 
|  18|0x0000000081200000, 0x0000000081300000, 0x0000000081300000|100%| O|  |TAMS 0x0000000081200000| PB 0x0000000081200000| Untracked 
|  19|0x0000000081300000, 0x0000000081400000, 0x0000000081400000|100%| O|  |TAMS 0x0000000081300000| PB 0x0000000081300000| Untracked 
|  20|0x0000000081400000, 0x0000000081500000, 0x0000000081500000|100%| O|Cm|TAMS 0x0000000081400000| PB 0x0000000081400000| Complete 
|  21|0x0000000081500000, 0x0000000081600000, 0x0000000081600000|100%| O|  |TAMS 0x0000000081500000| PB 0x0000000081500000| Untracked 
|  22|0x0000000081600000, 0x0000000081700000, 0x0000000081700000|100%| O|  |TAMS 0x0000000081600000| PB 0x0000000081600000| Untracked 
|  23|0x0000000081700000, 0x0000000081800000, 0x0000000081800000|100%| O|  |TAMS 0x0000000081700000| PB 0x0000000081700000| Untracked 
|  24|0x0000000081800000, 0x0000000081900000, 0x0000000081900000|100%| O|  |TAMS 0x0000000081800000| PB 0x0000000081800000| Untracked 
|  25|0x0000000081900000, 0x0000000081a00000, 0x0000000081a00000|100%|HS|  |TAMS 0x0000000081900000| PB 0x0000000081900000| Complete 
|  26|0x0000000081a00000, 0x0000000081b00000, 0x0000000081b00000|100%|HC|  |TAMS 0x0000000081a00000| PB 0x0000000081a00000| Complete 
|  27|0x0000000081b00000, 0x0000000081c00000, 0x0000000081c00000|100%|HC|  |TAMS 0x0000000081b00000| PB 0x0000000081b00000| Complete 
|  28|0x0000000081c00000, 0x0000000081d00000, 0x0000000081d00000|100%|HC|  |TAMS 0x0000000081c00000| PB 0x0000000081c00000| Complete 
|  29|0x0000000081d00000, 0x0000000081e00000, 0x0000000081e00000|100%|HC|  |TAMS 0x0000000081d00000| PB 0x0000000081d00000| Complete 
|  30|0x0000000081e00000, 0x0000000081f00000, 0x0000000081f00000|100%|HC|  |TAMS 0x0000000081e00000| PB 0x0000000081e00000| Complete 
|  31|0x0000000081f00000, 0x0000000082000000, 0x0000000082000000|100%|HS|  |TAMS 0x0000000081f00000| PB 0x0000000081f00000| Complete 
|  32|0x0000000082000000, 0x0000000082100000, 0x0000000082100000|100%|HC|  |TAMS 0x0000000082000000| PB 0x0000000082000000| Complete 
|  33|0x0000000082100000, 0x0000000082200000, 0x0000000082200000|100%|HC|  |TAMS 0x0000000082100000| PB 0x0000000082100000| Complete 
|  34|0x0000000082200000, 0x0000000082300000, 0x0000000082300000|100%|HC|  |TAMS 0x0000000082200000| PB 0x0000000082200000| Complete 
|  35|0x0000000082300000, 0x0000000082400000, 0x0000000082400000|100%|HS|  |TAMS 0x0000000082300000| PB 0x0000000082300000| Complete 
|  36|0x0000000082400000, 0x0000000082500000, 0x0000000082500000|100%|HC|  |TAMS 0x0000000082400000| PB 0x0000000082400000| Complete 
|  37|0x0000000082500000, 0x0000000082600000, 0x0000000082600000|100%| O|  |TAMS 0x0000000082500000| PB 0x0000000082500000| Untracked 
|  38|0x0000000082600000, 0x0000000082700000, 0x0000000082700000|100%| O|  |TAMS 0x0000000082600000| PB 0x0000000082600000| Untracked 
|  39|0x0000000082700000, 0x0000000082800000, 0x0000000082800000|100%| O|  |TAMS 0x0000000082700000| PB 0x0000000082700000| Untracked 
|  40|0x0000000082800000, 0x0000000082900000, 0x0000000082900000|100%| O|  |TAMS 0x0000000082800000| PB 0x0000000082800000| Untracked 
|  41|0x0000000082900000, 0x0000000082a00000, 0x0000000082a00000|100%| O|  |TAMS 0x0000000082900000| PB 0x0000000082900000| Untracked 
|  42|0x0000000082a00000, 0x0000000082abda78, 0x0000000082b00000| 74%| O|  |TAMS 0x0000000082a00000| PB 0x0000000082a00000| Untracked 
|  43|0x0000000082b00000, 0x0000000082c00000, 0x0000000082c00000|100%| O|  |TAMS 0x0000000082b00000| PB 0x0000000082b00000| Untracked 
|  44|0x0000000082c00000, 0x0000000082d00000, 0x0000000082d00000|100%| O|  |TAMS 0x0000000082c00000| PB 0x0000000082c00000| Untracked 
|  45|0x0000000082d00000, 0x0000000082e00000, 0x0000000082e00000|100%| O|  |TAMS 0x0000000082d00000| PB 0x0000000082d00000| Untracked 
|  46|0x0000000082e00000, 0x0000000082f00000, 0x0000000082f00000|100%| O|  |TAMS 0x0000000082e00000| PB 0x0000000082e00000| Untracked 
|  47|0x0000000082f00000, 0x0000000083000000, 0x0000000083000000|100%| O|  |TAMS 0x0000000082f00000| PB 0x0000000082f00000| Untracked 
|  48|0x0000000083000000, 0x0000000083100000, 0x0000000083100000|100%| O|  |TAMS 0x0000000083000000| PB 0x0000000083000000| Untracked 
|  49|0x0000000083100000, 0x0000000083200000, 0x0000000083200000|100%| O|  |TAMS 0x0000000083100000| PB 0x0000000083100000| Untracked 
|  50|0x0000000083200000, 0x0000000083300000, 0x0000000083300000|100%| O|  |TAMS 0x0000000083200000| PB 0x0000000083200000| Untracked 
|  51|0x0000000083300000, 0x0000000083400000, 0x0000000083400000|100%| O|  |TAMS 0x0000000083300000| PB 0x0000000083300000| Untracked 
|  52|0x0000000083400000, 0x0000000083500000, 0x0000000083500000|100%|HS|  |TAMS 0x0000000083400000| PB 0x0000000083400000| Complete 
|  53|0x0000000083500000, 0x0000000083600000, 0x0000000083600000|100%|HC|  |TAMS 0x0000000083500000| PB 0x0000000083500000| Complete 
|  54|0x0000000083600000, 0x0000000083700000, 0x0000000083700000|100%| O|  |TAMS 0x0000000083600000| PB 0x0000000083600000| Untracked 
|  55|0x0000000083700000, 0x0000000083800000, 0x0000000083800000|100%|HS|  |TAMS 0x0000000083700000| PB 0x0000000083700000| Complete 
|  56|0x0000000083800000, 0x0000000083900000, 0x0000000083900000|100%|HC|  |TAMS 0x0000000083800000| PB 0x0000000083800000| Complete 
|  57|0x0000000083900000, 0x0000000083a00000, 0x0000000083a00000|100%|HC|  |TAMS 0x0000000083900000| PB 0x0000000083900000| Complete 
|  58|0x0000000083a00000, 0x0000000083b00000, 0x0000000083b00000|100%|HC|  |TAMS 0x0000000083a00000| PB 0x0000000083a00000| Complete 
|  59|0x0000000083b00000, 0x0000000083c00000, 0x0000000083c00000|100%|HC|  |TAMS 0x0000000083b00000| PB 0x0000000083b00000| Complete 
|  60|0x0000000083c00000, 0x0000000083d00000, 0x0000000083d00000|100%|HC|  |TAMS 0x0000000083c00000| PB 0x0000000083c00000| Complete 
|  61|0x0000000083d00000, 0x0000000083e00000, 0x0000000083e00000|100%|HS|  |TAMS 0x0000000083d00000| PB 0x0000000083d00000| Complete 
|  62|0x0000000083e00000, 0x0000000083f00000, 0x0000000083f00000|100%|HC|  |TAMS 0x0000000083e00000| PB 0x0000000083e00000| Complete 
|  63|0x0000000083f00000, 0x0000000084000000, 0x0000000084000000|100%|HC|  |TAMS 0x0000000083f00000| PB 0x0000000083f00000| Complete 
|  64|0x0000000084000000, 0x0000000084100000, 0x0000000084100000|100%|HC|  |TAMS 0x0000000084000000| PB 0x0000000084000000| Complete 
|  65|0x0000000084100000, 0x0000000084200000, 0x0000000084200000|100%|HC|  |TAMS 0x0000000084100000| PB 0x0000000084100000| Complete 
|  66|0x0000000084200000, 0x0000000084300000, 0x0000000084300000|100%|HC|  |TAMS 0x0000000084200000| PB 0x0000000084200000| Complete 
|  67|0x0000000084300000, 0x0000000084400000, 0x0000000084400000|100%|HS|  |TAMS 0x0000000084300000| PB 0x0000000084300000| Complete 
|  68|0x0000000084400000, 0x0000000084500000, 0x0000000084500000|100%| O|  |TAMS 0x0000000084400000| PB 0x0000000084400000| Untracked 
|  69|0x0000000084500000, 0x0000000084600000, 0x0000000084600000|100%| O|  |TAMS 0x0000000084500000| PB 0x0000000084500000| Untracked 
|  70|0x0000000084600000, 0x0000000084700000, 0x0000000084700000|100%| O|  |TAMS 0x0000000084600000| PB 0x0000000084600000| Untracked 
|  71|0x0000000084700000, 0x0000000084800000, 0x0000000084800000|100%| O|  |TAMS 0x0000000084700000| PB 0x0000000084700000| Untracked 
|  72|0x0000000084800000, 0x0000000084900000, 0x0000000084900000|100%| O|  |TAMS 0x0000000084800000| PB 0x0000000084800000| Untracked 
|  73|0x0000000084900000, 0x0000000084900000, 0x0000000084a00000|  0%| F|  |TAMS 0x0000000084900000| PB 0x0000000084900000| Untracked 
|  74|0x0000000084a00000, 0x0000000084a00000, 0x0000000084b00000|  0%| F|  |TAMS 0x0000000084a00000| PB 0x0000000084a00000| Untracked 
|  75|0x0000000084b00000, 0x0000000084b00000, 0x0000000084c00000|  0%| F|  |TAMS 0x0000000084b00000| PB 0x0000000084b00000| Untracked 
|  76|0x0000000084c00000, 0x0000000084c00000, 0x0000000084d00000|  0%| F|  |TAMS 0x0000000084c00000| PB 0x0000000084c00000| Untracked 
|  77|0x0000000084d00000, 0x0000000084d00000, 0x0000000084e00000|  0%| F|  |TAMS 0x0000000084d00000| PB 0x0000000084d00000| Untracked 
|  78|0x0000000084e00000, 0x0000000084e00000, 0x0000000084f00000|  0%| F|  |TAMS 0x0000000084e00000| PB 0x0000000084e00000| Untracked 
|  79|0x0000000084f00000, 0x0000000084f00000, 0x0000000085000000|  0%| F|  |TAMS 0x0000000084f00000| PB 0x0000000084f00000| Untracked 
|  80|0x0000000085000000, 0x0000000085000000, 0x0000000085100000|  0%| F|  |TAMS 0x0000000085000000| PB 0x0000000085000000| Untracked 
|  81|0x0000000085100000, 0x0000000085100000, 0x0000000085200000|  0%| F|  |TAMS 0x0000000085100000| PB 0x0000000085100000| Untracked 
|  82|0x0000000085200000, 0x0000000085200000, 0x0000000085300000|  0%| F|  |TAMS 0x0000000085200000| PB 0x0000000085200000| Untracked 
|  83|0x0000000085300000, 0x0000000085300000, 0x0000000085400000|  0%| F|  |TAMS 0x0000000085300000| PB 0x0000000085300000| Untracked 
|  84|0x0000000085400000, 0x0000000085400000, 0x0000000085500000|  0%| F|  |TAMS 0x0000000085400000| PB 0x0000000085400000| Untracked 
|  85|0x0000000085500000, 0x0000000085500000, 0x0000000085600000|  0%| F|  |TAMS 0x0000000085500000| PB 0x0000000085500000| Untracked 
|  86|0x0000000085600000, 0x0000000085600000, 0x0000000085700000|  0%| F|  |TAMS 0x0000000085600000| PB 0x0000000085600000| Untracked 
|  87|0x0000000085700000, 0x0000000085700000, 0x0000000085800000|  0%| F|  |TAMS 0x0000000085700000| PB 0x0000000085700000| Untracked 
|  88|0x0000000085800000, 0x0000000085800000, 0x0000000085900000|  0%| F|  |TAMS 0x0000000085800000| PB 0x0000000085800000| Untracked 
|  89|0x0000000085900000, 0x0000000085900000, 0x0000000085a00000|  0%| F|  |TAMS 0x0000000085900000| PB 0x0000000085900000| Untracked 
|  90|0x0000000085a00000, 0x0000000085a00000, 0x0000000085b00000|  0%| F|  |TAMS 0x0000000085a00000| PB 0x0000000085a00000| Untracked 
|  91|0x0000000085b00000, 0x0000000085b00000, 0x0000000085c00000|  0%| F|  |TAMS 0x0000000085b00000| PB 0x0000000085b00000| Untracked 
|  92|0x0000000085c00000, 0x0000000085c00000, 0x0000000085d00000|  0%| F|  |TAMS 0x0000000085c00000| PB 0x0000000085c00000| Untracked 
|  93|0x0000000085d00000, 0x0000000085d00000, 0x0000000085e00000|  0%| F|  |TAMS 0x0000000085d00000| PB 0x0000000085d00000| Untracked 
|  94|0x0000000085e00000, 0x0000000085e00000, 0x0000000085f00000|  0%| F|  |TAMS 0x0000000085e00000| PB 0x0000000085e00000| Untracked 
|  95|0x0000000085f00000, 0x0000000085f00000, 0x0000000086000000|  0%| F|  |TAMS 0x0000000085f00000| PB 0x0000000085f00000| Untracked 
|  96|0x0000000086000000, 0x0000000086000000, 0x0000000086100000|  0%| F|  |TAMS 0x0000000086000000| PB 0x0000000086000000| Untracked 
|  97|0x0000000086100000, 0x0000000086100000, 0x0000000086200000|  0%| F|  |TAMS 0x0000000086100000| PB 0x0000000086100000| Untracked 
|  98|0x0000000086200000, 0x0000000086200000, 0x0000000086300000|  0%| F|  |TAMS 0x0000000086200000| PB 0x0000000086200000| Untracked 
|  99|0x0000000086300000, 0x0000000086300000, 0x0000000086400000|  0%| F|  |TAMS 0x0000000086300000| PB 0x0000000086300000| Untracked 
| 100|0x0000000086400000, 0x0000000086400000, 0x0000000086500000|  0%| F|  |TAMS 0x0000000086400000| PB 0x0000000086400000| Untracked 
| 101|0x0000000086500000, 0x0000000086500000, 0x0000000086600000|  0%| F|  |TAMS 0x0000000086500000| PB 0x0000000086500000| Untracked 
| 102|0x0000000086600000, 0x0000000086600000, 0x0000000086700000|  0%| F|  |TAMS 0x0000000086600000| PB 0x0000000086600000| Untracked 
| 103|0x0000000086700000, 0x0000000086700000, 0x0000000086800000|  0%| F|  |TAMS 0x0000000086700000| PB 0x0000000086700000| Untracked 
| 104|0x0000000086800000, 0x0000000086800000, 0x0000000086900000|  0%| F|  |TAMS 0x0000000086800000| PB 0x0000000086800000| Untracked 
| 105|0x0000000086900000, 0x0000000086900000, 0x0000000086a00000|  0%| F|  |TAMS 0x0000000086900000| PB 0x0000000086900000| Untracked 
| 106|0x0000000086a00000, 0x0000000086a00000, 0x0000000086b00000|  0%| F|  |TAMS 0x0000000086a00000| PB 0x0000000086a00000| Untracked 
| 107|0x0000000086b00000, 0x0000000086b00000, 0x0000000086c00000|  0%| F|  |TAMS 0x0000000086b00000| PB 0x0000000086b00000| Untracked 
| 108|0x0000000086c00000, 0x0000000086c00000, 0x0000000086d00000|  0%| F|  |TAMS 0x0000000086c00000| PB 0x0000000086c00000| Untracked 
| 109|0x0000000086d00000, 0x0000000086d00000, 0x0000000086e00000|  0%| F|  |TAMS 0x0000000086d00000| PB 0x0000000086d00000| Untracked 
| 110|0x0000000086e00000, 0x0000000086e00000, 0x0000000086f00000|  0%| F|  |TAMS 0x0000000086e00000| PB 0x0000000086e00000| Untracked 
| 111|0x0000000086f00000, 0x0000000086f00000, 0x0000000087000000|  0%| F|  |TAMS 0x0000000086f00000| PB 0x0000000086f00000| Untracked 
| 112|0x0000000087000000, 0x0000000087000000, 0x0000000087100000|  0%| F|  |TAMS 0x0000000087000000| PB 0x0000000087000000| Untracked 
| 113|0x0000000087100000, 0x0000000087100000, 0x0000000087200000|  0%| F|  |TAMS 0x0000000087100000| PB 0x0000000087100000| Untracked 
| 114|0x0000000087200000, 0x0000000087200000, 0x0000000087300000|  0%| F|  |TAMS 0x0000000087200000| PB 0x0000000087200000| Untracked 
| 115|0x0000000087300000, 0x0000000087300000, 0x0000000087400000|  0%| F|  |TAMS 0x0000000087300000| PB 0x0000000087300000| Untracked 
| 116|0x0000000087400000, 0x0000000087400000, 0x0000000087500000|  0%| F|  |TAMS 0x0000000087400000| PB 0x0000000087400000| Untracked 
| 117|0x0000000087500000, 0x0000000087500000, 0x0000000087600000|  0%| F|  |TAMS 0x0000000087500000| PB 0x0000000087500000| Untracked 
| 118|0x0000000087600000, 0x0000000087600000, 0x0000000087700000|  0%| F|  |TAMS 0x0000000087600000| PB 0x0000000087600000| Untracked 
| 119|0x0000000087700000, 0x0000000087700000, 0x0000000087800000|  0%| F|  |TAMS 0x0000000087700000| PB 0x0000000087700000| Untracked 
| 120|0x0000000087800000, 0x0000000087800000, 0x0000000087900000|  0%| F|  |TAMS 0x0000000087800000| PB 0x0000000087800000| Untracked 
| 121|0x0000000087900000, 0x0000000087900000, 0x0000000087a00000|  0%| F|  |TAMS 0x0000000087900000| PB 0x0000000087900000| Untracked 
| 122|0x0000000087a00000, 0x0000000087a00000, 0x0000000087b00000|  0%| F|  |TAMS 0x0000000087a00000| PB 0x0000000087a00000| Untracked 
| 123|0x0000000087b00000, 0x0000000087b00000, 0x0000000087c00000|  0%| F|  |TAMS 0x0000000087b00000| PB 0x0000000087b00000| Untracked 
| 124|0x0000000087c00000, 0x0000000087c00000, 0x0000000087d00000|  0%| F|  |TAMS 0x0000000087c00000| PB 0x0000000087c00000| Untracked 
| 125|0x0000000087d00000, 0x0000000087d00000, 0x0000000087e00000|  0%| F|  |TAMS 0x0000000087d00000| PB 0x0000000087d00000| Untracked 
| 126|0x0000000087e00000, 0x0000000087e00000, 0x0000000087f00000|  0%| F|  |TAMS 0x0000000087e00000| PB 0x0000000087e00000| Untracked 
| 127|0x0000000087f00000, 0x0000000087f00000, 0x0000000088000000|  0%| F|  |TAMS 0x0000000087f00000| PB 0x0000000087f00000| Untracked 
| 128|0x0000000088000000, 0x0000000088000000, 0x0000000088100000|  0%| F|  |TAMS 0x0000000088000000| PB 0x0000000088000000| Untracked 
| 129|0x0000000088100000, 0x0000000088100000, 0x0000000088200000|  0%| F|  |TAMS 0x0000000088100000| PB 0x0000000088100000| Untracked 
| 130|0x0000000088200000, 0x0000000088200000, 0x0000000088300000|  0%| F|  |TAMS 0x0000000088200000| PB 0x0000000088200000| Untracked 
| 131|0x0000000088300000, 0x0000000088300000, 0x0000000088400000|  0%| F|  |TAMS 0x0000000088300000| PB 0x0000000088300000| Untracked 
| 132|0x0000000088400000, 0x0000000088400000, 0x0000000088500000|  0%| F|  |TAMS 0x0000000088400000| PB 0x0000000088400000| Untracked 
| 133|0x0000000088500000, 0x0000000088500000, 0x0000000088600000|  0%| F|  |TAMS 0x0000000088500000| PB 0x0000000088500000| Untracked 
| 134|0x0000000088600000, 0x0000000088600000, 0x0000000088700000|  0%| F|  |TAMS 0x0000000088600000| PB 0x0000000088600000| Untracked 
| 135|0x0000000088700000, 0x0000000088700000, 0x0000000088800000|  0%| F|  |TAMS 0x0000000088700000| PB 0x0000000088700000| Untracked 
| 136|0x0000000088800000, 0x0000000088800000, 0x0000000088900000|  0%| F|  |TAMS 0x0000000088800000| PB 0x0000000088800000| Untracked 
| 137|0x0000000088900000, 0x0000000088900000, 0x0000000088a00000|  0%| F|  |TAMS 0x0000000088900000| PB 0x0000000088900000| Untracked 
| 138|0x0000000088a00000, 0x0000000088a00000, 0x0000000088b00000|  0%| F|  |TAMS 0x0000000088a00000| PB 0x0000000088a00000| Untracked 
| 139|0x0000000088b00000, 0x0000000088b00000, 0x0000000088c00000|  0%| F|  |TAMS 0x0000000088b00000| PB 0x0000000088b00000| Untracked 
| 140|0x0000000088c00000, 0x0000000088c00000, 0x0000000088d00000|  0%| F|  |TAMS 0x0000000088c00000| PB 0x0000000088c00000| Untracked 
| 141|0x0000000088d00000, 0x0000000088d7c280, 0x0000000088e00000| 48%| S|CS|TAMS 0x0000000088d00000| PB 0x0000000088d00000| Complete 
| 142|0x0000000088e00000, 0x0000000088e00000, 0x0000000088f00000|  0%| F|  |TAMS 0x0000000088e00000| PB 0x0000000088e00000| Untracked 
| 143|0x0000000088f00000, 0x0000000088f00000, 0x0000000089000000|  0%| F|  |TAMS 0x0000000088f00000| PB 0x0000000088f00000| Untracked 
| 228|0x000000008e400000, 0x000000008e400000, 0x000000008e500000|  0%| F|  |TAMS 0x000000008e400000| PB 0x000000008e400000| Untracked 
| 229|0x000000008e500000, 0x000000008e500000, 0x000000008e600000|  0%| F|  |TAMS 0x000000008e500000| PB 0x000000008e500000| Untracked 
| 235|0x000000008eb00000, 0x000000008eb58458, 0x000000008ec00000| 34%| E|  |TAMS 0x000000008eb00000| PB 0x000000008eb00000| Complete 

Card table byte_map: [0x000001df36980000,0x000001df36d80000] _byte_map_base: 0x000001df36580000

Marking Bits: (CMBitMap*) 0x000001df21b8e600
 Bits: [0x000001df36d80000, 0x000001df38d80000)

Polling page: 0x000001df23540000

Metaspace:

Usage:
  Non-class:     57.08 MB used.
      Class:      8.90 MB used.
       Both:     65.97 MB used.

Virtual space:
  Non-class space:       64.00 MB reserved,      57.94 MB ( 91%) committed,  1 nodes.
      Class space:        1.00 GB reserved,       9.75 MB ( <1%) committed,  1 nodes.
             Both:        1.06 GB reserved,      67.69 MB (  6%) committed. 

Chunk freelists:
   Non-Class:  5.66 MB
       Class:  6.14 MB
        Both:  11.80 MB

MaxMetaspaceSize: unlimited
CompressedClassSpaceSize: 1.00 GB
Initial GC threshold: 21.00 MB
Current GC threshold: 112.12 MB
CDS: off
 - commit_granule_bytes: 65536.
 - commit_granule_words: 8192.
 - virtual_space_node_default_size: 8388608.
 - enlarge_chunks_in_place: 1.
 - use_allocation_guard: 0.


Internal statistics:

num_allocs_failed_limit: 6.
num_arena_births: 3100.
num_arena_deaths: 0.
num_vsnodes_births: 2.
num_vsnodes_deaths: 0.
num_space_committed: 1083.
num_space_uncommitted: 0.
num_chunks_returned_to_freelist: 6.
num_chunks_taken_from_freelist: 5847.
num_chunk_merges: 3.
num_chunk_splits: 3784.
num_chunks_enlarged: 2374.
num_inconsistent_stats: 0.

CodeHeap 'non-profiled nmethods': size=120000Kb used=3294Kb max_used=3305Kb free=116705Kb
 bounds [0x000001df2eaf0000, 0x000001df2ee30000, 0x000001df36020000]
CodeHeap 'profiled nmethods': size=120000Kb used=10936Kb max_used=11110Kb free=109063Kb
 bounds [0x000001df27020000, 0x000001df27b00000, 0x000001df2e550000]
CodeHeap 'non-nmethods': size=5760Kb used=2739Kb max_used=2787Kb free=3020Kb
 bounds [0x000001df2e550000, 0x000001df2e820000, 0x000001df2eaf0000]
 total_blobs=6832 nmethods=5948 adapters=788
 compilation: enabled
              stopped_count=0, restarted_count=0
 full_count=0

Compilation events (20 events):
Event: 724.124 Thread 0x000001df3bbb24b0 7144       3       java.util.HashMap::resize (356 bytes)
Event: 724.126 Thread 0x000001df3bbb24b0 nmethod 7144 0x000001df270c5f10 code [0x000001df270c61c0, 0x000001df270c7460]
Event: 724.181 Thread 0x000001df3bbadeb0 nmethod 7143 0x000001df2ebcc810 code [0x000001df2ebcca20, 0x000001df2ebcd2e0]
Event: 724.182 Thread 0x000001df3bbadeb0 7145       4       java.lang.Class::getGenericInfo (52 bytes)
Event: 724.189 Thread 0x000001df3bbb24b0 7146       3       com.google.common.reflect.TypeResolver::resolveType (74 bytes)
Event: 724.192 Thread 0x000001df3bbb24b0 nmethod 7146 0x000001df2705d090 code [0x000001df2705d340, 0x000001df2705e0c0]
Event: 724.192 Thread 0x000001df3bbb24b0 7147       3       com.google.common.collect.ImmutableSet$Builder::<init> (6 bytes)
Event: 724.193 Thread 0x000001df3bbb24b0 nmethod 7147 0x000001df2772d110 code [0x000001df2772d2e0, 0x000001df2772d5d8]
Event: 724.194 Thread 0x000001df3bbadeb0 nmethod 7145 0x000001df2eda2a10 code [0x000001df2eda2be0, 0x000001df2eda3080]
Event: 724.224 Thread 0x000001df3bbb24b0 7148       3       com.google.common.collect.LinkedHashMultimap::access$400 (6 bytes)
Event: 724.224 Thread 0x000001df3bbb24b0 nmethod 7148 0x000001df2766af10 code [0x000001df2766b0c0, 0x000001df2766b2f8]
Event: 724.523 Thread 0x000001df3bbb24b0 7149       3       sun.reflect.generics.repository.ConstructorRepository::computeParameterTypes (62 bytes)
Event: 724.524 Thread 0x000001df3bbb24b0 nmethod 7149 0x000001df271ab510 code [0x000001df271ab720, 0x000001df271ac0c0]
Event: 724.539 Thread 0x000001df3bbb24b0 7150       3       jdk.internal.org.objectweb.asm.ClassReader::readUTF8 (23 bytes)
Event: 724.540 Thread 0x000001df3bbb24b0 nmethod 7150 0x000001df270c5990 code [0x000001df270c5b60, 0x000001df270c5da8]
Event: 724.540 Thread 0x000001df3bbb24b0 7151       3       jdk.internal.org.objectweb.asm.ClassReader::readUtf (44 bytes)
Event: 724.541 Thread 0x000001df3bbb24b0 nmethod 7151 0x000001df2739ec10 code [0x000001df2739ee00, 0x000001df2739f1e8]
Event: 724.941 Thread 0x000001df3bbadeb0 7152       4       java.lang.invoke.InvokerBytecodeGenerator::addMethod (725 bytes)
Event: 724.996 Thread 0x000001df3bbb24b0 7153   !   3       java.io.FileInputStream::close (69 bytes)
Event: 725.000 Thread 0x000001df3bbb24b0 nmethod 7153 0x000001df270a7890 code [0x000001df270a7a80, 0x000001df270a7fb0]

GC Heap History (20 events):
Event: 519.814 GC heap before
{Heap before GC invocations=39 (full 0):
 garbage-first heap   total 110592K, used 62986K [0x0000000080000000, 0x0000000100000000)
  region size 1024K, 8 young (8192K), 1 survivors (1024K)
 Metaspace       used 56978K, committed 58496K, reserved 1114112K
  class space    used 7706K, committed 8448K, reserved 1048576K
}
Event: 519.901 GC heap after
{Heap after GC invocations=40 (full 0):
 garbage-first heap   total 110592K, used 56570K [0x0000000080000000, 0x0000000100000000)
  region size 1024K, 1 young (1024K), 1 survivors (1024K)
 Metaspace       used 56978K, committed 58496K, reserved 1114112K
  class space    used 7706K, committed 8448K, reserved 1048576K
}
Event: 545.172 GC heap before
{Heap before GC invocations=40 (full 0):
 garbage-first heap   total 110592K, used 78074K [0x0000000080000000, 0x0000000100000000)
  region size 1024K, 10 young (10240K), 1 survivors (1024K)
 Metaspace       used 57370K, committed 58944K, reserved 1114112K
  class space    used 7763K, committed 8512K, reserved 1048576K
}
Event: 545.367 GC heap after
{Heap after GC invocations=41 (full 0):
 garbage-first heap   total 110592K, used 71482K [0x0000000080000000, 0x0000000100000000)
  region size 1024K, 2 young (2048K), 2 survivors (2048K)
 Metaspace       used 57370K, committed 58944K, reserved 1114112K
  class space    used 7763K, committed 8512K, reserved 1048576K
}
Event: 550.475 GC heap before
{Heap before GC invocations=41 (full 0):
 garbage-first heap   total 110592K, used 75578K [0x0000000080000000, 0x0000000100000000)
  region size 1024K, 8 young (8192K), 2 survivors (2048K)
 Metaspace       used 57870K, committed 59456K, reserved 1114112K
  class space    used 7799K, committed 8576K, reserved 1048576K
}
Event: 550.600 GC heap after
{Heap after GC invocations=42 (full 0):
 garbage-first heap   total 110592K, used 72470K [0x0000000080000000, 0x0000000100000000)
  region size 1024K, 1 young (1024K), 1 survivors (1024K)
 Metaspace       used 57870K, committed 59456K, reserved 1114112K
  class space    used 7799K, committed 8576K, reserved 1048576K
}
Event: 562.772 GC heap before
{Heap before GC invocations=43 (full 0):
 garbage-first heap   total 124928K, used 87830K [0x0000000080000000, 0x0000000100000000)
  region size 1024K, 14 young (14336K), 1 survivors (1024K)
 Metaspace       used 59420K, committed 61056K, reserved 1114112K
  class space    used 7921K, committed 8704K, reserved 1048576K
}
Event: 563.092 GC heap after
{Heap after GC invocations=44 (full 0):
 garbage-first heap   total 150528K, used 72301K [0x0000000080000000, 0x0000000100000000)
  region size 1024K, 1 young (1024K), 1 survivors (1024K)
 Metaspace       used 59420K, committed 61056K, reserved 1114112K
  class space    used 7921K, committed 8704K, reserved 1048576K
}
Event: 563.620 GC heap before
{Heap before GC invocations=44 (full 0):
 garbage-first heap   total 150528K, used 80493K [0x0000000080000000, 0x0000000100000000)
  region size 1024K, 9 young (9216K), 1 survivors (1024K)
 Metaspace       used 59420K, committed 61056K, reserved 1114112K
  class space    used 7921K, committed 8704K, reserved 1048576K
}
Event: 563.897 GC heap after
{Heap after GC invocations=45 (full 0):
 garbage-first heap   total 150528K, used 72190K [0x0000000080000000, 0x0000000100000000)
  region size 1024K, 1 young (1024K), 1 survivors (1024K)
 Metaspace       used 59420K, committed 61056K, reserved 1114112K
  class space    used 7921K, committed 8704K, reserved 1048576K
}
Event: 659.460 GC heap before
{Heap before GC invocations=45 (full 0):
 garbage-first heap   total 150528K, used 120318K [0x0000000080000000, 0x0000000100000000)
  region size 1024K, 49 young (50176K), 1 survivors (1024K)
 Metaspace       used 64152K, committed 65792K, reserved 1114112K
  class space    used 8573K, committed 9344K, reserved 1048576K
}
Event: 660.621 GC heap after
{Heap after GC invocations=46 (full 0):
 garbage-first heap   total 150528K, used 73480K [0x0000000080000000, 0x0000000100000000)
  region size 1024K, 3 young (3072K), 3 survivors (3072K)
 Metaspace       used 64152K, committed 65792K, reserved 1114112K
  class space    used 8573K, committed 9344K, reserved 1048576K
}
Event: 671.635 GC heap before
{Heap before GC invocations=47 (full 0):
 garbage-first heap   total 150528K, used 77576K [0x0000000080000000, 0x0000000100000000)
  region size 1024K, 7 young (7168K), 3 survivors (3072K)
 Metaspace       used 64494K, committed 66176K, reserved 1114112K
  class space    used 8643K, committed 9472K, reserved 1048576K
}
Event: 671.726 GC heap after
{Heap after GC invocations=48 (full 0):
 garbage-first heap   total 150528K, used 73788K [0x0000000080000000, 0x0000000100000000)
  region size 1024K, 1 young (1024K), 1 survivors (1024K)
 Metaspace       used 64494K, committed 66176K, reserved 1114112K
  class space    used 8643K, committed 9472K, reserved 1048576K
}
Event: 685.444 GC heap before
{Heap before GC invocations=48 (full 0):
 garbage-first heap   total 150528K, used 79932K [0x0000000080000000, 0x0000000100000000)
  region size 1024K, 7 young (7168K), 1 survivors (1024K)
 Metaspace       used 65175K, committed 66816K, reserved 1114112K
  class space    used 8763K, committed 9536K, reserved 1048576K
}
Event: 685.737 GC heap after
{Heap after GC invocations=49 (full 0):
 garbage-first heap   total 150528K, used 73927K [0x0000000080000000, 0x0000000100000000)
  region size 1024K, 1 young (1024K), 1 survivors (1024K)
 Metaspace       used 65175K, committed 66816K, reserved 1114112K
  class space    used 8763K, committed 9536K, reserved 1048576K
}
Event: 713.420 GC heap before
{Heap before GC invocations=49 (full 0):
 garbage-first heap   total 150528K, used 87239K [0x0000000080000000, 0x0000000100000000)
  region size 1024K, 14 young (14336K), 1 survivors (1024K)
 Metaspace       used 67016K, committed 68736K, reserved 1114112K
  class space    used 9013K, committed 9856K, reserved 1048576K
}
Event: 714.258 GC heap after
{Heap after GC invocations=50 (full 0):
 garbage-first heap   total 150528K, used 75527K [0x0000000080000000, 0x0000000100000000)
  region size 1024K, 2 young (2048K), 2 survivors (2048K)
 Metaspace       used 67016K, committed 68736K, reserved 1114112K
  class space    used 9013K, committed 9856K, reserved 1048576K
}
Event: 724.941 GC heap before
{Heap before GC invocations=51 (full 0):
 garbage-first heap   total 150528K, used 80647K [0x0000000080000000, 0x0000000100000000)
  region size 1024K, 7 young (7168K), 2 survivors (2048K)
 Metaspace       used 67532K, committed 69312K, reserved 1114112K
  class space    used 9109K, committed 9984K, reserved 1048576K
}
Event: 724.984 GC heap after
{Heap after GC invocations=52 (full 0):
 garbage-first heap   total 150528K, used 74983K [0x0000000080000000, 0x0000000100000000)
  region size 1024K, 1 young (1024K), 1 survivors (1024K)
 Metaspace       used 67532K, committed 69312K, reserved 1114112K
  class space    used 9109K, committed 9984K, reserved 1048576K
}

Dll operation events (3 events):
Event: 0.041 Loaded shared library C:\Program Files\Android\Android Studio1\jbr\bin\java.dll
Event: 0.149 Loaded shared library C:\Program Files\Android\Android Studio1\jbr\bin\zip.dll
Event: 5.355 Loaded shared library C:\Program Files\Android\Android Studio1\jbr\bin\verify.dll

Deoptimization events (20 events):
Event: 705.365 Thread 0x000001df418077f0 Uncommon trap: trap_request=0xffffffde fr.pc=0x000001df2ed5a8cc relative=0x000000000000272c
Event: 705.365 Thread 0x000001df418077f0 Uncommon trap: reason=class_check action=maybe_recompile pc=0x000001df2ed5a8cc method=java.util.regex.Pattern$CharProperty.study(Ljava/util/regex/Pattern$TreeInfo;)Z @ 25 c2
Event: 705.365 Thread 0x000001df418077f0 DEOPT PACKING pc=0x000001df2ed5a8cc sp=0x0000007d44cf8b30
Event: 705.365 Thread 0x000001df418077f0 DEOPT UNPACKING pc=0x000001df2e5a46a2 sp=0x0000007d44cf8a28 mode 2
Event: 724.015 Thread 0x000001df418077f0 Uncommon trap: trap_request=0xffffff45 fr.pc=0x000001df2ee26d30 relative=0x0000000000001b90
Event: 724.015 Thread 0x000001df418077f0 Uncommon trap: reason=unstable_if action=reinterpret pc=0x000001df2ee26d30 method=java.util.HashMap.getNode(Ljava/lang/Object;)Ljava/util/HashMap$Node; @ 85 c2
Event: 724.016 Thread 0x000001df418077f0 DEOPT PACKING pc=0x000001df2ee26d30 sp=0x0000007d44cf8140
Event: 724.016 Thread 0x000001df418077f0 DEOPT UNPACKING pc=0x000001df2e5a46a2 sp=0x0000007d44cf8028 mode 2
Event: 724.017 Thread 0x000001df418077f0 Uncommon trap: trap_request=0xffffff45 fr.pc=0x000001df2eb22980 relative=0x0000000000000960
Event: 724.017 Thread 0x000001df418077f0 Uncommon trap: reason=unstable_if action=reinterpret pc=0x000001df2eb22980 method=java.util.HashMap.resize()[Ljava/util/HashMap$Node; @ 203 c2
Event: 724.017 Thread 0x000001df418077f0 DEOPT PACKING pc=0x000001df2eb22980 sp=0x0000007d44cf7f80
Event: 724.018 Thread 0x000001df418077f0 DEOPT UNPACKING pc=0x000001df2e5a46a2 sp=0x0000007d44cf7f10 mode 2
Event: 724.019 Thread 0x000001df418077f0 Uncommon trap: trap_request=0xffffff45 fr.pc=0x000001df2ec963cc relative=0x00000000000002ec
Event: 724.019 Thread 0x000001df418077f0 Uncommon trap: reason=unstable_if action=reinterpret pc=0x000001df2ec963cc method=java.util.HashMap.getNode(Ljava/lang/Object;)Ljava/util/HashMap$Node; @ 85 c2
Event: 724.019 Thread 0x000001df418077f0 DEOPT PACKING pc=0x000001df2ec963cc sp=0x0000007d44cf8110
Event: 724.019 Thread 0x000001df418077f0 DEOPT UNPACKING pc=0x000001df2e5a46a2 sp=0x0000007d44cf8020 mode 2
Event: 724.019 Thread 0x000001df418077f0 Uncommon trap: trap_request=0xffffff45 fr.pc=0x000001df2ed246f4 relative=0x0000000000000234
Event: 724.019 Thread 0x000001df418077f0 Uncommon trap: reason=unstable_if action=reinterpret pc=0x000001df2ed246f4 method=java.util.HashMap.getNode(Ljava/lang/Object;)Ljava/util/HashMap$Node; @ 85 c2
Event: 724.019 Thread 0x000001df418077f0 DEOPT PACKING pc=0x000001df2ed246f4 sp=0x0000007d44cf80a0
Event: 724.042 Thread 0x000001df418077f0 DEOPT UNPACKING pc=0x000001df2e5a46a2 sp=0x0000007d44cf8020 mode 2

Classes loaded (20 events):
Event: 683.908 Loading class java/security/cert/CertificateParsingException
Event: 683.910 Loading class java/security/cert/CertificateException
Event: 683.914 Loading class java/security/cert/CertificateException done
Event: 683.914 Loading class java/security/cert/CertificateParsingException done
Event: 683.919 Loading class javax/naming/NamingException
Event: 683.949 Loading class javax/naming/NamingException done
Event: 683.950 Loading class javax/naming/InvalidNameException
Event: 683.960 Loading class javax/naming/InvalidNameException done
Event: 693.735 Loading class java/nio/channels/Channels$ReadableByteChannelImpl
Event: 693.762 Loading class java/nio/channels/Channels$ReadableByteChannelImpl done
Event: 694.863 Loading class java/util/EmptyStackException
Event: 694.866 Loading class java/util/EmptyStackException done
Event: 695.090 Loading class java/io/InvalidClassException
Event: 695.091 Loading class java/io/InvalidClassException done
Event: 707.108 Loading class java/util/Comparators$NaturalOrderComparator
Event: 707.420 Loading class java/util/Comparators$NaturalOrderComparator done
Event: 720.152 Loading class java/nio/file/AtomicMoveNotSupportedException
Event: 720.159 Loading class java/nio/file/AtomicMoveNotSupportedException done
Event: 722.786 Loading class java/io/FileWriter
Event: 722.797 Loading class java/io/FileWriter done

Classes unloaded (0 events):
No events

Classes redefined (0 events):
No events

Internal exceptions (20 events):
Event: 538.703 Thread 0x000001df418077f0 Exception <a 'java/lang/ClassNotFoundException'{0x000000008643a558}: com/intellij/gradle/toolingExtension/impl/modelBuilder/ExtraModelBuilderBeanInfo> (0x000000008643a558) 
thrown [s\src\hotspot\share\classfile\systemDictionary.cpp, line 312]
Event: 538.710 Thread 0x000001df418077f0 Exception <a 'java/lang/ClassNotFoundException'{0x0000000086446280}: com/intellij/gradle/toolingExtension/impl/modelBuilder/ExtraModelBuilderCustomizer> (0x0000000086446280) 
thrown [s\src\hotspot\share\classfile\systemDictionary.cpp, line 312]
Event: 556.523 Thread 0x000001df418077f0 Exception <a 'java/lang/IncompatibleClassChangeError'{0x0000000087699e28}: Found class java.lang.Object, but interface was expected> (0x0000000087699e28) 
thrown [s\src\hotspot\share\interpreter\linkResolver.cpp, line 851]
Event: 556.858 Thread 0x000001df418077f0 Exception <a 'sun/nio/fs/WindowsException'{0x00000000876d8838}> (0x00000000876d8838) 
thrown [s\src\hotspot\share\prims\jni.cpp, line 535]
Event: 556.908 Thread 0x000001df418077f0 Exception <a 'sun/nio/fs/WindowsException'{0x00000000876d9ff8}> (0x00000000876d9ff8) 
thrown [s\src\hotspot\share\prims\jni.cpp, line 535]
Event: 556.910 Thread 0x000001df418077f0 Exception <a 'sun/nio/fs/WindowsException'{0x00000000876db778}> (0x00000000876db778) 
thrown [s\src\hotspot\share\prims\jni.cpp, line 535]
Event: 557.044 Thread 0x000001df418077f0 Exception <a 'sun/nio/fs/WindowsException'{0x00000000876dcb20}> (0x00000000876dcb20) 
thrown [s\src\hotspot\share\prims\jni.cpp, line 535]
Event: 557.321 Thread 0x000001df418077f0 Exception <a 'java/lang/NoSuchMethodError'{0x00000000876f1280}: 'java.lang.Object java.lang.invoke.Invokers$Holder.invoker(java.lang.Object, java.lang.Object, java.lang.Object, java.lang.Object, java.lang.Object, java.lang.Object)'> (0x00000000876f1280) 
thrown [s\src\hotspot\share\interpreter\linkResolver.cpp, line 784]
Event: 559.590 Thread 0x000001df418077f0 Exception <a 'java/lang/NoSuchMethodError'{0x00000000875f7298}: 'java.lang.Object java.lang.invoke.Invokers$Holder.invoker(java.lang.Object, java.lang.Object, java.lang.Object, java.lang.Object, java.lang.Object, java.lang.Object, java.lang.Object, java.lang.Object, java.lang.Object, java.lang.Object, java.lang.Object, java.lang.Object, java.lang.Object, java.lang.Object, java.lang.Object, java.lang.Object, java.lang.Object, java.lang.Object, java.lang.Object, java.lang.Object, java.lang.Object, java.lang.
Event: 559.645 Thread 0x000001df418077f0 Exception <a 'java/lang/NoSuchMethodError'{0x00000000875fde60}: 'java.lang.Object java.lang.invoke.DelegatingMethodHandle$Holder.delegate(java.lang.Object, java.lang.Object, java.lang.Object, java.lang.Object, java.lang.Object, java.lang.Object, java.lang.Object, java.lang.Object, java.lang.Object, java.lang.Object, java.lang.Object, java.lang.Object, java.lang.Object, java.lang.Object, java.lang.Object, java.lang.Object, java.lang.Object, java.lang.Object, java.lang.Object, java.lang.Object, java.lang.Obj
Event: 587.612 Thread 0x000001df418077f0 Exception <a 'java/lang/IncompatibleClassChangeError'{0x0000000087f5cb70}: Found class java.lang.Object, but interface was expected> (0x0000000087f5cb70) 
thrown [s\src\hotspot\share\interpreter\linkResolver.cpp, line 851]
Event: 674.330 Thread 0x000001df41851420 Exception <a 'java/lang/NoSuchMethodError'{0x000000008e50a690}: static Lorg/gradle/internal/build/event/types/DefaultOperationStartedProgressEvent;.<clinit>()V> (0x000000008e50a690) 
thrown [s\src\hotspot\share\prims\jni.cpp, line 1139]
Event: 674.347 Thread 0x000001df41851420 Exception <a 'java/lang/NoSuchMethodError'{0x000000008e50c150}: static Lorg/gradle/internal/build/event/types/AbstractProgressEvent;.<clinit>()V> (0x000000008e50c150) 
thrown [s\src\hotspot\share\prims\jni.cpp, line 1139]
Event: 674.398 Thread 0x000001df41851420 Exception <a 'java/lang/NoSuchMethodError'{0x000000008e521088}: static Lorg/gradle/internal/build/event/types/DefaultBuildPhaseDescriptor;.<clinit>()V> (0x000000008e521088) 
thrown [s\src\hotspot\share\prims\jni.cpp, line 1139]
Event: 674.399 Thread 0x000001df41851420 Exception <a 'java/lang/NoSuchMethodError'{0x000000008e524c40}: static Lorg/gradle/internal/build/event/types/DefaultOperationDescriptor;.<clinit>()V> (0x000000008e524c40) 
thrown [s\src\hotspot\share\prims\jni.cpp, line 1139]
Event: 674.742 Thread 0x000001df41851420 Exception <a 'java/lang/NoSuchMethodError'{0x000000008e562f80}: static Lorg/gradle/internal/operations/OperationIdentifier;.<clinit>()V> (0x000000008e562f80) 
thrown [s\src\hotspot\share\prims\jni.cpp, line 1139]
Event: 689.916 Thread 0x000001df418077f0 Exception <a 'sun/nio/fs/WindowsException'{0x000000008e506688}> (0x000000008e506688) 
thrown [s\src\hotspot\share\prims\jni.cpp, line 535]
Event: 689.924 Thread 0x000001df418077f0 Exception <a 'sun/nio/fs/WindowsException'{0x000000008e507d88}> (0x000000008e507d88) 
thrown [s\src\hotspot\share\prims\jni.cpp, line 535]
Event: 690.693 Thread 0x000001df418077f0 Exception <a 'sun/nio/fs/WindowsException'{0x000000008e5150e0}> (0x000000008e5150e0) 
thrown [s\src\hotspot\share\prims\jni.cpp, line 535]
Event: 705.860 Thread 0x000001df418077f0 Exception <a 'java/lang/NoSuchMethodError'{0x00000000889d7600}: 'void java.lang.invoke.DirectMethodHandle$Holder.invokeStatic(java.lang.Object, java.lang.Object, java.lang.Object, java.lang.Object, java.lang.Object, java.lang.Object, java.lang.Object)'> (0x00000000889d7600) 
thrown [s\src\hotspot\share\interpreter\linkResolver.cpp, line 784]

ZGC Phase Switch (0 events):
No events

VM Operations (20 events):
Event: 713.420 Executing VM operation: G1CollectForAllocation (G1 Evacuation Pause)
Event: 714.269 Executing VM operation: G1CollectForAllocation (G1 Evacuation Pause) done
Event: 715.274 Executing VM operation: Cleanup
Event: 715.278 Executing VM operation: Cleanup done
Event: 715.882 Executing VM operation: G1PauseRemark
Event: 716.256 Executing VM operation: G1PauseRemark done
Event: 716.971 Executing VM operation: G1PauseCleanup
Event: 716.975 Executing VM operation: G1PauseCleanup done
Event: 718.987 Executing VM operation: Cleanup
Event: 719.003 Executing VM operation: Cleanup done
Event: 720.016 Executing VM operation: Cleanup
Event: 720.094 Executing VM operation: Cleanup done
Event: 721.102 Executing VM operation: Cleanup
Event: 721.103 Executing VM operation: Cleanup done
Event: 722.814 Executing VM operation: HandshakeAllThreads (Deoptimize)
Event: 722.821 Executing VM operation: HandshakeAllThreads (Deoptimize) done
Event: 724.840 Executing VM operation: Cleanup
Event: 724.919 Executing VM operation: Cleanup done
Event: 724.940 Executing VM operation: G1CollectForAllocation (G1 Evacuation Pause)
Event: 724.984 Executing VM operation: G1CollectForAllocation (G1 Evacuation Pause) done

Memory protections (0 events):
No events

Nmethod flushes (20 events):
Event: 716.230 Thread 0x000001df3ba1d880 flushing  nmethod 0x000001df271b5710
Event: 716.230 Thread 0x000001df3ba1d880 flushing  nmethod 0x000001df271b6810
Event: 716.230 Thread 0x000001df3ba1d880 flushing  nmethod 0x000001df2764cb90
Event: 716.231 Thread 0x000001df3ba1d880 flushing  nmethod 0x000001df27093110
Event: 716.231 Thread 0x000001df3ba1d880 flushing  nmethod 0x000001df27598290
Event: 716.231 Thread 0x000001df3ba1d880 flushing  nmethod 0x000001df2759ac10
Event: 716.231 Thread 0x000001df3ba1d880 flushing  nmethod 0x000001df271ab510
Event: 716.231 Thread 0x000001df3ba1d880 flushing  nmethod 0x000001df271abb10
Event: 716.231 Thread 0x000001df3ba1d880 flushing  nmethod 0x000001df272f0a90
Event: 716.231 Thread 0x000001df3ba1d880 flushing  nmethod 0x000001df276d9d90
Event: 716.231 Thread 0x000001df3ba1d880 flushing  nmethod 0x000001df276da810
Event: 716.231 Thread 0x000001df3ba1d880 flushing  nmethod 0x000001df27a30590
Event: 716.231 Thread 0x000001df3ba1d880 flushing  nmethod 0x000001df2eb4a190
Event: 716.232 Thread 0x000001df3ba1d880 flushing  nmethod 0x000001df2eda2610
Event: 716.232 Thread 0x000001df3ba1d880 flushing  nmethod 0x000001df2705cd90
Event: 716.232 Thread 0x000001df3ba1d880 flushing  nmethod 0x000001df27250990
Event: 716.232 Thread 0x000001df3ba1d880 flushing  nmethod 0x000001df2765d210
Event: 716.232 Thread 0x000001df3ba1d880 flushing  nmethod 0x000001df27661310
Event: 716.232 Thread 0x000001df3ba1d880 flushing  nmethod 0x000001df27664810
Event: 716.233 Thread 0x000001df3ba1d880 flushing  nmethod 0x000001df2766af10

Events (20 events):
Event: 388.542 Thread 0x000001df418077f0 Thread added: 0x000001df4482c0b0
Event: 497.302 Thread 0x000001df418077f0 Thread added: 0x000001df44829fe0
Event: 497.324 Thread 0x000001df418077f0 Thread added: 0x000001df4482d460
Event: 497.333 Thread 0x000001df418077f0 Thread added: 0x000001df4482daf0
Event: 497.334 Thread 0x000001df418077f0 Thread added: 0x000001df4482a670
Event: 497.335 Thread 0x000001df418077f0 Thread added: 0x000001df4482e810
Event: 497.347 Thread 0x000001df418077f0 Thread added: 0x000001df4482eea0
Event: 497.364 Thread 0x000001df418077f0 Thread added: 0x000001df4482f530
Event: 497.368 Thread 0x000001df418077f0 Thread added: 0x000001df4482fbc0
Event: 501.172 Thread 0x000001df418077f0 Thread added: 0x000001df44830250
Event: 501.189 Thread 0x000001df418077f0 Thread added: 0x000001df448308e0
Event: 501.226 Thread 0x000001df418077f0 Thread added: 0x000001df44830f70
Event: 501.290 Thread 0x000001df418077f0 Thread added: 0x000001df4482e180
Event: 501.291 Thread 0x000001df418077f0 Thread added: 0x000001df44831600
Event: 501.292 Thread 0x000001df418077f0 Thread added: 0x000001df41852e60
Event: 501.332 Thread 0x000001df418077f0 Thread added: 0x000001df437b5fd0
Event: 501.343 Thread 0x000001df418077f0 Thread added: 0x000001df437b6660
Event: 501.345 Thread 0x000001df418077f0 Thread added: 0x000001df437b3f00
Event: 629.629 Thread 0x000001df4482ad00 Thread exited: 0x000001df4482ad00
Event: 651.191 Thread 0x000001df41850070 Thread added: 0x000001df437b31e0


Dynamic libraries:
0x00007ff6e5c40000 - 0x00007ff6e5c4a000 	C:\Program Files\Android\Android Studio1\jbr\bin\java.exe
0x00007ffe0e5c0000 - 0x00007ffe0e825000 	C:\WINDOWS\SYSTEM32\ntdll.dll
0x00007ffe0d9a0000 - 0x00007ffe0da69000 	C:\WINDOWS\System32\KERNEL32.DLL
0x00007ffe0bbf0000 - 0x00007ffe0bfd8000 	C:\WINDOWS\System32\KERNELBASE.dll
0x00007ffe0b7d0000 - 0x00007ffe0b91b000 	C:\WINDOWS\System32\ucrtbase.dll
0x00007ffdf2030000 - 0x00007ffdf2048000 	C:\Program Files\Android\Android Studio1\jbr\bin\jli.dll
0x00007ffe0dd70000 - 0x00007ffe0df3a000 	C:\WINDOWS\System32\USER32.dll
0x00007ffe0bfe0000 - 0x00007ffe0c007000 	C:\WINDOWS\System32\win32u.dll
0x00007ffe0e440000 - 0x00007ffe0e46b000 	C:\WINDOWS\System32\GDI32.dll
0x00007ffe0c190000 - 0x00007ffe0c2c7000 	C:\WINDOWS\System32\gdi32full.dll
0x00007ffe0bb40000 - 0x00007ffe0bbe3000 	C:\WINDOWS\System32\msvcp_win.dll
0x00007ffdf0fb0000 - 0x00007ffdf124a000 	C:\WINDOWS\WinSxS\amd64_microsoft.windows.common-controls_6595b64144ccf1df_6.0.26100.4202_none_3e0698d4e335f517\COMCTL32.dll
0x00007ffe0c590000 - 0x00007ffe0c639000 	C:\WINDOWS\System32\msvcrt.dll
0x00007ffd9da60000 - 0x00007ffd9da7b000 	C:\Program Files\Android\Android Studio1\jbr\bin\VCRUNTIME140.dll
0x00007ffe0df40000 - 0x00007ffe0df70000 	C:\WINDOWS\System32\IMM32.DLL
0x00007ffd9dd30000 - 0x00007ffd9dd3c000 	C:\Program Files\Android\Android Studio1\jbr\bin\vcruntime140_1.dll
0x00007ffdf01b0000 - 0x00007ffdf023d000 	C:\Program Files\Android\Android Studio1\jbr\bin\msvcp140.dll
0x00007ffd9b9f0000 - 0x00007ffd9c67b000 	C:\Program Files\Android\Android Studio1\jbr\bin\server\jvm.dll
0x00007ffe0cb40000 - 0x00007ffe0cbf3000 	C:\WINDOWS\System32\ADVAPI32.dll
0x00007ffe0e390000 - 0x00007ffe0e436000 	C:\WINDOWS\System32\sechost.dll
0x00007ffe0da70000 - 0x00007ffe0db85000 	C:\WINDOWS\System32\RPCRT4.dll
0x00007ffe0df80000 - 0x00007ffe0dff4000 	C:\WINDOWS\System32\WS2_32.dll
0x00007ffe0b560000 - 0x00007ffe0b5be000 	C:\WINDOWS\SYSTEM32\POWRPROF.dll
0x00007ffe04d00000 - 0x00007ffe04d35000 	C:\WINDOWS\SYSTEM32\WINMM.dll
0x00007ffe04de0000 - 0x00007ffe04deb000 	C:\WINDOWS\SYSTEM32\VERSION.dll
0x00007ffe0b540000 - 0x00007ffe0b554000 	C:\WINDOWS\SYSTEM32\UMPDC.dll
0x00007ffe0a430000 - 0x00007ffe0a44b000 	C:\WINDOWS\SYSTEM32\kernel.appcore.dll
0x00007ffd9da50000 - 0x00007ffd9da5a000 	C:\Program Files\Android\Android Studio1\jbr\bin\jimage.dll
0x00007ffe00700000 - 0x00007ffe00941000 	C:\WINDOWS\SYSTEM32\DBGHELP.DLL
0x00007ffe0e000000 - 0x00007ffe0e385000 	C:\WINDOWS\System32\combase.dll
0x00007ffe0c460000 - 0x00007ffe0c541000 	C:\WINDOWS\System32\OLEAUT32.dll
0x00007ffdec8c0000 - 0x00007ffdec8f9000 	C:\WINDOWS\SYSTEM32\dbgcore.DLL
0x00007ffe0baa0000 - 0x00007ffe0bb39000 	C:\WINDOWS\System32\bcryptPrimitives.dll
0x00007ffe06620000 - 0x00007ffe0662e000 	C:\Program Files\Android\Android Studio1\jbr\bin\instrument.dll
0x00007ffd9d380000 - 0x00007ffd9d3a0000 	C:\Program Files\Android\Android Studio1\jbr\bin\java.dll
0x00007ffd9d2c0000 - 0x00007ffd9d2d8000 	C:\Program Files\Android\Android Studio1\jbr\bin\zip.dll
0x00007ffe0d250000 - 0x00007ffe0d992000 	C:\WINDOWS\System32\SHELL32.dll
0x00007ffe0b920000 - 0x00007ffe0ba94000 	C:\WINDOWS\System32\wintypes.dll
0x00007ffe09360000 - 0x00007ffe09bb8000 	C:\WINDOWS\SYSTEM32\windows.storage.dll
0x00007ffe0c360000 - 0x00007ffe0c451000 	C:\WINDOWS\System32\SHCORE.dll
0x00007ffe0cad0000 - 0x00007ffe0cb3a000 	C:\WINDOWS\System32\shlwapi.dll
0x00007ffe0b620000 - 0x00007ffe0b64f000 	C:\WINDOWS\SYSTEM32\profapi.dll
0x00007ffd9d2b0000 - 0x00007ffd9d2c0000 	C:\Program Files\Android\Android Studio1\jbr\bin\net.dll
0x00007ffe01fd0000 - 0x00007ffe020ee000 	C:\WINDOWS\SYSTEM32\WINHTTP.dll
0x00007ffe0aa40000 - 0x00007ffe0aaaa000 	C:\WINDOWS\system32\mswsock.dll
0x00007ffd9d290000 - 0x00007ffd9d2a6000 	C:\Program Files\Android\Android Studio1\jbr\bin\nio.dll
0x00007ffe06790000 - 0x00007ffe067a0000 	C:\Program Files\Android\Android Studio1\jbr\bin\verify.dll
0x00007ffdc3d20000 - 0x00007ffdc3d47000 	C:\Users\natas\.gradle\native\c067742578af261105cb4f569cf0c3c89f3d7b1fecec35dd04571415982c5e48\windows-amd64\native-platform.dll
0x00007ffdcfc00000 - 0x00007ffdcfd44000 	C:\Users\natas\.gradle\native\100fb08df4bc3b14c8652ba06237920a3bd2aa13389f12d3474272988ae205f9\windows-amd64\native-platform-file-events.dll
0x00007ffdc9d20000 - 0x00007ffdc9d29000 	C:\Program Files\Android\Android Studio1\jbr\bin\management.dll
0x00007ffdc9d10000 - 0x00007ffdc9d1b000 	C:\Program Files\Android\Android Studio1\jbr\bin\management_ext.dll
0x00007ffe0e570000 - 0x00007ffe0e578000 	C:\WINDOWS\System32\PSAPI.DLL
0x00007ffe0acf0000 - 0x00007ffe0ad0b000 	C:\WINDOWS\SYSTEM32\CRYPTSP.dll
0x00007ffe0a450000 - 0x00007ffe0a48a000 	C:\WINDOWS\system32\rsaenh.dll
0x00007ffe0aae0000 - 0x00007ffe0ab0b000 	C:\WINDOWS\SYSTEM32\USERENV.dll
0x00007ffe0b5f0000 - 0x00007ffe0b616000 	C:\WINDOWS\SYSTEM32\bcrypt.dll
0x00007ffe0ad10000 - 0x00007ffe0ad1c000 	C:\WINDOWS\SYSTEM32\CRYPTBASE.dll
0x00007ffe09ec0000 - 0x00007ffe09ef3000 	C:\WINDOWS\SYSTEM32\IPHLPAPI.DLL
0x00007ffe0dd40000 - 0x00007ffe0dd4a000 	C:\WINDOWS\System32\NSI.dll
0x00007ffdc9d50000 - 0x00007ffdc9d59000 	C:\Program Files\Android\Android Studio1\jbr\bin\extnet.dll
0x00007ffdcad70000 - 0x00007ffdcad78000 	C:\WINDOWS\system32\wshunix.dll

dbghelp: loaded successfully - version: 4.0.5 - missing functions: none
symbol engine: initialized successfully - sym options: 0x614 - pdb path: .;C:\Program Files\Android\Android Studio1\jbr\bin;C:\WINDOWS\SYSTEM32;C:\WINDOWS\WinSxS\amd64_microsoft.windows.common-controls_6595b64144ccf1df_6.0.26100.4202_none_3e0698d4e335f517;C:\Program Files\Android\Android Studio1\jbr\bin\server;C:\Users\natas\.gradle\native\c067742578af261105cb4f569cf0c3c89f3d7b1fecec35dd04571415982c5e48\windows-amd64;C:\Users\natas\.gradle\native\100fb08df4bc3b14c8652ba06237920a3bd2aa13389f12d3474272988ae205f9\windows-amd64

VM Arguments:
jvm_args: --add-opens=java.base/java.lang=ALL-UNNAMED --add-opens=java.base/java.lang.invoke=ALL-UNNAMED --add-opens=java.base/java.util=ALL-UNNAMED --add-opens=java.prefs/java.util.prefs=ALL-UNNAMED --add-exports=jdk.compiler/com.sun.tools.javac.api=ALL-UNNAMED --add-exports=jdk.compiler/com.sun.tools.javac.util=ALL-UNNAMED --add-opens=java.base/java.util=ALL-UNNAMED --add-opens=java.prefs/java.util.prefs=ALL-UNNAMED --add-opens=java.base/java.nio.charset=ALL-UNNAMED --add-opens=java.base/java.net=ALL-UNNAMED --add-opens=java.base/java.util.concurrent.atomic=ALL-UNNAMED --add-opens=java.xml/javax.xml.namespace=ALL-UNNAMED -Xmx2048m -Dfile.encoding=UTF-8 -Duser.country=GB -Duser.language=en -Duser.variant -javaagent:C:\Users\natas\.gradle\wrapper\dists\gradle-8.11.1-bin\bpt9gzteqjrbo1mjrsomdt32c\gradle-8.11.1\lib\agents\gradle-instrumentation-agent-8.11.1.jar 
java_command: org.gradle.launcher.daemon.bootstrap.GradleDaemon 8.11.1
java_class_path (initial): C:\Users\natas\.gradle\wrapper\dists\gradle-8.11.1-bin\bpt9gzteqjrbo1mjrsomdt32c\gradle-8.11.1\lib\gradle-daemon-main-8.11.1.jar
Launcher Type: SUN_STANDARD

[Global flags]
     intx CICompilerCount                          = 4                                         {product} {ergonomic}
     uint ConcGCThreads                            = 3                                         {product} {ergonomic}
     uint G1ConcRefinementThreads                  = 10                                        {product} {ergonomic}
   size_t G1HeapRegionSize                         = 1048576                                   {product} {ergonomic}
    uintx GCDrainStackTargetSize                   = 64                                        {product} {ergonomic}
   size_t InitialHeapSize                          = 123731968                                 {product} {ergonomic}
   size_t MarkStackSize                            = 4194304                                   {product} {ergonomic}
   size_t MaxHeapSize                              = 2147483648                                {product} {command line}
   size_t MaxNewSize                               = 1287651328                                {product} {ergonomic}
   size_t MinHeapDeltaBytes                        = 1048576                                   {product} {ergonomic}
   size_t MinHeapSize                              = 8388608                                   {product} {ergonomic}
    uintx NonNMethodCodeHeapSize                   = 5839372                                {pd product} {ergonomic}
    uintx NonProfiledCodeHeapSize                  = 122909434                              {pd product} {ergonomic}
    uintx ProfiledCodeHeapSize                     = 122909434                              {pd product} {ergonomic}
    uintx ReservedCodeCacheSize                    = 251658240                              {pd product} {ergonomic}
     bool SegmentedCodeCache                       = true                                      {product} {ergonomic}
   size_t SoftMaxHeapSize                          = 2147483648                             {manageable} {ergonomic}
     bool UseCompressedOops                        = true                           {product lp64_product} {ergonomic}
     bool UseG1GC                                  = true                                      {product} {ergonomic}
     bool UseLargePagesIndividualAllocation        = false                                  {pd product} {ergonomic}

Logging:
Log output configuration:
 #0: stdout all=warning uptime,level,tags foldmultilines=false
 #1: stderr all=off uptime,level,tags foldmultilines=false

Environment Variables:
JAVA_HOME=C:\Program Files\Java\jdk-20
PATH=C:\Program Files\Eclipse Adoptium\jdk-17.0.8.101-hotspot\bin;C:\Program Files\Common Files\Oracle\Java\javapath;C:\Program Files (x86)\VMware\VMware Workstation\bin\;C:\windows\system32;C:\windows;C:\windows\System32\Wbem;C:\windows\System32\WindowsPowerShell\v1.0\;C:\windows\System32\OpenSSH\;C:\Program Files\HP\HP One Agent;C:\Program Files\PuTTY\;C:\Program Files\Git\cmd;C:\Program Files\nodejs\;C:\WINDOWS\system32;C:\WINDOWS;C:\WINDOWS\System32\Wbem;C:\WINDOWS\System32\WindowsPowerShell\v1.0\;C:\WINDOWS\System32\OpenSSH\;C:\Program Files (x86)\Windows Kits\10\Windows Performance Toolkit\;C:\Users\natas\AppData\Local\Programs\Python\Python311\Scripts\;C:\Users\natas\AppData\Local\Programs\Python\Python311\;C:\Users\natas\AppData\Local\Microsoft\WindowsApps;C:\Users\natas\OneDrive\Desktop\PyCharm Community Edition 2023.1.1\bin;;C:\Program Files\Java\jdk-20\bin;C:\Users\natas\AppData\Local\Programs\Microsoft VS Code\bin;N:\xampp2\php;C:\Users\natas\AppData\Roaming\npm;C:\Program Files (x86)\Nmap;C:\Users\natas\AppData\Local\Programs\Swift\Runtimes\6.0.3\usr\bin\;C:\Users\natas\AppData\Local\Programs\Swift\Toolchains\6.0.3+Asserts\usr\bin\;C:\Users\natas\AppData\Local\Programs\Swift\Tools\6.0.3\;C:\Swift\bin\Swift for Windows.exe;;C:\Program Files\JetBrains\IntelliJ IDEA 2024.3.5\bin;
USERNAME=penzi
OS=Windows_NT
PROCESSOR_IDENTIFIER=AMD64 Family 25 Model 80 Stepping 0, AuthenticAMD
TMP=C:\Users\natas\AppData\Local\Temp
TEMP=C:\Users\natas\AppData\Local\Temp




Periodic native trim disabled

JNI global refs:
JNI global refs: 27, weak refs: 0

JNI global refs memory usage: 835, weak refs: 201

Process memory usage:
Resident Set Size: 20032K (0% of 7711748K total physical memory with 4340K free physical memory)

OOME stack traces (most recent first):
Classloader memory used:
Loader org.gradle.internal.classloader.VisitableURLClassLoader                         : 34466K
Loader bootstrap                                                                       : 22986K
Loader org.gradle.initialization.MixInLegacyTypesClassLoader                           : 7572K
Loader org.gradle.internal.classloader.VisitableURLClassLoader                         : 849K
Loader org.gradle.internal.classloader.VisitableURLClassLoader$InstrumentingVisitableURLClassLoader: 626K
Loader jdk.internal.loader.ClassLoaders$PlatformClassLoader                            : 504K
Loader jdk.internal.loader.ClassLoaders$AppClassLoader                                 : 234K
Loader jdk.internal.reflect.DelegatingClassLoader                                      : 187K
Loader org.gradle.groovy.scripts.internal.DefaultScriptCompilationHandler$ScriptClassLoader: 89568B
Loader org.codehaus.groovy.runtime.callsite.CallSiteClassLoader                        : 49592B

Classes loaded by more than one classloader:
Class org.gradle.api.GradleException                                                  : loaded 3 times (x 78B)
Class org.gradle.internal.classloader.FilteringClassLoader                            : loaded 2 times (x 101B)
Class org.gradle.internal.classloader.ClassLoaderHierarchy                            : loaded 2 times (x 66B)
Class org.gradle.api.internal.classpath.ManifestUtil                                  : loaded 2 times (x 67B)
Class org.jetbrains.plugins.gradle.model.GradleExtensions                             : loaded 2 times (x 66B)
Class org.jetbrains.plugins.gradle.model.AnnotationProcessingModel                    : loaded 2 times (x 66B)
Class org.gradle.internal.operations.MultipleBuildOperationFailures                   : loaded 2 times (x 91B)
Class org.jetbrains.kotlin.idea.gradleTooling.model.noarg.NoArgModel                  : loaded 2 times (x 66B)
Class org.gradle.internal.classloader.DefaultClassLoaderFactory                       : loaded 2 times (x 78B)
Class kotlin.collections.AbstractList$Companion                                       : loaded 2 times (x 67B)
Class org.gradle.internal.classloader.ClassLoaderVisitor                              : loaded 2 times (x 72B)
Class org.gradle.api.internal.classpath.EffectiveClassPath                            : loaded 2 times (x 86B)
Class org.gradle.tooling.internal.gradle.DefaultProjectIdentifier                     : loaded 2 times (x 82B)
Class org.jetbrains.kotlin.idea.gradleTooling.model.allopen.AllOpenModel              : loaded 2 times (x 66B)
Class org.gradle.api.internal.DefaultClassPathProvider                                : loaded 2 times (x 72B)
Class [Lorg.gradle.api.internal.ClassPathProvider;                                    : loaded 2 times (x 65B)
Class org.gradle.api.internal.ClassPathProvider                                       : loaded 2 times (x 66B)
Class org.gradle.internal.service.UnknownServiceException                             : loaded 2 times (x 79B)
Class org.jetbrains.kotlin.idea.gradleTooling.KotlinDslScriptAdditionalTask           : loaded 2 times (x 66B)
Class org.gradle.internal.classpath.TransformedClassPath                              : loaded 2 times (x 92B)
Class org.gradle.internal.classloader.InstrumentingClassLoader                        : loaded 2 times (x 66B)
Class kotlin.enums.EnumEntriesList                                                    : loaded 2 times (x 219B)
Class org.jetbrains.kotlin.idea.gradleTooling.KotlinSourceSetContainer                : loaded 2 times (x 66B)
Class org.jetbrains.plugins.gradle.model.IntelliJSettings                             : loaded 2 times (x 66B)
Class ijInit2_75ii1zzq7xcvcfnpzrcvcniuu                                               : loaded 2 times (x 175B)
Class org.gradle.internal.service.ServiceLocator                                      : loaded 2 times (x 66B)
Class org.jetbrains.kotlin.android.synthetic.idea.AndroidExtensionsGradleModel        : loaded 2 times (x 66B)
Class org.gradle.tooling.model.UnsupportedMethodException                             : loaded 2 times (x 78B)
Class org.gradle.internal.InternalTransformer                                         : loaded 2 times (x 66B)
Class org.gradle.internal.time.DefaultTimer                                           : loaded 2 times (x 76B)
Class org.gradle.internal.classloader.ClasspathUtil$1                                 : loaded 2 times (x 72B)
Class org.gradle.api.internal.classpath.DefaultModuleRegistry$DefaultModule           : loaded 2 times (x 82B)
Class org.jetbrains.kotlin.idea.gradleTooling.model.lombok.LombokModel                : loaded 2 times (x 66B)
Class org.gradle.internal.time.DefaultCountdownTimer                                  : loaded 2 times (x 84B)
Class org.gradle.tooling.internal.gradle.DefaultBuildIdentifier                       : loaded 2 times (x 75B)
Class kotlin.Function                                                                 : loaded 2 times (x 66B)
Class org.gradle.api.internal.classpath.Module                                        : loaded 2 times (x 66B)
Class org.gradle.api.internal.classpath.UnknownModuleException                        : loaded 2 times (x 78B)
Class com.intellij.openapi.externalSystem.model.project.dependencies.ProjectDependencies: loaded 2 times (x 66B)
Class org.gradle.tooling.internal.gradle.GradleProjectIdentity                        : loaded 2 times (x 66B)
Class org.gradle.api.internal.DefaultClassPathRegistry                                : loaded 2 times (x 72B)
Class org.gradle.api.internal.ClassPathRegistry                                       : loaded 2 times (x 66B)
Class org.gradle.internal.classpath.DefaultClassPath$ImmutableUniqueList              : loaded 2 times (x 195B)
Class Settings_gradle$1                                                               : loaded 2 times (x 70B)
Class Program                                                                         : loaded 2 times (x 68B)
Class org.gradle.internal.classpath.ClassPath                                         : loaded 2 times (x 66B)
Class org.gradle.api.UncheckedIOException                                             : loaded 2 times (x 78B)
Class org.jetbrains.kotlin.idea.gradleTooling.KotlinGradleModel                       : loaded 2 times (x 66B)
Class org.gradle.tooling.model.Model                                                  : loaded 2 times (x 66B)
Class kotlin.UninitializedPropertyAccessException                                     : loaded 2 times (x 78B)
Class org.jetbrains.kotlin.idea.gradleTooling.model.annotation.AnnotationBasedPluginModel: loaded 2 times (x 66B)
Class org.jetbrains.plugins.gradle.model.IntelliJProjectSettings                      : loaded 2 times (x 66B)
Class org.gradle.internal.installation.GradleInstallation$1                           : loaded 2 times (x 71B)
Class org.gradle.api.internal.classpath.ModuleRegistry                                : loaded 2 times (x 66B)
Class org.jetbrains.plugins.gradle.model.VersionCatalogsModel                         : loaded 2 times (x 66B)
Class org.gradle.api.internal.classpath.DefaultModuleRegistry                         : loaded 2 times (x 82B)
Class org.gradle.internal.time.MonotonicClock                                         : loaded 2 times (x 73B)
Class org.gradle.internal.service.ServiceLookupException                              : loaded 2 times (x 78B)
Class sync_studio_tooling22159_1igrcblizv9gnfn61o75hvmcf                              : loaded 2 times (x 175B)
Class org.gradle.internal.classloader.ClassLoaderFactory                              : loaded 2 times (x 66B)
Class org.gradle.internal.service.CachingServiceLocator                               : loaded 2 times (x 78B)
Class org.jetbrains.plugins.gradle.model.RepositoryModels                             : loaded 2 times (x 66B)
Class org.gradle.internal.time.TimeSource                                             : loaded 2 times (x 66B)
Class org.gradle.tooling.internal.gradle.GradleBuildIdentity                          : loaded 2 times (x 66B)
Class kotlin.enums.EnumEntries                                                        : loaded 2 times (x 66B)
Class org.gradle.internal.exceptions.ResolutionProvider                               : loaded 2 times (x 66B)
Class org.gradle.tooling.model.ProjectIdentifier                                      : loaded 2 times (x 66B)
Class org.gradle.internal.classloader.ClasspathUtil                                   : loaded 2 times (x 67B)
Class org.gradle.internal.time.TimeSource$1                                           : loaded 2 times (x 73B)
Class kotlin.jvm.internal.DefaultConstructorMarker                                    : loaded 2 times (x 67B)
Class org.gradle.api.specs.Spec                                                       : loaded 2 times (x 66B)
Class org.gradle.internal.time.Clock                                                  : loaded 2 times (x 66B)
Class kotlin.collections.AbstractList                                                 : loaded 2 times (x 193B)
Class kotlin.collections.AbstractCollection                                           : loaded 2 times (x 113B)
Class org.gradle.internal.classloader.VisitableURLClassLoader$InstrumentingVisitableURLClassLoader: loaded 2 times (x 119B)
Class org.gradle.internal.classloader.VisitableURLClassLoader$Spec                    : loaded 2 times (x 70B)
Class org.gradle.internal.classpath.DefaultClassPath                                  : loaded 2 times (x 86B)
Class org.gradle.internal.classloader.ClassLoaderSpec                                 : loaded 2 times (x 67B)
Class Settings_gradle$1$1                                                             : loaded 2 times (x 70B)
Class kotlin.Unit                                                                     : loaded 2 times (x 67B)
Class org.gradle.internal.classloader.VisitableURLClassLoader                         : loaded 2 times (x 113B)
Class Settings_gradle                                                                 : loaded 2 times (x 124B)
Class org.gradle.internal.Cast                                                        : loaded 2 times (x 67B)
Class org.gradle.api.Action                                                           : loaded 2 times (x 66B)
Class kotlin.jvm.functions.Function1                                                  : loaded 2 times (x 66B)
Class org.gradle.internal.classpath.DefaultClassPath$ImmutableUniqueList$Builder      : loaded 2 times (x 71B)
Class org.jetbrains.kotlin.idea.gradleTooling.model.samWithReceiver.SamWithReceiverModel: loaded 2 times (x 66B)
Class kotlin.NotImplementedError                                                      : loaded 2 times (x 78B)
Class org.gradle.internal.exceptions.NonGradleCauseExceptionsHolder                   : loaded 2 times (x 66B)
Class org.jetbrains.plugins.gradle.tooling.ModelBuilderService$Parameter              : loaded 2 times (x 66B)
Class org.jetbrains.kotlin.idea.gradleTooling.model.assignment.AssignmentModel        : loaded 2 times (x 66B)
Class kotlin.enums.EnumEntriesKt                                                      : loaded 2 times (x 67B)
Class org.gradle.internal.IoActions                                                   : loaded 2 times (x 67B)
Class org.gradle.internal.classloader.SystemClassLoaderSpec                           : loaded 2 times (x 67B)
Class org.gradle.internal.exceptions.MultiCauseException                              : loaded 2 times (x 66B)
Class org.gradle.internal.time.CountdownTimer                                         : loaded 2 times (x 66B)
Class kotlin.jvm.internal.Intrinsics                                                  : loaded 2 times (x 67B)
Class org.jetbrains.kotlin.idea.gradleTooling.model.parcelize.ParcelizeGradleModel    : loaded 2 times (x 66B)
Class org.gradle.tooling.model.ProjectModel                                           : loaded 2 times (x 66B)
Class kotlin.KotlinNullPointerException                                               : loaded 2 times (x 79B)
Class org.jetbrains.plugins.gradle.model.tests.ExternalTestsModel                     : loaded 2 times (x 66B)
Class org.gradle.internal.exceptions.DefaultMultiCauseException                       : loaded 2 times (x 91B)
Class org.gradle.internal.time.Time                                                   : loaded 2 times (x 67B)
Class org.jetbrains.plugins.gradle.model.DependencyAccessorsModel                     : loaded 2 times (x 66B)
Class org.gradle.api.internal.classpath.GlobalCacheRootsProvider                      : loaded 2 times (x 66B)
Class org.jetbrains.kotlin.idea.gradleTooling.KotlinMPPGradleModel                    : loaded 2 times (x 66B)
Class org.gradle.tooling.model.BuildIdentifier                                        : loaded 2 times (x 66B)
Class org.jetbrains.kotlin.idea.gradleTooling.PrepareKotlinIdeImportTaskModel         : loaded 2 times (x 66B)
Class org.gradle.internal.time.Timer                                                  : loaded 2 times (x 66B)
Class kotlin.jvm.internal.markers.KMappedMarker                                       : loaded 2 times (x 66B)
Class org.gradle.internal.installation.CurrentGradleInstallationLocator               : loaded 2 times (x 67B)
Class org.gradle.internal.service.DefaultServiceLocator                               : loaded 2 times (x 79B)
Class org.gradle.util.GradleVersion                                                   : loaded 2 times (x 79B)
Class org.gradle.internal.installation.CurrentGradleInstallation                      : loaded 2 times (x 69B)
Class org.jetbrains.plugins.gradle.javaModel.JavaGradleManifestModel                  : loaded 2 times (x 66B)
Class org.gradle.util.internal.GUtil                                                  : loaded 2 times (x 67B)
Class org.gradle.internal.installation.GradleInstallation                             : loaded 2 times (x 71B)

---------------  S Y S T E M  ---------------

OS:
 Windows 11 , 64 bit Build 26100 (10.0.26100.4202)
OS uptime: 4 days 1:57 hours
Hyper-V role detected

CPU: total 12 (initial active 12) (12 cores per cpu, 2 threads per core) family 25 model 80 stepping 0 microcode 0xa50000f, cx8, cmov, fxsr, ht, mmx, 3dnowpref, sse, sse2, sse3, ssse3, sse4a, sse4.1, sse4.2, popcnt, lzcnt, tsc, tscinvbit, avx, avx2, aes, erms, clmul, bmi1, bmi2, adx, sha, fma, vzeroupper, clflush, clflushopt, hv, rdtscp, rdpid, fsrm, f16c, cet_ss
Processor Information for the first 12 processors :
  Max Mhz: 2301, Current Mhz: 1851, Mhz Limit: 2301

Memory: 4k page, system-wide physical 7531M (0M free)
TotalPageFile size 31083M (AvailPageFile size 5M)
current process WorkingSet (physical memory assigned to process): 18M, peak: 127M
current process commit charge ("private bytes"): 369M, peak: 385M

vm_info: OpenJDK 64-Bit Server VM (21.0.6+-13368085-b895.109) for windows-amd64 JRE (21.0.6+-13368085-b895.109), built on 2025-04-16T17:01:31Z by "builder" with MS VC++ 16.10 / 16.11 (VS2019)

END.
